To honour the JVM settings for this build a single-use Daemon process will be forked. For more on this, please refer to https://docs.gradle.org/9.8.0/userguide/gradle_daemon.html#sec:disabling_the_daemon in the Gradle documentation.
Daemon will be stopped at the end of the build 
> Task :build-logic:convention:checkKotlinGradlePluginConfigurationErrors SKIPPED
> Task :build-logic:convention:generateExternalPluginSpecBuilders UP-TO-DATE
> Task :build-logic:convention:extractPrecompiledScriptPluginPlugins UP-TO-DATE
> Task :build-logic:convention:compilePluginsBlocks UP-TO-DATE
> Task :build-logic:convention:generatePrecompiledScriptPluginAccessors UP-TO-DATE
> Task :build-logic:convention:generateScriptPluginAdapters UP-TO-DATE
> Task :build-logic:convention:compileKotlin UP-TO-DATE
> Task :build-logic:convention:compileJava NO-SOURCE
> Task :build-logic:convention:pluginDescriptors UP-TO-DATE
> Task :build-logic:convention:processResources UP-TO-DATE
> Task :build-logic:convention:classes UP-TO-DATE
> Task :build-logic:convention:jar UP-TO-DATE
> Task :core:control:checkKotlinGradlePluginConfigurationErrors SKIPPED
> Task :core:pure:checkKotlinGradlePluginConfigurationErrors SKIPPED
> Task :app:preBuild UP-TO-DATE
> Task :app:preDebugBuild UP-TO-DATE
> Task :core:boundary:checkKotlinGradlePluginConfigurationErrors SKIPPED
> Task :core:boundary:processResources NO-SOURCE
> Task :core:audio:preBuild UP-TO-DATE
> Task :core:audio:preDebugBuild UP-TO-DATE
> Task :app:generateDebugResources UP-TO-DATE
> Task :core:control:processResources NO-SOURCE
> Task :core:camera:preBuild UP-TO-DATE
> Task :core:camera:preDebugBuild UP-TO-DATE
> Task :core:audio:processDebugNavigationResources UP-TO-DATE
> Task :core:data:preBuild UP-TO-DATE
> Task :core:data:preDebugBuild UP-TO-DATE
> Task :core:data:processDebugNavigationResources UP-TO-DATE
> Task :core:designsystem:preBuild UP-TO-DATE
> Task :core:camera:processDebugNavigationResources UP-TO-DATE
> Task :core:processing:preBuild UP-TO-DATE
> Task :core:processing:preDebugBuild UP-TO-DATE
> Task :core:designsystem:preDebugBuild UP-TO-DATE
> Task :core:processing:processDebugNavigationResources UP-TO-DATE
> Task :core:sensors:preBuild UP-TO-DATE
> Task :core:sensors:preDebugBuild UP-TO-DATE
> Task :core:designsystem:processDebugNavigationResources UP-TO-DATE
> Task :app:packageDebugResources UP-TO-DATE
> Task :feature:camera:preBuild UP-TO-DATE
> Task :feature:camera:preDebugBuild UP-TO-DATE
> Task :feature:gallery:preBuild UP-TO-DATE
> Task :feature:gallery:preDebugBuild UP-TO-DATE
> Task :core:sensors:processDebugNavigationResources UP-TO-DATE
> Task :feature:settings:preBuild UP-TO-DATE
> Task :feature:settings:preDebugBuild UP-TO-DATE
> Task :feature:gallery:processDebugNavigationResources UP-TO-DATE
> Task :feature:camera:processDebugNavigationResources UP-TO-DATE
> Task :core:camera:generateDebugResources UP-TO-DATE
> Task :core:audio:generateDebugResources UP-TO-DATE
> Task :feature:settings:processDebugNavigationResources UP-TO-DATE
> Task :core:camera:packageDebugResources UP-TO-DATE
> Task :core:audio:packageDebugResources UP-TO-DATE
> Task :core:camera:parseDebugLocalResources UP-TO-DATE
> Task :core:audio:parseDebugLocalResources UP-TO-DATE
> Task :core:camera:generateDebugRFile UP-TO-DATE
> Task :core:audio:generateDebugRFile UP-TO-DATE
> Task :core:entity:checkKotlinGradlePluginConfigurationErrors SKIPPED
> Task :core:entity:processResources NO-SOURCE
> Task :core:pure:compileKotlin UP-TO-DATE
> Task :core:pure:compileJava NO-SOURCE
> Task :core:pure:processResources NO-SOURCE
> Task :core:pure:classes UP-TO-DATE
> Task :core:pure:jar UP-TO-DATE
> Task :core:camera:javaPreCompileDebug UP-TO-DATE
> Task :core:audio:javaPreCompileDebug UP-TO-DATE
> Task :core:data:generateDebugResources UP-TO-DATE
> Task :core:data:packageDebugResources UP-TO-DATE
> Task :core:data:parseDebugLocalResources UP-TO-DATE
> Task :core:data:generateDebugRFile UP-TO-DATE
> Task :core:entity:compileKotlin UP-TO-DATE
> Task :core:entity:compileJava NO-SOURCE
> Task :core:entity:classes UP-TO-DATE
> Task :core:entity:jar UP-TO-DATE
> Task :core:boundary:compileKotlin UP-TO-DATE
> Task :core:designsystem:generateDebugResources UP-TO-DATE
> Task :core:boundary:compileJava NO-SOURCE
> Task :core:boundary:classes UP-TO-DATE
> Task :core:boundary:jar UP-TO-DATE
> Task :core:designsystem:packageDebugResources UP-TO-DATE
> Task :core:data:javaPreCompileDebug UP-TO-DATE
> Task :core:control:compileKotlin UP-TO-DATE
> Task :core:control:compileJava NO-SOURCE
> Task :core:control:classes UP-TO-DATE
> Task :core:control:jar UP-TO-DATE
> Task :core:audio:kspDebugKotlin UP-TO-DATE
> Task :core:data:kspDebugKotlin UP-TO-DATE
> Task :core:camera:kspDebugKotlin UP-TO-DATE
> Task :core:audio:compileDebugKotlin UP-TO-DATE
> Task :core:data:compileDebugKotlin UP-TO-DATE
> Task :core:camera:compileDebugKotlin UP-TO-DATE
> Task :core:audio:compileDebugJavaWithJavac UP-TO-DATE
> Task :core:data:compileDebugJavaWithJavac UP-TO-DATE
> Task :core:camera:compileDebugJavaWithJavac UP-TO-DATE
> Task :core:audio:transformDebugClassesWithAsm UP-TO-DATE
> Task :core:data:transformDebugClassesWithAsm UP-TO-DATE
> Task :core:data:bundleLibCompileToJarDebug UP-TO-DATE
> Task :core:audio:bundleLibCompileToJarDebug UP-TO-DATE
> Task :core:processing:generateDebugResources UP-TO-DATE
> Task :core:designsystem:parseDebugLocalResources UP-TO-DATE
> Task :core:designsystem:generateDebugRFile UP-TO-DATE
> Task :core:processing:packageDebugResources UP-TO-DATE
> Task :core:processing:parseDebugLocalResources UP-TO-DATE
> Task :core:processing:generateDebugRFile UP-TO-DATE
> Task :core:camera:transformDebugClassesWithAsm UP-TO-DATE
> Task :core:camera:bundleLibCompileToJarDebug UP-TO-DATE
> Task :core:sensors:generateDebugResources UP-TO-DATE
> Task :core:sensors:packageDebugResources UP-TO-DATE
> Task :core:sensors:parseDebugLocalResources UP-TO-DATE
> Task :core:sensors:generateDebugRFile UP-TO-DATE
> Task :core:sensors:kspDebugKotlin UP-TO-DATE
> Task :core:processing:kspDebugKotlin UP-TO-DATE
> Task :core:sensors:compileDebugKotlin UP-TO-DATE
> Task :core:sensors:javaPreCompileDebug UP-TO-DATE
> Task :app:processDebugNavigationResources UP-TO-DATE
> Task :app:parseDebugLocalResources UP-TO-DATE
> Task :app:generateDebugRFile UP-TO-DATE
> Task :feature:camera:generateDebugResources UP-TO-DATE
> Task :core:sensors:compileDebugJavaWithJavac UP-TO-DATE
> Task :feature:camera:packageDebugResources UP-TO-DATE
> Task :core:designsystem:compileDebugKotlin UP-TO-DATE
> Task :feature:camera:parseDebugLocalResources UP-TO-DATE
> Task :core:processing:compileDebugKotlin UP-TO-DATE
> Task :core:designsystem:javaPreCompileDebug UP-TO-DATE
> Task :core:designsystem:compileDebugJavaWithJavac NO-SOURCE
> Task :feature:camera:generateDebugRFile UP-TO-DATE
> Task :core:designsystem:bundleLibCompileToJarDebug UP-TO-DATE
> Task :core:processing:javaPreCompileDebug UP-TO-DATE
> Task :core:sensors:transformDebugClassesWithAsm UP-TO-DATE
> Task :core:designsystem:bundleLibRuntimeToJarDebug UP-TO-DATE
> Task :feature:gallery:generateDebugResources UP-TO-DATE
> Task :feature:camera:javaPreCompileDebug UP-TO-DATE
> Task :core:sensors:bundleLibCompileToJarDebug UP-TO-DATE
> Task :feature:settings:generateDebugResources UP-TO-DATE
> Task :feature:gallery:packageDebugResources UP-TO-DATE
> Task :core:processing:compileDebugJavaWithJavac UP-TO-DATE
> Task :feature:settings:packageDebugResources UP-TO-DATE
> Task :feature:gallery:parseDebugLocalResources UP-TO-DATE
> Task :feature:settings:parseDebugLocalResources UP-TO-DATE
> Task :feature:gallery:generateDebugRFile UP-TO-DATE
> Task :feature:settings:generateDebugRFile UP-TO-DATE
> Task :core:processing:transformDebugClassesWithAsm UP-TO-DATE
> Task :core:processing:bundleLibCompileToJarDebug UP-TO-DATE
> Task :app:javaPreCompileDebug UP-TO-DATE
> Task :app:generateDebugAssets UP-TO-DATE
> Task :core:audio:generateDebugAssets UP-TO-DATE
> Task :core:audio:mergeDebugAssets UP-TO-DATE
> Task :core:camera:generateDebugAssets UP-TO-DATE
> Task :core:camera:mergeDebugAssets UP-TO-DATE
> Task :core:data:generateDebugAssets UP-TO-DATE
> Task :core:data:mergeDebugAssets UP-TO-DATE
> Task :core:designsystem:generateDebugAssets UP-TO-DATE
> Task :core:designsystem:mergeDebugAssets UP-TO-DATE
> Task :core:processing:generateDebugAssets UP-TO-DATE
> Task :core:processing:mergeDebugAssets UP-TO-DATE
> Task :core:sensors:generateDebugAssets UP-TO-DATE
> Task :core:sensors:mergeDebugAssets UP-TO-DATE
> Task :app:generateDebugGlobalSynthetics UP-TO-DATE
> Task :core:audio:processDebugJavaRes UP-TO-DATE
> Task :feature:gallery:kspDebugKotlin UP-TO-DATE
> Task :core:camera:processDebugJavaRes UP-TO-DATE
> Task :feature:camera:kspDebugKotlin UP-TO-DATE
> Task :feature:settings:kspDebugKotlin UP-TO-DATE
> Task :core:data:processDebugJavaRes UP-TO-DATE
> Task :core:designsystem:processDebugJavaRes UP-TO-DATE
> Task :core:processing:processDebugJavaRes UP-TO-DATE
> Task :core:sensors:processDebugJavaRes UP-TO-DATE
> Task :feature:gallery:compileDebugKotlin UP-TO-DATE
> Task :feature:camera:compileDebugKotlin UP-TO-DATE
> Task :feature:settings:compileDebugKotlin UP-TO-DATE
> Task :feature:settings:javaPreCompileDebug UP-TO-DATE
> Task :feature:gallery:javaPreCompileDebug UP-TO-DATE
> Task :feature:camera:compileDebugJavaWithJavac UP-TO-DATE
> Task :feature:gallery:compileDebugJavaWithJavac UP-TO-DATE
> Task :feature:settings:compileDebugJavaWithJavac UP-TO-DATE
> Task :feature:settings:transformDebugClassesWithAsm UP-TO-DATE
> Task :feature:gallery:transformDebugClassesWithAsm UP-TO-DATE
> Task :feature:camera:transformDebugClassesWithAsm UP-TO-DATE
> Task :feature:gallery:bundleLibCompileToJarDebug UP-TO-DATE
> Task :feature:settings:bundleLibCompileToJarDebug UP-TO-DATE
> Task :feature:settings:generateDebugAssets UP-TO-DATE
> Task :feature:gallery:generateDebugAssets UP-TO-DATE
> Task :feature:camera:bundleLibCompileToJarDebug UP-TO-DATE
> Task :feature:camera:generateDebugAssets UP-TO-DATE
> Task :feature:gallery:mergeDebugAssets UP-TO-DATE
> Task :feature:settings:mergeDebugAssets UP-TO-DATE
> Task :feature:camera:mergeDebugAssets UP-TO-DATE
> Task :feature:gallery:processDebugJavaRes UP-TO-DATE
> Task :feature:settings:processDebugJavaRes UP-TO-DATE
> Task :feature:camera:processDebugJavaRes UP-TO-DATE
> Task :feature:gallery:bundleLibRuntimeToDirDebug UP-TO-DATE
> Task :feature:settings:bundleLibRuntimeToDirDebug UP-TO-DATE
> Task :feature:camera:bundleLibRuntimeToDirDebug UP-TO-DATE
> Task :core:designsystem:bundleLibRuntimeToDirDebug UP-TO-DATE
> Task :core:audio:bundleLibRuntimeToDirDebug UP-TO-DATE
> Task :core:camera:bundleLibRuntimeToDirDebug UP-TO-DATE
> Task :core:data:bundleLibRuntimeToDirDebug UP-TO-DATE
> Task :app:checkDebugDuplicateClasses UP-TO-DATE
> Task :core:sensors:bundleLibRuntimeToDirDebug UP-TO-DATE
> Task :core:processing:bundleLibRuntimeToDirDebug UP-TO-DATE
> Task :feature:gallery:bundleLibRuntimeToJarDebug UP-TO-DATE
> Task :feature:settings:bundleLibRuntimeToJarDebug UP-TO-DATE
> Task :feature:camera:bundleLibRuntimeToJarDebug UP-TO-DATE
> Task :core:audio:bundleLibRuntimeToJarDebug UP-TO-DATE
> Task :core:data:bundleLibRuntimeToJarDebug UP-TO-DATE
> Task :core:camera:bundleLibRuntimeToJarDebug UP-TO-DATE
> Task :core:processing:bundleLibRuntimeToJarDebug UP-TO-DATE
> Task :core:sensors:bundleLibRuntimeToJarDebug UP-TO-DATE
> Task :core:camera:writeDebugAarMetadata UP-TO-DATE
> Task :core:data:writeDebugAarMetadata UP-TO-DATE
> Task :core:designsystem:writeDebugAarMetadata UP-TO-DATE
> Task :core:audio:writeDebugAarMetadata UP-TO-DATE
> Task :core:processing:writeDebugAarMetadata UP-TO-DATE
> Task :core:sensors:writeDebugAarMetadata UP-TO-DATE
> Task :feature:gallery:writeDebugAarMetadata UP-TO-DATE
> Task :feature:camera:writeDebugAarMetadata UP-TO-DATE
> Task :feature:settings:writeDebugAarMetadata UP-TO-DATE
> Task :core:audio:extractDeepLinksDebug UP-TO-DATE
> Task :core:camera:extractDeepLinksDebug UP-TO-DATE
> Task :core:data:extractDeepLinksDebug UP-TO-DATE
> Task :core:audio:processDebugManifest UP-TO-DATE
> Task :core:data:processDebugManifest UP-TO-DATE
> Task :core:camera:processDebugManifest UP-TO-DATE
> Task :core:sensors:extractDeepLinksDebug UP-TO-DATE
> Task :core:designsystem:extractDeepLinksDebug UP-TO-DATE
> Task :core:processing:extractDeepLinksDebug UP-TO-DATE
> Task :core:designsystem:processDebugManifest UP-TO-DATE
> Task :core:sensors:processDebugManifest UP-TO-DATE
> Task :core:processing:processDebugManifest UP-TO-DATE
> Task :feature:gallery:extractDeepLinksDebug UP-TO-DATE
> Task :app:kspDebugKotlin UP-TO-DATE
> Task :feature:settings:extractDeepLinksDebug UP-TO-DATE
> Task :feature:camera:extractDeepLinksDebug UP-TO-DATE
> Task :feature:settings:processDebugManifest UP-TO-DATE
> Task :feature:gallery:processDebugManifest UP-TO-DATE
> Task :feature:camera:processDebugManifest UP-TO-DATE
> Task :core:audio:mapDebugSourceSetPaths UP-TO-DATE
> Task :core:camera:mapDebugSourceSetPaths UP-TO-DATE
> Task :core:data:mapDebugSourceSetPaths UP-TO-DATE
> Task :core:audio:compileDebugLibraryResources UP-TO-DATE
> Task :core:data:compileDebugLibraryResources UP-TO-DATE
> Task :core:camera:compileDebugLibraryResources UP-TO-DATE
> Task :core:designsystem:mapDebugSourceSetPaths UP-TO-DATE
> Task :core:processing:mapDebugSourceSetPaths UP-TO-DATE
> Task :core:sensors:mapDebugSourceSetPaths UP-TO-DATE
> Task :core:designsystem:compileDebugLibraryResources UP-TO-DATE
> Task :core:processing:compileDebugLibraryResources UP-TO-DATE
> Task :core:sensors:compileDebugLibraryResources UP-TO-DATE
> Task :feature:camera:mapDebugSourceSetPaths UP-TO-DATE
> Task :feature:gallery:mapDebugSourceSetPaths UP-TO-DATE
> Task :feature:settings:mapDebugSourceSetPaths UP-TO-DATE
> Task :feature:settings:compileDebugLibraryResources UP-TO-DATE
> Task :feature:gallery:compileDebugLibraryResources UP-TO-DATE
> Task :feature:camera:compileDebugLibraryResources UP-TO-DATE
> Task :core:audio:mergeDebugJniLibFolders UP-TO-DATE
> Task :core:audio:mergeDebugNativeLibs NO-SOURCE
> Task :core:camera:mergeDebugJniLibFolders UP-TO-DATE
> Task :core:data:mergeDebugJniLibFolders UP-TO-DATE
> Task :core:audio:copyDebugJniLibsProjectOnly UP-TO-DATE
> Task :core:camera:mergeDebugNativeLibs NO-SOURCE
> Task :core:data:mergeDebugNativeLibs NO-SOURCE
> Task :core:designsystem:mergeDebugJniLibFolders UP-TO-DATE
> Task :core:designsystem:mergeDebugNativeLibs NO-SOURCE
> Task :core:camera:copyDebugJniLibsProjectOnly UP-TO-DATE
> Task :core:data:copyDebugJniLibsProjectOnly UP-TO-DATE
> Task :core:designsystem:copyDebugJniLibsProjectOnly UP-TO-DATE
> Task :feature:camera:mergeDebugJniLibFolders UP-TO-DATE
> Task :core:sensors:mergeDebugJniLibFolders UP-TO-DATE
> Task :core:processing:mergeDebugJniLibFolders UP-TO-DATE
> Task :feature:camera:mergeDebugNativeLibs NO-SOURCE
> Task :core:sensors:mergeDebugNativeLibs NO-SOURCE
> Task :core:processing:mergeDebugNativeLibs NO-SOURCE
> Task :feature:camera:copyDebugJniLibsProjectOnly UP-TO-DATE
> Task :core:sensors:copyDebugJniLibsProjectOnly UP-TO-DATE
> Task :core:processing:copyDebugJniLibsProjectOnly UP-TO-DATE
> Task :feature:settings:mergeDebugJniLibFolders UP-TO-DATE
> Task :feature:gallery:mergeDebugJniLibFolders UP-TO-DATE
> Task :feature:settings:mergeDebugNativeLibs NO-SOURCE
> Task :feature:gallery:mergeDebugNativeLibs NO-SOURCE
> Task :feature:gallery:copyDebugJniLibsProjectOnly UP-TO-DATE
> Task :core:audio:preDebugAndroidTestBuild UP-TO-DATE
> Task :feature:settings:copyDebugJniLibsProjectOnly UP-TO-DATE
> Task :app:compileDebugKotlin UP-TO-DATE
> Task :core:camera:preDebugAndroidTestBuild UP-TO-DATE
> Task :core:audio:generateDebugAndroidTestResources UP-TO-DATE
> Task :core:camera:generateDebugAndroidTestResources UP-TO-DATE
> Task :core:audio:packageDebugAndroidTestResources UP-TO-DATE
> Task :core:camera:packageDebugAndroidTestResources UP-TO-DATE
> Task :core:audio:processDebugAndroidTestNavigationResources UP-TO-DATE
> Task :core:camera:processDebugAndroidTestNavigationResources UP-TO-DATE
> Task :core:camera:parseDebugAndroidTestLocalResources UP-TO-DATE
> Task :core:audio:parseDebugAndroidTestLocalResources UP-TO-DATE
> Task :app:compileDebugJavaWithJavac UP-TO-DATE
> Task :core:audio:generateDebugAndroidTestRFile UP-TO-DATE
> Task :core:camera:generateDebugAndroidTestRFile UP-TO-DATE
> Task :core:audio:javaPreCompileDebugAndroidTest UP-TO-DATE
> Task :core:camera:javaPreCompileDebugAndroidTest UP-TO-DATE
> Task :core:camera:generateDebugAndroidTestAssets UP-TO-DATE
> Task :core:audio:generateDebugAndroidTestAssets UP-TO-DATE
> Task :core:boundary:compileTestFixturesKotlin UP-TO-DATE
> Task :core:boundary:compileTestFixturesJava NO-SOURCE
> Task :core:boundary:processTestFixturesResources NO-SOURCE
> Task :core:boundary:testFixturesClasses UP-TO-DATE
> Task :core:boundary:testFixturesJar UP-TO-DATE
> Task :core:data:preDebugAndroidTestBuild UP-TO-DATE
> Task :core:data:generateDebugAndroidTestResources UP-TO-DATE
> Task :core:data:packageDebugAndroidTestResources UP-TO-DATE
> Task :core:data:processDebugAndroidTestNavigationResources UP-TO-DATE
> Task :core:data:parseDebugAndroidTestLocalResources UP-TO-DATE
> Task :core:data:generateDebugAndroidTestRFile UP-TO-DATE
> Task :core:audio:mergeDebugAndroidTestAssets UP-TO-DATE
> Task :core:camera:mergeDebugAndroidTestAssets UP-TO-DATE
> Task :app:mergeDebugAssets UP-TO-DATE
> Task :app:compressDebugAssets UP-TO-DATE
> Task :app:processDebugJavaRes UP-TO-DATE
> Task :core:data:kspDebugAndroidTestKotlin UP-TO-DATE
> Task :core:audio:kspDebugAndroidTestKotlin UP-TO-DATE
> Task :core:camera:kspDebugAndroidTestKotlin UP-TO-DATE
> Task :core:data:compileDebugAndroidTestKotlin UP-TO-DATE
> Task :core:data:javaPreCompileDebugAndroidTest UP-TO-DATE
> Task :core:audio:compileDebugAndroidTestKotlin UP-TO-DATE
> Task :core:audio:compileDebugAndroidTestJavaWithJavac NO-SOURCE
> Task :core:data:compileDebugAndroidTestJavaWithJavac NO-SOURCE
> Task :core:data:generateDebugAndroidTestAssets UP-TO-DATE
> Task :core:audio:compressDebugAndroidTestAssets UP-TO-DATE
> Task :core:audio:generateDebugAndroidTestGlobalSynthetics UP-TO-DATE
> Task :core:audio:processDebugAndroidTestJavaRes UP-TO-DATE
> Task :core:camera:compileDebugAndroidTestKotlin UP-TO-DATE
> Task :core:camera:compileDebugAndroidTestJavaWithJavac NO-SOURCE
> Task :core:camera:compressDebugAndroidTestAssets UP-TO-DATE
> Task :core:camera:generateDebugAndroidTestGlobalSynthetics UP-TO-DATE
> Task :core:camera:processDebugAndroidTestJavaRes UP-TO-DATE
> Task :core:data:mergeDebugAndroidTestAssets UP-TO-DATE
> Task :core:data:compressDebugAndroidTestAssets UP-TO-DATE
> Task :core:data:generateDebugAndroidTestGlobalSynthetics UP-TO-DATE
> Task :core:data:processDebugAndroidTestJavaRes UP-TO-DATE
> Task :app:mergeDebugJavaResource UP-TO-DATE
> Task :core:camera:mergeDebugAndroidTestJavaResource UP-TO-DATE
> Task :core:audio:mergeDebugAndroidTestJavaResource UP-TO-DATE
> Task :app:desugarDebugFileDependencies UP-TO-DATE
> Task :core:data:mergeDebugAndroidTestJavaResource UP-TO-DATE
> Task :core:audio:checkDebugAndroidTestDuplicateClasses UP-TO-DATE
> Task :core:camera:checkDebugAndroidTestDuplicateClasses UP-TO-DATE
> Task :core:data:checkDebugAndroidTestDuplicateClasses UP-TO-DATE
> Task :core:camera:desugarDebugAndroidTestFileDependencies UP-TO-DATE
> Task :core:audio:desugarDebugAndroidTestFileDependencies UP-TO-DATE
> Task :core:data:desugarDebugAndroidTestFileDependencies UP-TO-DATE
> Task :core:audio:mergeExtDexDebugAndroidTest UP-TO-DATE
> Task :core:data:mergeExtDexDebugAndroidTest UP-TO-DATE
> Task :core:audio:mergeLibDexDebugAndroidTest UP-TO-DATE
> Task :core:audio:hiltCollectClassesDebugAndroidTest UP-TO-DATE
> Task :core:data:mergeLibDexDebugAndroidTest UP-TO-DATE
> Task :core:data:hiltCollectClassesDebugAndroidTest UP-TO-DATE
> Task :core:camera:mergeExtDexDebugAndroidTest UP-TO-DATE
> Task :core:camera:mergeLibDexDebugAndroidTest UP-TO-DATE
> Task :core:camera:hiltCollectClassesDebugAndroidTest UP-TO-DATE
> Task :app:mergeExtDexDebug UP-TO-DATE
> Task :app:mergeLibDexDebug UP-TO-DATE
> Task :app:hiltCollectClassesDebug UP-TO-DATE
> Task :core:data:hiltAggregateDepsDebugAndroidTest UP-TO-DATE
> Task :core:data:hiltJavaCompileDebugAndroidTest NO-SOURCE
> Task :core:camera:hiltAggregateDepsDebugAndroidTest UP-TO-DATE
> Task :core:audio:hiltAggregateDepsDebugAndroidTest UP-TO-DATE
> Task :core:camera:hiltJavaCompileDebugAndroidTest NO-SOURCE
> Task :core:audio:hiltJavaCompileDebugAndroidTest NO-SOURCE
> Task :core:audio:checkDebugAndroidTestAarMetadata UP-TO-DATE
> Task :core:audio:mapDebugAndroidTestSourceSetPaths UP-TO-DATE
> Task :core:audio:compileDebugAndroidTestNavigationResources UP-TO-DATE
> Task :core:data:checkDebugAndroidTestAarMetadata UP-TO-DATE
> Task :core:data:mapDebugAndroidTestSourceSetPaths UP-TO-DATE
> Task :core:data:compileDebugAndroidTestNavigationResources UP-TO-DATE
> Task :app:hiltAggregateDepsDebug UP-TO-DATE
> Task :core:camera:checkDebugAndroidTestAarMetadata UP-TO-DATE
> Task :core:camera:mapDebugAndroidTestSourceSetPaths UP-TO-DATE
> Task :core:camera:compileDebugAndroidTestNavigationResources UP-TO-DATE
> Task :app:hiltJavaCompileDebug UP-TO-DATE
> Task :core:audio:mergeDebugAndroidTestResources UP-TO-DATE
> Task :core:data:mergeDebugAndroidTestResources UP-TO-DATE
> Task :app:checkDebugAarMetadata UP-TO-DATE
> Task :app:mapDebugSourceSetPaths UP-TO-DATE
> Task :app:compileDebugNavigationResources UP-TO-DATE
> Task :core:camera:mergeDebugAndroidTestResources UP-TO-DATE
> Task :core:data:mergeDebugAndroidTestManifest UP-TO-DATE
> Task :core:audio:mergeDebugAndroidTestManifest UP-TO-DATE
> Task :core:audio:processDebugAndroidTestManifest UP-TO-DATE
> Task :core:data:processDebugAndroidTestManifest UP-TO-DATE
> Task :core:camera:mergeDebugAndroidTestManifest UP-TO-DATE
> Task :core:camera:processDebugAndroidTestManifest UP-TO-DATE
> Task :app:mergeDebugResources UP-TO-DATE
> Task :core:camera:mergeDebugAndroidTestJniLibFolders UP-TO-DATE
> Task :app:createDebugCompatibleScreenManifests UP-TO-DATE
> Task :app:extractDeepLinksDebug UP-TO-DATE
> Task :core:audio:processDebugAndroidTestResources UP-TO-DATE
> Task :core:data:processDebugAndroidTestResources UP-TO-DATE
> Task :core:audio:transformDebugAndroidTestClassesWithAsm UP-TO-DATE
> Task :core:data:transformDebugAndroidTestClassesWithAsm UP-TO-DATE
> Task :core:data:dexBuilderDebugAndroidTest UP-TO-DATE
> Task :core:audio:dexBuilderDebugAndroidTest UP-TO-DATE
> Task :core:camera:processDebugAndroidTestResources UP-TO-DATE
> Task :core:audio:mergeProjectDexDebugAndroidTest UP-TO-DATE
> Task :core:data:mergeProjectDexDebugAndroidTest UP-TO-DATE
> Task :core:audio:mergeDebugAndroidTestJniLibFolders UP-TO-DATE
> Task :core:data:mergeDebugAndroidTestJniLibFolders UP-TO-DATE
> Task :core:camera:transformDebugAndroidTestClassesWithAsm UP-TO-DATE
> Task :core:camera:dexBuilderDebugAndroidTest UP-TO-DATE
> Task :core:camera:mergeProjectDexDebugAndroidTest UP-TO-DATE
> Task :core:audio:mergeDebugAndroidTestNativeLibs NO-SOURCE
> Task :core:data:mergeDebugAndroidTestNativeLibs NO-SOURCE
> Task :core:data:stripDebugAndroidTestDebugSymbols NO-SOURCE
> Task :core:audio:stripDebugAndroidTestDebugSymbols NO-SOURCE
> Task :core:camera:mergeDebugAndroidTestNativeLibs UP-TO-DATE
> Task :core:camera:stripDebugAndroidTestDebugSymbols UP-TO-DATE
> Task :app:processDebugMainManifest UP-TO-DATE
> Task :app:processDebugManifest UP-TO-DATE
> Task :app:processDebugManifestForPackage UP-TO-DATE
> Task :app:processDebugResources UP-TO-DATE
> Task :app:transformDebugClassesWithAsm UP-TO-DATE
> Task :app:dexBuilderDebug UP-TO-DATE
> Task :app:mergeProjectDexDebug UP-TO-DATE
> Task :app:mergeDebugJniLibFolders UP-TO-DATE
> Task :app:mergeDebugNativeLibs UP-TO-DATE
> Task :app:stripDebugDebugSymbols UP-TO-DATE
> Task :core:audio:validateSigningDebugAndroidTest
> Task :core:data:validateSigningDebugAndroidTest
> Task :core:camera:validateSigningDebugAndroidTest
> Task :app:validateSigningDebug
> Task :core:data:writeDebugAndroidTestSigningConfigVersions UP-TO-DATE
> Task :core:camera:writeDebugAndroidTestSigningConfigVersions UP-TO-DATE
> Task :core:audio:writeDebugAndroidTestSigningConfigVersions UP-TO-DATE
> Task :app:writeDebugAppMetadata UP-TO-DATE
> Task :app:writeDebugSigningConfigVersions UP-TO-DATE
> Task :core:audio:packageDebugAndroidTest
> Task :core:data:packageDebugAndroidTest
> Task :core:audio:createDebugAndroidTestApkListingFileRedirect UP-TO-DATE
> Task :core:data:createDebugAndroidTestApkListingFileRedirect UP-TO-DATE
> Task :core:camera:packageDebugAndroidTest
> Task :core:camera:createDebugAndroidTestApkListingFileRedirect UP-TO-DATE
> Task :app:packageDebug
> Task :app:createDebugApkListingFileRedirect UP-TO-DATE
> Task :app:bundleDebugClassesToCompileJar UP-TO-DATE
> Task :app:preDebugAndroidTestBuild SKIPPED
> Task :app:generateDebugAndroidTestResources UP-TO-DATE
> Task :app:packageDebugAndroidTestResources UP-TO-DATE
> Task :app:processDebugAndroidTestNavigationResources UP-TO-DATE
> Task :app:parseDebugAndroidTestLocalResources UP-TO-DATE
> Task :app:generateDebugAndroidTestRFile UP-TO-DATE
> Task :app:kspDebugAndroidTestKotlin UP-TO-DATE
> Task :app:compileDebugAndroidTestKotlin UP-TO-DATE
> Task :app:javaPreCompileDebugAndroidTest UP-TO-DATE
> Task :app:compileDebugAndroidTestJavaWithJavac UP-TO-DATE
> Task :app:generateDebugAndroidTestAssets UP-TO-DATE
> Task :app:mergeDebugAndroidTestAssets UP-TO-DATE
> Task :app:compressDebugAndroidTestAssets UP-TO-DATE
> Task :app:generateDebugAndroidTestGlobalSynthetics UP-TO-DATE
> Task :app:processDebugAndroidTestJavaRes UP-TO-DATE
> Task :app:mergeDebugAndroidTestJavaResource UP-TO-DATE
> Task :app:checkDebugAndroidTestDuplicateClasses UP-TO-DATE
> Task :app:desugarDebugAndroidTestFileDependencies UP-TO-DATE
> Task :app:mergeExtDexDebugAndroidTest UP-TO-DATE
> Task :app:mergeLibDexDebugAndroidTest UP-TO-DATE
> Task :app:hiltCollectClassesDebugAndroidTest UP-TO-DATE
> Task :app:hiltAggregateDepsDebugAndroidTest UP-TO-DATE
> Task :app:hiltJavaCompileDebugAndroidTest UP-TO-DATE
> Task :app:checkDebugAndroidTestAarMetadata UP-TO-DATE
> Task :app:mapDebugAndroidTestSourceSetPaths UP-TO-DATE
> Task :app:compileDebugAndroidTestNavigationResources UP-TO-DATE
> Task :app:mergeDebugAndroidTestResources UP-TO-DATE
> Task :app:mergeDebugAndroidTestManifest UP-TO-DATE
> Task :app:processDebugAndroidTestManifest UP-TO-DATE
> Task :app:processDebugAndroidTestResources UP-TO-DATE
> Task :app:transformDebugAndroidTestClassesWithAsm UP-TO-DATE
> Task :app:dexBuilderDebugAndroidTest UP-TO-DATE
> Task :app:mergeProjectDexDebugAndroidTest UP-TO-DATE
> Task :app:mergeDebugAndroidTestJniLibFolders UP-TO-DATE
> Task :app:mergeDebugAndroidTestNativeLibs NO-SOURCE
> Task :app:stripDebugAndroidTestDebugSymbols NO-SOURCE
> Task :app:validateSigningDebugAndroidTest UP-TO-DATE
> Task :app:writeDebugAndroidTestSigningConfigVersions UP-TO-DATE
> Task :app:packageDebugAndroidTest
> Task :app:createDebugAndroidTestApkListingFileRedirect UP-TO-DATE

> Task :core:audio:connectedDebugAndroidTest
Running tests on devices: ci(AVD) - 14

> Task :core:designsystem:preDebugAndroidTestBuild UP-TO-DATE
> Task :core:designsystem:generateDebugAndroidTestResources UP-TO-DATE
> Task :core:designsystem:packageDebugAndroidTestResources UP-TO-DATE
> Task :core:designsystem:processDebugAndroidTestNavigationResources UP-TO-DATE
> Task :core:designsystem:parseDebugAndroidTestLocalResources UP-TO-DATE
> Task :core:designsystem:generateDebugAndroidTestRFile UP-TO-DATE
> Task :core:designsystem:compileDebugAndroidTestKotlin NO-SOURCE
> Task :core:designsystem:javaPreCompileDebugAndroidTest UP-TO-DATE
> Task :core:designsystem:compileDebugAndroidTestJavaWithJavac NO-SOURCE
> Task :core:designsystem:generateDebugAndroidTestAssets UP-TO-DATE
> Task :core:designsystem:mergeDebugAndroidTestAssets UP-TO-DATE
> Task :core:designsystem:compressDebugAndroidTestAssets UP-TO-DATE
> Task :core:designsystem:generateDebugAndroidTestGlobalSynthetics UP-TO-DATE
> Task :core:designsystem:processDebugAndroidTestJavaRes NO-SOURCE
> Task :core:designsystem:mergeDebugAndroidTestJavaResource UP-TO-DATE
> Task :core:designsystem:checkDebugAndroidTestDuplicateClasses UP-TO-DATE
> Task :core:designsystem:desugarDebugAndroidTestFileDependencies UP-TO-DATE
> Task :core:designsystem:mergeExtDexDebugAndroidTest UP-TO-DATE
> Task :core:designsystem:mergeLibDexDebugAndroidTest UP-TO-DATE
> Task :core:designsystem:checkDebugAndroidTestAarMetadata UP-TO-DATE
> Task :core:designsystem:mapDebugAndroidTestSourceSetPaths UP-TO-DATE
> Task :core:designsystem:compileDebugAndroidTestNavigationResources UP-TO-DATE
> Task :core:designsystem:mergeDebugAndroidTestResources UP-TO-DATE
> Task :core:designsystem:mergeDebugAndroidTestManifest UP-TO-DATE
> Task :core:designsystem:processDebugAndroidTestManifest UP-TO-DATE
> Task :core:designsystem:processDebugAndroidTestResources UP-TO-DATE
> Task :core:designsystem:dexBuilderDebugAndroidTest UP-TO-DATE
> Task :core:designsystem:mergeProjectDexDebugAndroidTest UP-TO-DATE
> Task :core:designsystem:mergeDebugAndroidTestJniLibFolders UP-TO-DATE
> Task :core:designsystem:mergeDebugAndroidTestNativeLibs UP-TO-DATE
> Task :core:designsystem:stripDebugAndroidTestDebugSymbols UP-TO-DATE
> Task :core:designsystem:validateSigningDebugAndroidTest UP-TO-DATE
> Task :core:designsystem:writeDebugAndroidTestSigningConfigVersions UP-TO-DATE
> Task :core:designsystem:packageDebugAndroidTest
> Task :core:designsystem:createDebugAndroidTestApkListingFileRedirect UP-TO-DATE
> Task :core:designsystem:connectedDebugAndroidTest
> Task :core:processing:preDebugAndroidTestBuild UP-TO-DATE
> Task :core:processing:generateDebugAndroidTestResources UP-TO-DATE
> Task :core:processing:packageDebugAndroidTestResources UP-TO-DATE
> Task :core:processing:processDebugAndroidTestNavigationResources UP-TO-DATE
> Task :core:processing:parseDebugAndroidTestLocalResources UP-TO-DATE
> Task :core:processing:generateDebugAndroidTestRFile UP-TO-DATE
> Task :core:processing:kspDebugAndroidTestKotlin UP-TO-DATE
> Task :core:processing:compileDebugAndroidTestKotlin UP-TO-DATE
> Task :core:processing:javaPreCompileDebugAndroidTest UP-TO-DATE
> Task :core:processing:compileDebugAndroidTestJavaWithJavac NO-SOURCE
> Task :core:processing:generateDebugAndroidTestAssets UP-TO-DATE
> Task :core:processing:mergeDebugAndroidTestAssets UP-TO-DATE
> Task :core:processing:compressDebugAndroidTestAssets UP-TO-DATE
> Task :core:processing:generateDebugAndroidTestGlobalSynthetics UP-TO-DATE
> Task :core:processing:processDebugAndroidTestJavaRes UP-TO-DATE
> Task :core:processing:mergeDebugAndroidTestJavaResource UP-TO-DATE
> Task :core:processing:checkDebugAndroidTestDuplicateClasses UP-TO-DATE
> Task :core:processing:desugarDebugAndroidTestFileDependencies UP-TO-DATE
> Task :core:processing:mergeExtDexDebugAndroidTest UP-TO-DATE
> Task :core:processing:mergeLibDexDebugAndroidTest UP-TO-DATE
> Task :core:processing:hiltCollectClassesDebugAndroidTest UP-TO-DATE
> Task :core:processing:hiltAggregateDepsDebugAndroidTest UP-TO-DATE
> Task :core:processing:hiltJavaCompileDebugAndroidTest NO-SOURCE
> Task :core:processing:checkDebugAndroidTestAarMetadata UP-TO-DATE
> Task :core:processing:mapDebugAndroidTestSourceSetPaths UP-TO-DATE
> Task :core:processing:compileDebugAndroidTestNavigationResources UP-TO-DATE

> Task :core:data:connectedDebugAndroidTest
Running tests on devices: ci(AVD) - 14

> Task :core:processing:mergeDebugAndroidTestResources UP-TO-DATE
> Task :core:processing:mergeDebugAndroidTestManifest UP-TO-DATE
> Task :core:processing:processDebugAndroidTestManifest UP-TO-DATE
> Task :core:processing:processDebugAndroidTestResources UP-TO-DATE
> Task :core:processing:transformDebugAndroidTestClassesWithAsm UP-TO-DATE
> Task :core:processing:dexBuilderDebugAndroidTest UP-TO-DATE
> Task :core:processing:mergeProjectDexDebugAndroidTest UP-TO-DATE
> Task :core:processing:mergeDebugAndroidTestJniLibFolders UP-TO-DATE
> Task :core:processing:mergeDebugAndroidTestNativeLibs NO-SOURCE
> Task :core:processing:stripDebugAndroidTestDebugSymbols NO-SOURCE
> Task :core:processing:validateSigningDebugAndroidTest UP-TO-DATE
> Task :core:processing:writeDebugAndroidTestSigningConfigVersions UP-TO-DATE
> Task :core:processing:packageDebugAndroidTest
> Task :core:processing:createDebugAndroidTestApkListingFileRedirect UP-TO-DATE
> Task :core:sensors:preDebugAndroidTestBuild UP-TO-DATE
> Task :core:sensors:generateDebugAndroidTestResources UP-TO-DATE
> Task :core:sensors:packageDebugAndroidTestResources UP-TO-DATE
> Task :core:sensors:processDebugAndroidTestNavigationResources UP-TO-DATE
> Task :core:sensors:parseDebugAndroidTestLocalResources UP-TO-DATE
> Task :core:sensors:generateDebugAndroidTestRFile UP-TO-DATE
> Task :core:sensors:kspDebugAndroidTestKotlin UP-TO-DATE
> Task :core:sensors:compileDebugAndroidTestKotlin UP-TO-DATE
> Task :core:sensors:javaPreCompileDebugAndroidTest UP-TO-DATE
> Task :core:sensors:compileDebugAndroidTestJavaWithJavac NO-SOURCE
> Task :core:sensors:generateDebugAndroidTestAssets UP-TO-DATE
> Task :core:sensors:mergeDebugAndroidTestAssets UP-TO-DATE
> Task :core:sensors:compressDebugAndroidTestAssets UP-TO-DATE
> Task :core:sensors:generateDebugAndroidTestGlobalSynthetics UP-TO-DATE
> Task :core:sensors:processDebugAndroidTestJavaRes UP-TO-DATE
> Task :core:sensors:mergeDebugAndroidTestJavaResource UP-TO-DATE
> Task :core:sensors:checkDebugAndroidTestDuplicateClasses UP-TO-DATE
> Task :core:sensors:desugarDebugAndroidTestFileDependencies UP-TO-DATE
> Task :core:sensors:mergeExtDexDebugAndroidTest UP-TO-DATE
> Task :core:sensors:mergeLibDexDebugAndroidTest UP-TO-DATE
> Task :core:sensors:hiltCollectClassesDebugAndroidTest UP-TO-DATE
> Task :core:sensors:hiltAggregateDepsDebugAndroidTest UP-TO-DATE
> Task :core:sensors:hiltJavaCompileDebugAndroidTest NO-SOURCE
> Task :core:sensors:checkDebugAndroidTestAarMetadata UP-TO-DATE
> Task :core:sensors:mapDebugAndroidTestSourceSetPaths UP-TO-DATE
> Task :core:sensors:compileDebugAndroidTestNavigationResources UP-TO-DATE
> Task :core:sensors:mergeDebugAndroidTestResources UP-TO-DATE
> Task :core:sensors:mergeDebugAndroidTestManifest UP-TO-DATE
> Task :core:sensors:processDebugAndroidTestManifest UP-TO-DATE
> Task :core:sensors:processDebugAndroidTestResources UP-TO-DATE
> Task :core:sensors:transformDebugAndroidTestClassesWithAsm UP-TO-DATE
> Task :core:sensors:dexBuilderDebugAndroidTest UP-TO-DATE
> Task :core:sensors:mergeProjectDexDebugAndroidTest UP-TO-DATE
> Task :core:sensors:mergeDebugAndroidTestJniLibFolders UP-TO-DATE
> Task :core:sensors:mergeDebugAndroidTestNativeLibs NO-SOURCE
> Task :core:sensors:stripDebugAndroidTestDebugSymbols NO-SOURCE
> Task :core:sensors:validateSigningDebugAndroidTest UP-TO-DATE
> Task :core:sensors:writeDebugAndroidTestSigningConfigVersions UP-TO-DATE
> Task :core:sensors:packageDebugAndroidTest
> Task :core:sensors:createDebugAndroidTestApkListingFileRedirect UP-TO-DATE

> Task :core:camera:connectedDebugAndroidTest
Running tests on devices: ci(AVD) - 14

> Task :app:connectedDebugAndroidTest
> Task :core:processing:connectedDebugAndroidTest
> Task :core:sensors:connectedDebugAndroidTest
> Task :feature:camera:preDebugAndroidTestBuild UP-TO-DATE
> Task :feature:camera:generateDebugAndroidTestResources UP-TO-DATE
> Task :feature:camera:packageDebugAndroidTestResources UP-TO-DATE
> Task :feature:camera:processDebugAndroidTestNavigationResources UP-TO-DATE
> Task :feature:camera:parseDebugAndroidTestLocalResources UP-TO-DATE
> Task :feature:camera:generateDebugAndroidTestRFile UP-TO-DATE
> Task :feature:camera:kspDebugAndroidTestKotlin NO-SOURCE
> Task :feature:camera:compileDebugAndroidTestKotlin NO-SOURCE
> Task :feature:camera:javaPreCompileDebugAndroidTest UP-TO-DATE
> Task :feature:camera:compileDebugAndroidTestJavaWithJavac NO-SOURCE
> Task :feature:camera:generateDebugAndroidTestAssets UP-TO-DATE
> Task :feature:camera:mergeDebugAndroidTestAssets UP-TO-DATE
> Task :feature:camera:compressDebugAndroidTestAssets UP-TO-DATE
> Task :feature:camera:generateDebugAndroidTestGlobalSynthetics UP-TO-DATE
> Task :feature:camera:processDebugAndroidTestJavaRes NO-SOURCE
> Task :feature:camera:mergeDebugAndroidTestJavaResource UP-TO-DATE
> Task :feature:camera:checkDebugAndroidTestDuplicateClasses UP-TO-DATE
> Task :feature:camera:desugarDebugAndroidTestFileDependencies UP-TO-DATE
> Task :feature:camera:mergeExtDexDebugAndroidTest UP-TO-DATE
> Task :feature:camera:mergeLibDexDebugAndroidTest UP-TO-DATE
> Task :feature:camera:hiltCollectClassesDebugAndroidTest UP-TO-DATE
> Task :feature:camera:hiltAggregateDepsDebugAndroidTest UP-TO-DATE
> Task :feature:camera:hiltJavaCompileDebugAndroidTest NO-SOURCE
> Task :feature:camera:checkDebugAndroidTestAarMetadata UP-TO-DATE
> Task :feature:camera:mapDebugAndroidTestSourceSetPaths UP-TO-DATE
> Task :feature:camera:compileDebugAndroidTestNavigationResources UP-TO-DATE
> Task :feature:camera:mergeDebugAndroidTestResources UP-TO-DATE
> Task :feature:camera:mergeDebugAndroidTestManifest UP-TO-DATE
> Task :feature:camera:processDebugAndroidTestManifest UP-TO-DATE
> Task :feature:camera:processDebugAndroidTestResources UP-TO-DATE
> Task :feature:camera:transformDebugAndroidTestClassesWithAsm UP-TO-DATE
> Task :feature:camera:dexBuilderDebugAndroidTest UP-TO-DATE
> Task :feature:camera:mergeProjectDexDebugAndroidTest UP-TO-DATE
> Task :feature:camera:mergeDebugAndroidTestJniLibFolders UP-TO-DATE
> Task :feature:camera:mergeDebugAndroidTestNativeLibs UP-TO-DATE
> Task :feature:camera:stripDebugAndroidTestDebugSymbols UP-TO-DATE
> Task :feature:camera:validateSigningDebugAndroidTest UP-TO-DATE
> Task :feature:camera:writeDebugAndroidTestSigningConfigVersions UP-TO-DATE
> Task :feature:camera:packageDebugAndroidTest
> Task :feature:camera:createDebugAndroidTestApkListingFileRedirect UP-TO-DATE

> Task :app:connectedDebugAndroidTest
Running tests on devices: ci(AVD) - 14

> Task :feature:camera:connectedDebugAndroidTest
> Task :feature:gallery:preDebugAndroidTestBuild UP-TO-DATE
> Task :feature:gallery:generateDebugAndroidTestResources UP-TO-DATE
> Task :feature:gallery:packageDebugAndroidTestResources UP-TO-DATE
> Task :feature:gallery:processDebugAndroidTestNavigationResources UP-TO-DATE
> Task :feature:gallery:parseDebugAndroidTestLocalResources UP-TO-DATE
> Task :feature:gallery:generateDebugAndroidTestRFile UP-TO-DATE
> Task :feature:gallery:kspDebugAndroidTestKotlin NO-SOURCE
> Task :feature:gallery:compileDebugAndroidTestKotlin NO-SOURCE
> Task :feature:gallery:javaPreCompileDebugAndroidTest UP-TO-DATE
> Task :feature:gallery:compileDebugAndroidTestJavaWithJavac NO-SOURCE
> Task :feature:gallery:generateDebugAndroidTestAssets UP-TO-DATE
> Task :feature:gallery:mergeDebugAndroidTestAssets UP-TO-DATE
> Task :feature:gallery:compressDebugAndroidTestAssets UP-TO-DATE
> Task :feature:gallery:generateDebugAndroidTestGlobalSynthetics UP-TO-DATE
> Task :feature:gallery:processDebugAndroidTestJavaRes NO-SOURCE
> Task :feature:gallery:mergeDebugAndroidTestJavaResource UP-TO-DATE
> Task :feature:gallery:checkDebugAndroidTestDuplicateClasses UP-TO-DATE
> Task :feature:gallery:desugarDebugAndroidTestFileDependencies UP-TO-DATE
> Task :feature:gallery:mergeExtDexDebugAndroidTest UP-TO-DATE
> Task :feature:gallery:mergeLibDexDebugAndroidTest UP-TO-DATE
> Task :feature:gallery:hiltCollectClassesDebugAndroidTest UP-TO-DATE
> Task :feature:gallery:hiltAggregateDepsDebugAndroidTest UP-TO-DATE
> Task :feature:gallery:hiltJavaCompileDebugAndroidTest NO-SOURCE
> Task :feature:gallery:checkDebugAndroidTestAarMetadata UP-TO-DATE
> Task :feature:gallery:mapDebugAndroidTestSourceSetPaths UP-TO-DATE
> Task :feature:gallery:compileDebugAndroidTestNavigationResources UP-TO-DATE
> Task :feature:gallery:mergeDebugAndroidTestResources UP-TO-DATE
> Task :feature:gallery:mergeDebugAndroidTestManifest UP-TO-DATE
> Task :feature:gallery:processDebugAndroidTestManifest UP-TO-DATE
> Task :feature:gallery:processDebugAndroidTestResources UP-TO-DATE
> Task :feature:gallery:transformDebugAndroidTestClassesWithAsm UP-TO-DATE
> Task :feature:gallery:dexBuilderDebugAndroidTest UP-TO-DATE
> Task :feature:gallery:mergeProjectDexDebugAndroidTest UP-TO-DATE
> Task :feature:gallery:mergeDebugAndroidTestJniLibFolders UP-TO-DATE
> Task :feature:gallery:mergeDebugAndroidTestNativeLibs UP-TO-DATE
> Task :feature:gallery:stripDebugAndroidTestDebugSymbols UP-TO-DATE
> Task :feature:gallery:validateSigningDebugAndroidTest UP-TO-DATE
> Task :feature:gallery:writeDebugAndroidTestSigningConfigVersions UP-TO-DATE
> Task :feature:gallery:packageDebugAndroidTest
> Task :feature:gallery:createDebugAndroidTestApkListingFileRedirect UP-TO-DATE

> Task :core:processing:connectedDebugAndroidTest
Running tests on devices: ci(AVD) - 14

> Task :feature:settings:preDebugAndroidTestBuild UP-TO-DATE
> Task :feature:settings:generateDebugAndroidTestResources UP-TO-DATE
> Task :feature:settings:packageDebugAndroidTestResources UP-TO-DATE
> Task :feature:settings:processDebugAndroidTestNavigationResources UP-TO-DATE
> Task :feature:settings:parseDebugAndroidTestLocalResources UP-TO-DATE
> Task :feature:settings:generateDebugAndroidTestRFile UP-TO-DATE
> Task :feature:settings:kspDebugAndroidTestKotlin NO-SOURCE
> Task :feature:settings:compileDebugAndroidTestKotlin NO-SOURCE
> Task :feature:settings:javaPreCompileDebugAndroidTest UP-TO-DATE
> Task :feature:settings:compileDebugAndroidTestJavaWithJavac NO-SOURCE
> Task :feature:settings:generateDebugAndroidTestAssets UP-TO-DATE
> Task :feature:settings:mergeDebugAndroidTestAssets UP-TO-DATE
> Task :feature:settings:compressDebugAndroidTestAssets UP-TO-DATE
> Task :feature:settings:generateDebugAndroidTestGlobalSynthetics UP-TO-DATE
> Task :feature:settings:processDebugAndroidTestJavaRes NO-SOURCE
> Task :feature:settings:mergeDebugAndroidTestJavaResource UP-TO-DATE
> Task :feature:settings:checkDebugAndroidTestDuplicateClasses UP-TO-DATE
> Task :feature:settings:desugarDebugAndroidTestFileDependencies UP-TO-DATE
> Task :feature:settings:mergeExtDexDebugAndroidTest UP-TO-DATE
> Task :feature:settings:mergeLibDexDebugAndroidTest UP-TO-DATE
> Task :feature:settings:hiltCollectClassesDebugAndroidTest UP-TO-DATE
> Task :feature:settings:hiltAggregateDepsDebugAndroidTest UP-TO-DATE
> Task :feature:settings:hiltJavaCompileDebugAndroidTest NO-SOURCE
> Task :feature:settings:checkDebugAndroidTestAarMetadata UP-TO-DATE
> Task :feature:settings:mapDebugAndroidTestSourceSetPaths UP-TO-DATE
> Task :feature:settings:compileDebugAndroidTestNavigationResources UP-TO-DATE
> Task :feature:settings:mergeDebugAndroidTestResources UP-TO-DATE
> Task :feature:settings:mergeDebugAndroidTestManifest UP-TO-DATE
> Task :feature:settings:processDebugAndroidTestManifest UP-TO-DATE
> Task :feature:settings:processDebugAndroidTestResources UP-TO-DATE
> Task :feature:settings:transformDebugAndroidTestClassesWithAsm UP-TO-DATE
> Task :feature:settings:dexBuilderDebugAndroidTest UP-TO-DATE
> Task :feature:settings:mergeProjectDexDebugAndroidTest UP-TO-DATE
> Task :feature:settings:mergeDebugAndroidTestJniLibFolders UP-TO-DATE
> Task :feature:settings:mergeDebugAndroidTestNativeLibs UP-TO-DATE
> Task :feature:settings:stripDebugAndroidTestDebugSymbols UP-TO-DATE
> Task :feature:settings:validateSigningDebugAndroidTest UP-TO-DATE
> Task :feature:settings:writeDebugAndroidTestSigningConfigVersions UP-TO-DATE
> Task :feature:settings:packageDebugAndroidTest
> Task :feature:settings:createDebugAndroidTestApkListingFileRedirect UP-TO-DATE

> Task :core:sensors:connectedDebugAndroidTest
Running tests on devices: ci(AVD) - 14

> Task :feature:camera:connectedDebugAndroidTest
Running tests on devices: ci(AVD) - 14

> Task :feature:gallery:connectedDebugAndroidTest
Running tests on devices: ci(AVD) - 14

> Task :feature:settings:connectedDebugAndroidTest
Running tests on devices: ci(AVD) - 14
gradle/actions: Writing build results to /home/runner/work/_temp/.gradle-actions/build-results/__run_4-1791670704656.json

[Incubating] Problems report is available at: file:///home/runner/work/CayResim/CayResim/build/reports/problems/problems-report.html

Deprecated Gradle features were used in this build, making it incompatible with Gradle 10.

You can use '--warning-mode all' to show the individual deprecation warnings and determine if they come from your own scripts or plugins.

For more on this, please refer to https://docs.gradle.org/9.8.0/userguide/command_line_interface.html#sec:command_line_warnings in the Gradle documentation.

BUILD SUCCESSFUL in 4m 48s
594 actionable tasks: 25 executed, 569 up-to-date
Consider enabling configuration cache to speed up this build: https://docs.gradle.org/9.8.0/userguide/configuration_cache_enabling.html
