INFO         | Android emulator version 37.2.12.0 (build_id 16428233) (CL:N/A)
INFO         | Graphics backend: gfxstream
INFO         | Found systemPath /usr/local/lib/android/sdk/system-images/android-34/google_apis/x86_64/
INFO         | Saving last run QEMU version for the AVD to 2
INFO         | Guest GLES Driver: Auto (ext controls)
INFO         | emuglConfig_init: vulkan_mode_selected:swiftshader gles_mode_selected:swiftshader
INFO         | Checking system compatibility:
INFO         |   Checking: hasSufficientDiskSpace
INFO         |      Ok: Disk space requirements to run avd: `ci` are met
INFO         |   Checking: hasSufficientHwGpu
INFO         |      Ok: Hardware GPU compatibility checks are not required
INFO         |   Checking: hasSufficientSystem
INFO         |      Ok: System requirements to run avd: `ci` are met
WARNING      | Feature QuickbootFileBacked is disabled due to stability issues, if you really want that, the environment variable ANDROID_EMU_FORCE_QUICKBOOT_FILE_BACKED need to set to 1
INFO         | Storing crashdata in: /tmp/android-runner/emu-crash-37.2.12.db, detection is enabled for process: 3581
INFO         | Initializing gfxstream backend
INFO         | startOpenglesRendererImpl: gpu info
INFO         | 
INFO         | initIcdPaths: ICD set to 'swiftshader', using Swiftshader ICD
INFO         | Setting ICD filenames for the loader = /usr/local/lib/android/sdk/emulator/lib64/vulkan/vk_swiftshader_icd.json
INFO         | SharedLibrary::open for [/usr/local/lib/android/sdk/emulator/qemu/linux-x86_64/lib64/vulkan/libvulkan.so]
INFO         | SharedLibrary::open for [/usr/local/lib/android/sdk/emulator/qemu/linux-x86_64/lib64/vulkan/libvulkan.so.1]
INFO         | SharedLibrary::open for [/usr/local/lib/android/sdk/emulator/lib64/vulkan/libvulkan.so]
INFO         | Added library: /usr/local/lib/android/sdk/emulator/lib64/vulkan/libvulkan.so
INFO         | Selecting Vulkan device: SwiftShader Device (Subzero), Version: 1.3.0
INFO         | Using Vulkan externalMemoryMode: OpaqueFd for VkEmulation
INFO         | Format VK_FORMAT_G10X6_B10X6R10X6_2PLANE_422_UNORM_3PACK16 does not support YCbCr sampler conversion
INFO         | SharedLibrary::open for [libX11]
WARNING      | Could not open libX11.so, try libX11.so.6
INFO         | SharedLibrary::open for [libX11.so.6]
INFO         | SharedLibrary::open for [libX11-xcb]
WARNING      | Could not open libX11-xcb.so, try libX11-xcb.so.1
INFO         | SharedLibrary::open for [libX11-xcb.so.1]
INFO         | Initializing VkEmulation features:
INFO         |     glInteropSupported: false
INFO         |     useDeferredCommands: true
INFO         |     createResourceWithRequirements: true
INFO         |     useVulkanComposition: false
INFO         |     useVulkanNativeSwapchain: false
INFO         |     enable guestRenderDoc: false
INFO         |     ASTC LDR emulation mode: Gpu
INFO         |     enable ETC2 emulation: true
INFO         |     enable Ycbcr emulation: false
INFO         |     guestVulkanOnly: false
INFO         |     useDedicatedAllocations: false
INFO         |     guestVulkanMaxApiVersion: 1.3.0
INFO         |     enableProtectedMemoryEmulation: false
INFO         | Graphics Adapter Vendor Google (Google Inc.)
INFO         | Graphics Adapter Android Emulator OpenGL ES Translator (Google SwiftShader)
INFO         | Graphics API Version OpenGL ES 3.0 (OpenGL ES 3.0 SwiftShader 4.0.0.1)
INFO         | Graphics API Extensions GL_OES_EGL_sync GL_OES_EGL_image GL_OES_EGL_image_external GL_OES_depth24 GL_OES_depth32 GL_OES_element_index_uint GL_OES_texture_float GL_OES_texture_float_linear GL_OES_compressed_paletted_texture GL_OES_compressed_ETC1_RGB8_texture GL_OES_depth_texture GL_OES_texture_half_float GL_OES_texture_half_float_linear GL_OES_packed_depth_stencil GL_OES_vertex_half_float GL_OES_standard_derivatives GL_OES_texture_npot GL_OES_rgb8_rgba8 GL_EXT_color_buffer_float GL_EXT_color_buffer_half_float GL_EXT_texture_format_BGRA8888 GL_APPLE_texture_format_BGRA8888 
INFO         | Graphics Device Extensions N/A
INFO         | Disabling sparse binding feature support
INFO         | Sending adb public key [QAAAANeFuDoZwiKYCfOlNI3uMHTavcvkTH0nGzLYMTzq3YdoRMojIKW1FM75+75j1SL8MUnvOha7GU7TMpIWgny0ZaJhFnw422MNxEIt8U1453H6pIce9vzohaNQs+4//l6mKpW43aIpRis9KuStKT0O2G6XDWblxFibcVai35LR3+DXigKclsDKmKpFJq1N8xOKELQ4Npw+yOisu2E7E1XXs6cMLuN1Z410YGSOAYAbnqxfjHYfXd8FuSkBUPLNzug3EWhZPXsoxX1JC+7j+2P4oSAPWHev7FJFhOrCGHmRiffWKw7CJuKzvF2zYUw4EbLH4G9RsNmkEG1g85qYsH9ZfK9Swk2872p09puV4rp23vDkhoY3ZfeXY4P6e8tO61pvvt/3r6xmOjbV7qfNAMnrlFfRTg2XeV/HCWTw4L1Kuw0976RBdfQuKm/g3uZHs7acCVtCMHUjwm3gwFuFq/moZ1dJpE4bwlk45QzJYFqKaNkSy290UxPXpWmMrqMmeLJ3mjNDNmCWIhuwmsRkTHwxr13RjqQ6tfzC41gbcwROF0j34JU+BwfLOvwoVcoSyc5jinAaXXy6lyel7H2kNZuxGfi9pcsyZKXydwdWKJnJzs9DVypxTtlbeYP2vhH/QaNKNcaQ4VQyZNUKSykdlSNAm0XjuldSWkVeHiTdwBZndZWJlHFHugEAAQA= runner@unknown]
INFO         | Userspace boot properties:
INFO         |   androidboot.boot_devices=pci0000:00/0000:00:03.0 pci0000:00/0000:00:06.0
INFO         |   androidboot.dalvik.vm.heapsize=576m
INFO         |   androidboot.debug.hwui.renderer=skiagl
INFO         |   androidboot.debug.sf.nobootanimation=1
INFO         |   androidboot.hardware=ranchu
INFO         |   androidboot.hardware.gltransport=pipe
INFO         |   androidboot.hardware.vulkan=ranchu
INFO         |   androidboot.logcat=*:V
INFO         |   androidboot.opengles.version=196608
INFO         |   androidboot.qemu=1
INFO         |   androidboot.qemu.adb.pubkey=QAAAANeFuDoZwiKYCfOlNI3uMHTavcvkTH0nGzLYMTzq3YdoRMojIKW1FM75+75j1SL8MUnvOha7GU7TMpIWgny0ZaJhFnw422MNxEIt8U1453H6pIce9vzohaNQs+4//l6mKpW43aIpRis9KuStKT0O2G6XDWblxFibcVai35LR3+DXigKclsDKmKpFJq1N8xOKELQ4Npw+yOisu2E7E1XXs6cMLuN1Z410YGSOAYAbnqxfjHYfXd8FuSkBUPLNzug3EWhZPXsoxX1JC+7j+2P4oSAPWHev7FJFhOrCGHmRiffWKw7CJuKzvF2zYUw4EbLH4G9RsNmkEG1g85qYsH9ZfK9Swk2872p09puV4rp23vDkhoY3ZfeXY4P6e8tO61pvvt/3r6xmOjbV7qfNAMnrlFfRTg2XeV/HCWTw4L1Kuw0976RBdfQuKm/g3uZHs7acCVtCMHUjwm3gwFuFq/moZ1dJpE4bwlk45QzJYFqKaNkSy290UxPXpWmMrqMmeLJ3mjNDNmCWIhuwmsRkTHwxr13RjqQ6tfzC41gbcwROF0j34JU+BwfLOvwoVcoSyc5jinAaXXy6lyel7H2kNZuxGfi9pcsyZKXydwdWKJnJzs9DVypxTtlbeYP2vhH/QaNKNcaQ4VQyZNUKSykdlSNAm0XjuldSWkVeHiTdwBZndZWJlHFHugEAAQA= runner@unknown
INFO         |   androidboot.qemu.avd_name=ci
INFO         |   androidboot.qemu.camera_hq_edge_processing=0
INFO         |   androidboot.qemu.camera_protocol_ver=1
INFO         |   androidboot.qemu.cpuvulkan.version=4206592
INFO         |   androidboot.qemu.gltransport.drawFlushInterval=800
INFO         |   androidboot.qemu.gltransport.name=pipe
INFO         |   androidboot.qemu.hwcodec.avcdec=2
INFO         |   androidboot.qemu.hwcodec.hevcdec=2
INFO         |   androidboot.qemu.hwcodec.vpxdec=2
INFO         |   androidboot.qemu.settings.system.screen_off_timeout=2147483647
INFO         |   androidboot.qemu.skin=1080x2400
INFO         |   androidboot.qemu.virtiowifi=1
INFO         |   androidboot.qemu.vsync=60
INFO         |   androidboot.serialno=EMULATOR37X2X12X0
INFO         |   androidboot.vbmeta.digest=451e57ed688ff746d2c636d52169ade253e2bc5bb30a5c3ff23679ca15d3bcd3
INFO         |   androidboot.vbmeta.hash_alg=sha256
INFO         |   androidboot.vbmeta.size=6656
INFO         |   androidboot.veritymode=enforcing
WARNING: cannnot unmap ptr 0x7f9c7c601000 as it is in the protected range from 0x7f9b7c600000 to 0x7f9c7c800000
pc_memory_init: above 4g size: 40000000
INFO         | Monitoring duration of emulator setup.
WARNING      | The emulator now requires a signed jwt token for gRPC access! Use the -grpc flag if you really want an open unprotected grpc port
INFO         | Using security allow list from: /usr/local/lib/android/sdk/emulator/lib/emulator_access.json
INFO         | The active JSON Web Key Sets can be found here: /run/user/1001/avd/running/3581/jwks/9234298a-6b26-4230-8e22-0f08851e858b/active.jwk
INFO         | Scanning /run/user/1001/avd/running/3581/jwks/9234298a-6b26-4230-8e22-0f08851e858b for jwk keys.
INFO         | Started GRPC server at 127.0.0.1:8554, security: Local, auth: +token
INFO         | Advertising in: /run/user/1001/avd/running/pid_3581.ini
INFO         | Activated packet streamer for bluetooth emulation
INFO         | Successfully initialized netsim WiFi
INFO         | Setting display: 0 configuration to: 1080x2400, dpi: 420x420 
INFO         | setDisplayActiveConfig: id:0, 1080x2400
INFO         | emulatorSetupEnvironment: Environment scene is not required
USER_INFO    | Emulator is performing a full startup. This may take upto two minutes, or more.
WARNING      | Failed to process .ini file /home/runner/.android/emu-update-last-check.ini for reading.
WARNING      | Failed to process .ini file /home/runner/.android/emu-update-last-check.ini for reading.
INFO         | Boot completed in 39166 ms
INFO         | Increasing screen off timeout, logcat buffer size to 2M.
