  bash arg: -p
  bash arg: app.cayresim
  bash arg: --ignore-timeouts
  bash arg: --ignore-crashes
  bash arg: --pct-syskeys
  bash arg: 0
  bash arg: --pct-appswitch
  bash arg: 0
  bash arg: --pct-trackball
  bash arg: 0
  bash arg: --throttle
  bash arg: 50
  bash arg: -s
  bash arg: 4711
  bash arg: -v
  bash arg: 5000
args: [-p, app.cayresim, --ignore-timeouts, --ignore-crashes, --pct-syskeys, 0, --pct-appswitch, 0, --pct-trackball, 0, --throttle, 50, -s, 4711, -v, 5000]
 arg: "-p"
 arg: "app.cayresim"
 arg: "--ignore-timeouts"
 arg: "--ignore-crashes"
 arg: "--pct-syskeys"
 arg: "0"
 arg: "--pct-appswitch"
 arg: "0"
 arg: "--pct-trackball"
 arg: "0"
 arg: "--throttle"
 arg: "50"
 arg: "-s"
 arg: "4711"
 arg: "-v"
 arg: "5000"
data="app.cayresim"
arg="--ignore-timeouts" mCurArgData="null" mNextArg=3 argwas="--ignore-timeouts" nextarg="--ignore-crashes"
arg="--ignore-crashes" mCurArgData="null" mNextArg=4 argwas="--ignore-crashes" nextarg="--pct-syskeys"
arg="--pct-syskeys" mCurArgData="null" mNextArg=5 argwas="--pct-syskeys" nextarg="0"
data="0"
arg="--pct-appswitch" mCurArgData="null" mNextArg=7 argwas="--pct-appswitch" nextarg="0"
data="0"
arg="--pct-trackball" mCurArgData="null" mNextArg=9 argwas="--pct-trackball" nextarg="0"
data="0"
arg="--throttle" mCurArgData="null" mNextArg=11 argwas="--throttle" nextarg="50"
data="50"
data="4711"
:Monkey: seed=4711 count=5000
:AllowPackage: app.cayresim
:IncludeCategory: android.intent.category.LAUNCHER
:IncludeCategory: android.intent.category.MONKEY
// Event percentages:
//   0: 18.518518%
//   1: 12.345678%
//   2: 2.4691358%
//   3: -0.0%
//   4: -0.0%
//   5: -0.0%
//   6: 30.864197%
//   7: 18.518518%
//   8: -0.0%
//   9: -0.0%
//   10: 1.2345679%
//   11: 16.049383%
:Switch: #Intent;action=android.intent.action.MAIN;category=android.intent.category.LAUNCHER;launchFlags=0x10200000;component=app.cayresim/.shell.MainActivity;end
    // Allowing start of Intent { act=android.intent.action.MAIN cat=[android.intent.category.LAUNCHER] cmp=app.cayresim/.shell.MainActivity } in package app.cayresim
:Sending Touch (ACTION_DOWN): 0:(441.0,691.0)
:Sending Touch (ACTION_UP): 0:(354.36523,619.27637)
:Sending Touch (ACTION_DOWN): 0:(709.0,1250.0)
:Sending Touch (ACTION_UP): 0:(750.14844,1310.9033)
:Sending Touch (ACTION_DOWN): 0:(339.0,174.0)
:Sending Touch (ACTION_UP): 0:(392.00098,259.95703)
:Sending Touch (ACTION_DOWN): 0:(143.0,99.0)
:Sending Touch (ACTION_UP): 0:(112.99414,103.53027)
:Sending Touch (ACTION_DOWN): 0:(683.0,158.0)
:Sending Touch (ACTION_UP): 0:(684.66797,156.52832)
:Sending Touch (ACTION_DOWN): 0:(447.0,672.0)
:Sending Touch (ACTION_UP): 0:(506.333,748.4238)
:Sending Flip keyboardOpen=false
Got IOException performing flipjava.io.FileNotFoundException: /dev/input/event0: open failed: EACCES (Permission denied)
    // Injection Failed
:Sending Touch (ACTION_DOWN): 0:(483.0,675.0)
:Sending Touch (ACTION_UP): 0:(453.57617,750.6133)
:Sending Flip keyboardOpen=true
Got IOException performing flipjava.io.FileNotFoundException: /dev/input/event0: open failed: EACCES (Permission denied)
    // Injection Failed
:Sending Touch (ACTION_DOWN): 0:(17.0,1759.0)
    //[calendar_time:2026-10-10 22:23:08.836  system_uptime:339010]
    // Sending event #100
:Sending Touch (ACTION_UP): 0:(58.370117,1682.21)
:Sending Touch (ACTION_DOWN): 0:(527.0,155.0)
:Sending Touch (ACTION_UP): 0:(549.9238,142.19824)
:Sending Touch (ACTION_DOWN): 0:(1038.0,824.0)
:Sending Touch (ACTION_UP): 0:(1080.0,785.9297)
:Sending Touch (ACTION_DOWN): 0:(26.0,86.0)
:Sending Touch (ACTION_UP): 0:(15.7890625,101.77344)
:Sending Touch (ACTION_DOWN): 0:(13.0,1058.0)
:Sending Touch (ACTION_UP): 0:(2.125,1065.4404)
    // Allowing start of Intent { act=android.intent.action.MAIN cat=[android.intent.category.HOME] cmp=com.google.android.apps.nexuslauncher/.NexusLauncherActivity } in package com.google.android.apps.nexuslauncher
    // Injection Failed
:Sending Touch (ACTION_DOWN): 0:(515.0,1670.0)
:Sending Touch (ACTION_UP): 0:(533.69824,1642.4209)
    // Rejecting start of Intent { act=android.intent.action.MAIN cat=[android.intent.category.LAUNCHER] cmp=com.google.android.gm/.ConversationListActivityGmail } in package com.google.android.gm
:Sending Touch (ACTION_DOWN): 0:(77.0,1768.0)
:Sending Touch (ACTION_UP): 0:(85.95801,1774.208)
:Sending Touch (ACTION_DOWN): 0:(72.0,880.0)
:Sending Touch (ACTION_UP): 0:(89.0791,968.49805)
:Sending Touch (ACTION_DOWN): 0:(822.0,818.0)
:Sending Touch (ACTION_UP): 0:(826.1553,768.3838)
:Sending Touch (ACTION_DOWN): 0:(462.0,1401.0)
:Sending Touch (ACTION_UP): 0:(552.4414,1328.0068)
    //[calendar_time:2026-10-10 22:23:12.010  system_uptime:342130]
    // Sending event #200
    //[calendar_time:2026-10-10 22:23:12.061  system_uptime:342181]
    // Sending event #200
:Sending Touch (ACTION_DOWN): 0:(857.0,635.0)
:Sending Touch (ACTION_UP): 0:(865.28613,624.77246)
:Sending Touch (ACTION_DOWN): 0:(51.0,1740.0)
:Sending Touch (ACTION_UP): 0:(51.9209,1751.6924)
:Sending Touch (ACTION_DOWN): 0:(595.0,757.0)
:Sending Touch (ACTION_UP): 0:(610.49316,753.71387)
:Sending Touch (ACTION_DOWN): 0:(252.0,670.0)
:Sending Touch (ACTION_UP): 0:(272.61133,671.9375)
:Sending Touch (ACTION_DOWN): 0:(1057.0,1129.0)
:Sending Touch (ACTION_UP): 0:(1063.5977,1150.6934)
:Sending Touch (ACTION_DOWN): 0:(987.0,1622.0)
:Sending Touch (ACTION_UP): 0:(931.22266,1687.5908)
:Sending Touch (ACTION_DOWN): 0:(807.0,1779.0)
:Sending Touch (ACTION_UP): 0:(805.9053,1778.0322)
:Sending Touch (ACTION_DOWN): 0:(160.0,430.0)
:Sending Touch (ACTION_UP): 0:(157.20215,426.45312)
:Sending Touch (ACTION_DOWN): 0:(285.0,1093.0)
:Sending Touch (ACTION_UP): 0:(287.6211,1092.374)
:Sending Touch (ACTION_DOWN): 0:(865.0,823.0)
:Sending Touch (ACTION_UP): 0:(864.9297,825.3662)
    //[calendar_time:2026-10-10 22:23:16.320  system_uptime:346440]
    // Sending event #300
    //[calendar_time:2026-10-10 22:23:16.373  system_uptime:346493]
    // Sending event #300
:Sending Touch (ACTION_DOWN): 0:(782.0,368.0)
:Sending Touch (ACTION_UP): 0:(778.67285,375.02344)
    // Rejecting start of Intent { act=android.settings.SETTINGS cmp=com.android.settings/.homepage.SettingsHomepageActivity } in package com.android.settings
:Sending Touch (ACTION_DOWN): 0:(1030.0,2075.0)
:Sending Touch (ACTION_UP): 0:(1039.3779,2077.8135)
:Sending Touch (ACTION_DOWN): 0:(81.0,1556.0)
:Sending Touch (ACTION_UP): 0:(84.30371,1552.4404)
    // Rejecting start of Intent { act=android.intent.action.MAIN cat=[android.intent.category.LAUNCHER] cmp=com.google.android.calendar/com.android.calendar.AllInOneActivity } in package com.google.android.calendar
:Sending Touch (ACTION_DOWN): 0:(589.0,14.0)
:Sending Touch (ACTION_UP): 0:(577.4199,0.0)
:Sending Touch (ACTION_DOWN): 0:(881.0,8.0)
:Sending Touch (ACTION_UP): 0:(896.50684,13.557617)
:Sending Touch (ACTION_DOWN): 0:(511.0,213.0)
:Sending Touch (ACTION_UP): 0:(498.0537,207.6289)
:Sending Touch (ACTION_DOWN): 0:(11.0,1440.0)
:Sending Touch (ACTION_UP): 0:(5.930664,1438.3838)
:Sending Touch (ACTION_DOWN): 0:(11.0,1436.0)
:Sending Touch (ACTION_UP): 0:(3.7089844,1441.2285)
:Sending Touch (ACTION_DOWN): 0:(397.0,259.0)
:Sending Touch (ACTION_UP): 0:(364.4287,303.34668)
:Sending Touch (ACTION_DOWN): 0:(17.0,1245.0)
    //[calendar_time:2026-10-10 22:23:20.811  system_uptime:350933]
    // Sending event #400
:Sending Touch (ACTION_UP): 0:(78.85156,1320.2168)
:Sending Touch (ACTION_DOWN): 0:(716.0,275.0)
:Sending Touch (ACTION_UP): 0:(714.6738,261.02734)
:Sending Touch (ACTION_DOWN): 0:(929.0,1399.0)
:Sending Touch (ACTION_UP): 0:(997.5967,1469.5098)
:Sending Touch (ACTION_DOWN): 0:(29.0,110.0)
:Sending Touch (ACTION_UP): 0:(9.238281,101.30078)
:Sending Touch (ACTION_DOWN): 0:(726.0,527.0)
:Sending Touch (ACTION_UP): 0:(716.9912,533.7705)
    // Rejecting start of Intent { act=android.intent.action.MAIN cat=[android.intent.category.LAUNCHER] cmp=com.google.android.dialer/.extensions.GoogleDialtactsActivity } in package com.google.android.dialer
:Sending Touch (ACTION_DOWN): 0:(120.0,1926.0)
:Sending Touch (ACTION_UP): 0:(135.17871,1936.2793)
    // Rejecting start of Intent { act=android.intent.action.MAIN cat=[android.intent.category.LAUNCHER] cmp=com.google.android.dialer/.extensions.GoogleDialtactsActivity } in package com.google.android.dialer
:Sending Touch (ACTION_DOWN): 0:(621.0,1201.0)
:Sending Touch (ACTION_UP): 0:(625.75586,1197.2695)
:Sending Touch (ACTION_DOWN): 0:(555.0,2129.0)
:Sending Touch (ACTION_UP): 0:(519.80176,2196.331)
:Sending Touch (ACTION_DOWN): 0:(156.0,702.0)
:Sending Touch (ACTION_UP): 0:(154.4541,705.6592)
:Sending Touch (ACTION_DOWN): 0:(379.0,1210.0)
:Sending Touch (ACTION_UP): 0:(435.5078,1226.1875)
:Sending Touch (ACTION_DOWN): 0:(671.0,508.0)
:Sending Touch (ACTION_UP): 0:(603.41406,431.04004)
:Sending Touch (ACTION_DOWN): 0:(892.0,1542.0)
:Sending Touch (ACTION_UP): 0:(871.29395,1553.1611)
:Sending Touch (ACTION_DOWN): 0:(264.0,2199.0)
:Sending Touch (ACTION_UP): 0:(261.0205,2201.4395)
:Sending Touch (ACTION_DOWN): 0:(22.0,1506.0)
:Sending Touch (ACTION_UP): 0:(24.580078,1489.3232)
    //[calendar_time:2026-10-10 22:23:24.175  system_uptime:354294]
    // Sending event #500
    //[calendar_time:2026-10-10 22:23:24.225  system_uptime:354345]
    // Sending event #500
:Sending Touch (ACTION_DOWN): 0:(1070.0,1455.0)
:Sending Touch (ACTION_UP): 0:(1069.7451,1453.3203)
:Sending Touch (ACTION_DOWN): 0:(247.0,1077.0)
:Sending Touch (ACTION_UP): 0:(376.78027,1121.4229)
:Sending Touch (ACTION_DOWN): 0:(940.0,1704.0)
:Sending Touch (ACTION_UP): 0:(954.74316,1749.0068)
:Sending Touch (ACTION_DOWN): 0:(780.0,1197.0)
:Sending Touch (ACTION_UP): 0:(787.7285,1191.8672)
:Sending Touch (ACTION_DOWN): 0:(800.0,123.0)
:Sending Touch (ACTION_UP): 0:(796.5244,123.64258)
:Sending Touch (ACTION_DOWN): 0:(504.0,1162.0)
:Sending Touch (ACTION_UP): 0:(474.73242,1191.5078)
:Sending Touch (ACTION_DOWN): 0:(402.0,1431.0)
:Sending Touch (ACTION_UP): 0:(392.19434,1430.7451)
    // Rejecting start of Intent { act=android.speech.action.WEB_SEARCH cmp=com.google.android.googlequicksearchbox/.SearchActivity } in package com.google.android.googlequicksearchbox
:Sending Touch (ACTION_DOWN): 0:(1078.0,1581.0)
:Sending Touch (ACTION_UP): 0:(1080.0,1573.7051)
:Sending Flip keyboardOpen=false
Got IOException performing flipjava.io.FileNotFoundException: /dev/input/event0: open failed: EACCES (Permission denied)
    // Injection Failed
:Sending Touch (ACTION_DOWN): 0:(774.0,718.0)
:Sending Touch (ACTION_UP): 0:(690.86523,659.6875)
:Sending Touch (ACTION_DOWN): 0:(714.0,759.0)
:Sending Touch (ACTION_UP): 0:(678.8887,749.08887)
    // Rejecting start of Intent { act=android.intent.action.SET_WALLPAPER pkg=com.google.android.apps.wallpaper cmp=com.google.android.apps.wallpaper/com.android.customization.picker.CustomizationPickerActivity } in package com.google.android.apps.wallpaper
:Sending Touch (ACTION_DOWN): 0:(55.0,1498.0)
    //[calendar_time:2026-10-10 22:23:26.258  system_uptime:356378]
    // Sending event #600
:Sending Touch (ACTION_UP): 0:(56.868164,1518.6211)
:Sending Touch (ACTION_DOWN): 0:(138.0,2072.0)
:Sending Touch (ACTION_UP): 0:(138.70898,2070.706)
:Sending Touch (ACTION_DOWN): 0:(962.0,1463.0)
:Sending Touch (ACTION_UP): 0:(958.85156,1471.9463)
:Sending Flip keyboardOpen=true
Got IOException performing flipjava.io.FileNotFoundException: /dev/input/event0: open failed: EACCES (Permission denied)
    // Injection Failed
:Sending Touch (ACTION_DOWN): 0:(893.0,1850.0)
:Sending Touch (ACTION_UP): 0:(876.23047,1860.6299)
:Sending Touch (ACTION_DOWN): 0:(911.0,1136.0)
:Sending Touch (ACTION_UP): 0:(923.22656,1133.8613)
:Sending Touch (ACTION_DOWN): 0:(676.0,1650.0)
:Sending Touch (ACTION_UP): 0:(750.56055,1584.998)
:Sending Touch (ACTION_DOWN): 0:(497.0,1027.0)
:Sending Touch (ACTION_UP): 0:(502.26172,1030.46)
:Sending Touch (ACTION_DOWN): 0:(630.0,1424.0)
:Sending Touch (ACTION_UP): 0:(613.1279,1435.2715)
:Sending Touch (ACTION_DOWN): 0:(193.0,2133.0)
:Sending Touch (ACTION_UP): 0:(192.22656,2137.1836)
:Sending Touch (ACTION_DOWN): 0:(759.0,1732.0)
:Sending Touch (ACTION_UP): 0:(748.2676,1729.5166)
    // Injection Failed
:Sending Touch (ACTION_DOWN): 0:(814.0,177.0)
:Sending Touch (ACTION_UP): 0:(797.85254,175.30664)
:Sending Touch (ACTION_DOWN): 0:(21.0,1028.0)
:Sending Touch (ACTION_UP): 0:(0.0,942.0166)
:Sending Touch (ACTION_DOWN): 0:(815.0,775.0)
:Sending Touch (ACTION_UP): 0:(828.4346,779.4756)
:Sending Touch (ACTION_DOWN): 0:(1052.0,1210.0)
:Sending Touch (ACTION_UP): 0:(1060.3447,1210.6025)
:Sending Touch (ACTION_DOWN): 0:(311.0,484.0)
    //[calendar_time:2026-10-10 22:23:31.173  system_uptime:361293]
    // Sending event #700
:Sending Touch (ACTION_UP): 0:(216.41992,517.60645)
:Sending Touch (ACTION_DOWN): 0:(42.0,432.0)
:Sending Touch (ACTION_UP): 0:(7.1220703,512.3291)
:Sending Touch (ACTION_DOWN): 0:(364.0,1517.0)
:Sending Touch (ACTION_UP): 0:(346.57715,1576.7617)
:Sending Touch (ACTION_DOWN): 0:(174.0,1569.0)
:Sending Touch (ACTION_UP): 0:(181.28418,1577.9648)
:Sending Touch (ACTION_DOWN): 0:(840.0,1077.0)
:Sending Touch (ACTION_UP): 0:(798.63477,1116.6553)
:Sending Touch (ACTION_DOWN): 0:(354.0,825.0)
:Sending Touch (ACTION_UP): 0:(331.06836,898.4121)
:Sending Touch (ACTION_DOWN): 0:(381.0,1537.0)
:Sending Touch (ACTION_UP): 0:(385.1836,1532.4404)
:Sending Touch (ACTION_DOWN): 0:(819.0,1270.0)
:Sending Touch (ACTION_UP): 0:(833.6426,1275.6016)
:Sending Touch (ACTION_DOWN): 0:(913.0,1789.0)
:Sending Touch (ACTION_UP): 0:(935.08496,1839.0615)
    //[calendar_time:2026-10-10 22:23:35.679  system_uptime:365799]
    // Sending event #800
    //[calendar_time:2026-10-10 22:23:35.729  system_uptime:365849]
    // Sending event #800
:Sending Touch (ACTION_DOWN): 0:(64.0,52.0)
:Sending Touch (ACTION_UP): 0:(107.84082,97.56738)
:Sending Touch (ACTION_DOWN): 0:(38.0,131.0)
:Sending Touch (ACTION_UP): 0:(41.442383,129.95996)
:Sending Touch (ACTION_DOWN): 0:(57.0,1999.0)
:Sending Touch (ACTION_UP): 0:(55.344727,2002.1631)
:Sending Touch (ACTION_DOWN): 0:(410.0,1027.0)
:Sending Touch (ACTION_UP): 0:(416.5459,1024.8906)
:Sending Touch (ACTION_DOWN): 0:(773.0,1188.0)
:Sending Touch (ACTION_UP): 0:(774.6074,1188.7334)
:Sending Touch (ACTION_DOWN): 0:(399.0,749.0)
:Sending Touch (ACTION_UP): 0:(421.1787,741.6113)
:Sending Touch (ACTION_DOWN): 0:(610.0,1298.0)
:Sending Touch (ACTION_UP): 0:(612.3906,1310.581)
:Sending Touch (ACTION_DOWN): 0:(724.0,630.0)
:Sending Touch (ACTION_UP): 0:(723.5947,638.6592)
:Sending Touch (ACTION_DOWN): 0:(501.0,482.0)
:Sending Touch (ACTION_UP): 0:(513.21484,494.60352)
:Sending Touch (ACTION_DOWN): 0:(745.0,2097.0)
:Sending Touch (ACTION_UP): 0:(715.6865,2114.0547)
:Sending Touch (ACTION_DOWN): 0:(697.0,505.0)
:Sending Touch (ACTION_UP): 0:(735.6172,398.8662)
:Sending Touch (ACTION_DOWN): 0:(973.0,864.0)
:Sending Touch (ACTION_UP): 0:(977.4658,862.18164)
    //[calendar_time:2026-10-10 22:23:39.148  system_uptime:369269]
    // Sending event #900
    //[calendar_time:2026-10-10 22:23:39.202  system_uptime:369321]
    // Sending event #900
:Sending Touch (ACTION_DOWN): 0:(683.0,1055.0)
:Sending Touch (ACTION_UP): 0:(680.6699,1060.7637)
:Sending Touch (ACTION_DOWN): 0:(595.0,907.0)
:Sending Touch (ACTION_UP): 0:(617.0742,928.32324)
:Sending Touch (ACTION_DOWN): 0:(495.0,696.0)
:Sending Touch (ACTION_UP): 0:(502.28125,692.2002)
:Sending Touch (ACTION_DOWN): 0:(744.0,1312.0)
:Sending Touch (ACTION_UP): 0:(737.0967,1329.1201)
:Sending Touch (ACTION_DOWN): 0:(893.0,1858.0)
:Sending Touch (ACTION_UP): 0:(886.54297,1860.9268)
:Sending Touch (ACTION_DOWN): 0:(1047.0,604.0)
:Sending Touch (ACTION_UP): 0:(1074.8164,608.42773)
:Sending Touch (ACTION_DOWN): 0:(735.0,1329.0)
:Sending Touch (ACTION_UP): 0:(735.333,1332.5508)
:Sending Touch (ACTION_DOWN): 0:(528.0,725.0)
:Sending Touch (ACTION_UP): 0:(489.41406,741.0459)
:Sending Touch (ACTION_DOWN): 0:(933.0,880.0)
:Sending Touch (ACTION_UP): 0:(950.1201,879.97266)
:Sending Touch (ACTION_DOWN): 0:(494.0,194.0)
:Sending Touch (ACTION_UP): 0:(474.2461,180.89648)
:Sending Touch (ACTION_DOWN): 0:(654.0,1371.0)
:Sending Touch (ACTION_UP): 0:(553.16797,1322.5049)
:Sending Touch (ACTION_DOWN): 0:(662.0,853.0)
:Sending Touch (ACTION_UP): 0:(667.70215,856.3008)
:Sending Touch (ACTION_DOWN): 0:(96.0,1188.0)
:Sending Touch (ACTION_UP): 0:(77.57031,1190.7656)
:Sending Touch (ACTION_DOWN): 0:(1018.0,2077.0)
:Sending Touch (ACTION_UP): 0:(926.8379,2092.2324)
:Sending Touch (ACTION_DOWN): 0:(771.0,1452.0)
:Sending Touch (ACTION_UP): 0:(770.5498,1452.9746)
    //[calendar_time:2026-10-10 22:23:42.795  system_uptime:372915]
    // Sending event #1000
    //[calendar_time:2026-10-10 22:23:42.845  system_uptime:372965]
    // Sending event #1000
:Sending Touch (ACTION_DOWN): 0:(699.0,1607.0)
:Sending Touch (ACTION_UP): 0:(707.3994,1611.3105)
:Sending Touch (ACTION_DOWN): 0:(360.0,2124.0)
:Sending Touch (ACTION_UP): 0:(388.46582,2102.5527)
    // Rejecting start of Intent { act=android.speech.action.WEB_SEARCH cmp=com.google.android.googlequicksearchbox/.SearchActivity } in package com.google.android.googlequicksearchbox
:Sending Touch (ACTION_DOWN): 0:(763.0,1467.0)
:Sending Touch (ACTION_UP): 0:(760.75,1475.7109)
:Sending Touch (ACTION_DOWN): 0:(197.0,106.0)
:Sending Touch (ACTION_UP): 0:(191.80176,105.71582)
:Sending Touch (ACTION_DOWN): 0:(204.0,560.0)
:Sending Touch (ACTION_UP): 0:(230.16113,605.31445)
:Sending Touch (ACTION_DOWN): 0:(877.0,2091.0)
:Sending Touch (ACTION_UP): 0:(935.7119,2101.1152)
:Sending Touch (ACTION_DOWN): 0:(1036.0,1472.0)
:Sending Touch (ACTION_UP): 0:(1038.4199,1464.5957)
:Sending Touch (ACTION_DOWN): 0:(293.0,509.0)
:Sending Touch (ACTION_UP): 0:(289.19336,518.1553)
:Sending Touch (ACTION_DOWN): 0:(682.0,1193.0)
:Sending Touch (ACTION_UP): 0:(680.88965,1201.165)
:Sending Touch (ACTION_DOWN): 0:(61.0,1788.0)
:Sending Touch (ACTION_UP): 0:(54.692383,1789.3818)
:Sending Touch (ACTION_DOWN): 0:(642.0,1305.0)
:Sending Touch (ACTION_UP): 0:(641.58496,1306.668)
    //[calendar_time:2026-10-10 22:23:47.438  system_uptime:377558]
    // Sending event #1100
    //[calendar_time:2026-10-10 22:23:47.489  system_uptime:377608]
    // Sending event #1100
:Sending Touch (ACTION_DOWN): 0:(397.0,2093.0)
:Sending Touch (ACTION_UP): 0:(421.34668,2209.0)
:Sending Flip keyboardOpen=false
Got IOException performing flipjava.io.FileNotFoundException: /dev/input/event0: open failed: EACCES (Permission denied)
    // Injection Failed
:Sending Touch (ACTION_DOWN): 0:(1028.0,780.0)
:Sending Touch (ACTION_UP): 0:(929.83105,842.5166)
:Sending Touch (ACTION_DOWN): 0:(717.0,34.0)
:Sending Touch (ACTION_UP): 0:(784.81836,0.0)
:Sending Touch (ACTION_DOWN): 0:(384.0,1393.0)
:Sending Touch (ACTION_UP): 0:(383.83105,1392.501)
:Sending Touch (ACTION_DOWN): 0:(186.0,2098.0)
:Sending Touch (ACTION_UP): 0:(194.81738,2097.8242)
:Sending Flip keyboardOpen=true
Got IOException performing flipjava.io.FileNotFoundException: /dev/input/event0: open failed: EACCES (Permission denied)
    // Injection Failed
:Sending Touch (ACTION_DOWN): 0:(747.0,1860.0)
:Sending Touch (ACTION_UP): 0:(718.13086,1891.8203)
:Sending Touch (ACTION_DOWN): 0:(473.0,578.0)
:Sending Touch (ACTION_UP): 0:(489.15234,582.82324)
:Sending Touch (ACTION_DOWN): 0:(451.0,1248.0)
:Sending Touch (ACTION_UP): 0:(446.57227,1247.2754)
:Sending Touch (ACTION_DOWN): 0:(371.0,530.0)
:Sending Touch (ACTION_UP): 0:(410.78613,481.6084)
:Sending Touch (ACTION_DOWN): 0:(63.0,163.0)
    //[calendar_time:2026-10-10 22:23:51.596  system_uptime:381715]
    // Sending event #1200
:Sending Touch (ACTION_UP): 0:(41.710938,118.34473)
:Sending Touch (ACTION_DOWN): 0:(1054.0,19.0)
:Sending Touch (ACTION_UP): 0:(1054.5,17.341797)
:Sending Touch (ACTION_DOWN): 0:(1051.0,316.0)
:Sending Touch (ACTION_UP): 0:(1051.5039,315.88086)
:Sending Touch (ACTION_DOWN): 0:(963.0,1912.0)
:Sending Touch (ACTION_UP): 0:(950.2627,1915.0957)
    // Allowing start of Intent { act=android.intent.action.MAIN cat=[android.intent.category.LAUNCHER] cmp=app.cayresim/.shell.MainActivity } in package app.cayresim
:Sending Touch (ACTION_DOWN): 0:(59.0,1741.0)
:Sending Touch (ACTION_UP): 0:(49.12793,1764.4033)
:Sending Touch (ACTION_DOWN): 0:(300.0,1307.0)
:Sending Touch (ACTION_UP): 0:(342.22266,1285.1406)
:Sending Touch (ACTION_DOWN): 0:(213.0,2043.0)
:Sending Touch (ACTION_UP): 0:(215.67871,2032.5742)
:Sending Touch (ACTION_DOWN): 0:(196.0,288.0)
:Sending Touch (ACTION_UP): 0:(201.69336,287.76562)
:Sending Touch (ACTION_DOWN): 0:(950.0,1075.0)
:Sending Touch (ACTION_UP): 0:(949.86035,1092.4727)
:Sending Touch (ACTION_DOWN): 0:(225.0,93.0)
:Sending Touch (ACTION_UP): 0:(211.6836,92.80859)
:Sending Touch (ACTION_DOWN): 0:(688.0,1581.0)
:Sending Touch (ACTION_UP): 0:(678.5791,1574.832)
:Sending Touch (ACTION_DOWN): 0:(805.0,423.0)
:Sending Touch (ACTION_UP): 0:(782.22363,386.3418)
:Sending Touch (ACTION_DOWN): 0:(731.0,638.0)
:Sending Touch (ACTION_UP): 0:(642.2988,555.5615)
:Sending Touch (ACTION_DOWN): 0:(669.0,1852.0)
:Sending Touch (ACTION_UP): 0:(701.2178,1850.375)
:Sending Touch (ACTION_DOWN): 0:(863.0,2207.0)
:Sending Touch (ACTION_UP): 0:(866.251,2193.4795)
    //[calendar_time:2026-10-10 22:23:56.380  system_uptime:386500]
    // Sending event #1300
:Sending Touch (ACTION_DOWN): 0:(14.0,1132.0)
:Sending Touch (ACTION_UP): 0:(14.97168,1128.2441)
:Sending Touch (ACTION_DOWN): 0:(869.0,632.0)
:Sending Touch (ACTION_UP): 0:(889.0215,665.1494)
:Sending Touch (ACTION_DOWN): 0:(360.0,1372.0)
:Sending Touch (ACTION_UP): 0:(347.77148,1285.7979)
:Sending Touch (ACTION_DOWN): 0:(405.0,1576.0)
:Sending Touch (ACTION_UP): 0:(402.16895,1575.9375)
:Sending Touch (ACTION_DOWN): 0:(297.0,868.0)
:Sending Touch (ACTION_UP): 0:(330.70605,852.0596)
:Sending Touch (ACTION_DOWN): 0:(984.0,0.0)
:Sending Touch (ACTION_UP): 0:(966.60156,0.0)
:Sending Touch (ACTION_DOWN): 0:(207.0,1980.0)
:Sending Touch (ACTION_UP): 0:(172.01855,1962.6572)
:Sending Touch (ACTION_DOWN): 0:(12.0,1837.0)
:Sending Touch (ACTION_UP): 0:(14.180664,1838.8887)
:Sending Touch (ACTION_DOWN): 0:(343.0,2056.0)
:Sending Touch (ACTION_UP): 0:(327.27637,2060.5283)
:Sending Touch (ACTION_DOWN): 0:(150.0,1953.0)
:Sending Touch (ACTION_UP): 0:(141.5332,1936.2168)
:Sending Touch (ACTION_DOWN): 0:(690.0,1609.0)
:Sending Touch (ACTION_UP): 0:(728.7578,1638.9199)
:Sending Touch (ACTION_DOWN): 0:(565.0,2023.0)
:Sending Touch (ACTION_UP): 0:(624.85645,1971.9043)
    // Allowing start of Intent { act=android.intent.action.MAIN cat=[android.intent.category.HOME] cmp=com.google.android.apps.nexuslauncher/.NexusLauncherActivity } in package com.google.android.apps.nexuslauncher
    // Injection Failed
    //[calendar_time:2026-10-10 22:24:01.195  system_uptime:391315]
    // Sending event #1400
:Sending Touch (ACTION_DOWN): 0:(354.0,1006.0)
:Sending Touch (ACTION_UP): 0:(356.23145,1005.60254)
:Sending Touch (ACTION_DOWN): 0:(481.0,2117.0)
:Sending Touch (ACTION_UP): 0:(495.40234,2126.2979)
:Sending Touch (ACTION_DOWN): 0:(824.0,142.0)
:Sending Touch (ACTION_UP): 0:(823.3594,124.31738)
:Sending Touch (ACTION_DOWN): 0:(98.0,1518.0)
:Sending Touch (ACTION_UP): 0:(109.538086,1525.8086)
:Sending Touch (ACTION_DOWN): 0:(265.0,1426.0)
:Sending Touch (ACTION_UP): 0:(255.1748,1428.9932)
:Sending Touch (ACTION_DOWN): 0:(138.0,1606.0)
:Sending Touch (ACTION_UP): 0:(133.50195,1605.5088)
:Sending Touch (ACTION_DOWN): 0:(249.0,2012.0)
:Sending Touch (ACTION_UP): 0:(233.08398,2053.1484)
:Sending Touch (ACTION_DOWN): 0:(843.0,1452.0)
:Sending Touch (ACTION_UP): 0:(853.19336,1450.8125)
:Sending Touch (ACTION_DOWN): 0:(541.0,199.0)
:Sending Touch (ACTION_UP): 0:(551.7295,199.64062)
:Sending Touch (ACTION_DOWN): 0:(447.0,1776.0)
:Sending Touch (ACTION_UP): 0:(407.98242,1750.1279)
:Sending Touch (ACTION_DOWN): 0:(1059.0,1924.0)
:Sending Touch (ACTION_UP): 0:(1063.5371,1931.6699)
:Sending Touch (ACTION_DOWN): 0:(1058.0,1129.0)
:Sending Touch (ACTION_UP): 0:(1054.9404,1133.2588)
:Sending Flip keyboardOpen=false
Got IOException performing flipjava.io.FileNotFoundException: /dev/input/event0: open failed: EACCES (Permission denied)
    // Injection Failed
    // Rejecting start of Intent { act=android.intent.action.MAIN cat=[android.intent.category.LAUNCHER] cmp=com.google.android.dialer/.extensions.GoogleDialtactsActivity } in package com.google.android.dialer
:Sending Touch (ACTION_DOWN): 0:(1030.0,8.0)
:Sending Touch (ACTION_UP): 0:(1080.0,0.0)
:Sending Touch (ACTION_DOWN): 0:(153.0,1566.0)
:Sending Touch (ACTION_UP): 0:(58.29004,1557.6807)
:Sending Touch (ACTION_DOWN): 0:(521.0,1513.0)
:Sending Touch (ACTION_UP): 0:(556.24805,1514.7969)
:Sending Touch (ACTION_DOWN): 0:(923.0,1208.0)
:Sending Touch (ACTION_UP): 0:(920.35156,1207.5732)
:Sending Touch (ACTION_DOWN): 0:(330.0,1014.0)
:Sending Touch (ACTION_UP): 0:(323.93848,1005.85547)
    //[calendar_time:2026-10-10 22:24:06.240  system_uptime:396360]
    // Sending event #1500
    //[calendar_time:2026-10-10 22:24:06.290  system_uptime:396410]
    // Sending event #1500
:Sending Touch (ACTION_DOWN): 0:(144.0,59.0)
:Sending Touch (ACTION_UP): 0:(149.03418,62.793945)
    // Rejecting start of Intent { act=android.intent.action.SHOW_ALARMS cmp=com.google.android.deskclock/com.android.deskclock.HandleApiCalls } in package com.google.android.deskclock
:Sending Touch (ACTION_DOWN): 0:(7.0,197.0)
:Sending Touch (ACTION_UP): 0:(1.3564453,199.45996)
:Sending Touch (ACTION_DOWN): 0:(913.0,378.0)
:Sending Touch (ACTION_UP): 0:(907.8379,380.73145)
:Sending Touch (ACTION_DOWN): 0:(341.0,383.0)
:Sending Touch (ACTION_UP): 0:(334.01465,361.45312)
:Sending Touch (ACTION_DOWN): 0:(504.0,1738.0)
:Sending Touch (ACTION_UP): 0:(498.12402,1751.9658)
:Sending Touch (ACTION_DOWN): 0:(282.0,2029.0)
:Sending Touch (ACTION_UP): 0:(265.90625,1958.7383)
:Sending Touch (ACTION_DOWN): 0:(263.0,288.0)
:Sending Touch (ACTION_UP): 0:(256.11523,287.70605)
:Sending Touch (ACTION_DOWN): 0:(490.0,976.0)
:Sending Touch (ACTION_UP): 0:(491.97852,973.75684)
:Sending Touch (ACTION_DOWN): 0:(747.0,1404.0)
:Sending Touch (ACTION_UP): 0:(743.1221,1406.5449)
:Sending Touch (ACTION_DOWN): 0:(835.0,1741.0)
:Sending Touch (ACTION_UP): 0:(846.42676,1742.3896)
:Sending Touch (ACTION_DOWN): 0:(291.0,1114.0)
:Sending Touch (ACTION_UP): 0:(335.60742,1073.4775)
:Sending Touch (ACTION_DOWN): 0:(1026.0,810.0)
:Sending Touch (ACTION_UP): 0:(1028.3965,808.69727)
:Sending Touch (ACTION_DOWN): 0:(541.0,1635.0)
:Sending Touch (ACTION_UP): 0:(545.2637,1634.4492)
:Sending Touch (ACTION_DOWN): 0:(812.0,753.0)
:Sending Touch (ACTION_UP): 0:(850.042,702.01074)
:Sending Touch (ACTION_DOWN): 0:(216.0,643.0)
:Sending Touch (ACTION_UP): 0:(209.31738,642.9912)
:Sending Touch (ACTION_DOWN): 0:(366.0,487.0)
:Sending Touch (ACTION_UP): 0:(365.75977,488.1289)
    // Rejecting start of Intent { act=android.intent.action.MAIN cat=[android.intent.category.LAUNCHER] cmp=com.android.settings/.Settings } in package com.android.settings
    //[calendar_time:2026-10-10 22:24:09.480  system_uptime:399600]
    // Sending event #1600
    //[calendar_time:2026-10-10 22:24:09.531  system_uptime:399651]
    // Sending event #1600
:Sending Touch (ACTION_DOWN): 0:(809.0,1508.0)
:Sending Touch (ACTION_UP): 0:(862.1299,1613.6494)
:Sending Touch (ACTION_DOWN): 0:(449.0,1271.0)
:Sending Touch (ACTION_UP): 0:(446.2041,1287.8398)
:Sending Touch (ACTION_DOWN): 0:(193.0,828.0)
:Sending Touch (ACTION_UP): 0:(196.89062,832.77637)
:Sending Touch (ACTION_DOWN): 0:(440.0,1212.0)
:Sending Touch (ACTION_UP): 0:(439.34082,1193.458)
:Sending Touch (ACTION_DOWN): 0:(435.0,1624.0)
:Sending Touch (ACTION_UP): 0:(434.46387,1614.6074)
:Sending Touch (ACTION_DOWN): 0:(264.0,1463.0)
:Sending Touch (ACTION_UP): 0:(269.1797,1474.6865)
:Sending Touch (ACTION_DOWN): 0:(888.0,541.0)
:Sending Touch (ACTION_UP): 0:(884.17285,551.2783)
:Sending Touch (ACTION_DOWN): 0:(941.0,1986.0)
:Sending Touch (ACTION_UP): 0:(940.1836,1995.5322)
    // Allowing start of Intent { act=android.intent.action.MAIN cat=[android.intent.category.LAUNCHER] cmp=app.cayresim/.shell.MainActivity } in package app.cayresim
:Sending Touch (ACTION_DOWN): 0:(71.0,157.0)
:Sending Touch (ACTION_UP): 0:(66.24902,171.42773)
:Sending Flip keyboardOpen=true
Got IOException performing flipjava.io.FileNotFoundException: /dev/input/event0: open failed: EACCES (Permission denied)
    // Injection Failed
:Sending Touch (ACTION_DOWN): 0:(286.0,1557.0)
:Sending Touch (ACTION_UP): 0:(301.28613,1559.5615)
:Sending Touch (ACTION_DOWN): 0:(816.0,733.0)
:Sending Touch (ACTION_UP): 0:(817.6338,726.27637)
:Sending Touch (ACTION_DOWN): 0:(1067.0,426.0)
:Sending Touch (ACTION_UP): 0:(1065.1572,408.99805)
:Sending Touch (ACTION_DOWN): 0:(596.0,1530.0)
:Sending Touch (ACTION_UP): 0:(566.0674,1480.7422)
    //[calendar_time:2026-10-10 22:24:15.534  system_uptime:405654]
    // Sending event #1700
    //[calendar_time:2026-10-10 22:24:15.587  system_uptime:405707]
    // Sending event #1700
:Sending Flip keyboardOpen=false
Got IOException performing flipjava.io.FileNotFoundException: /dev/input/event0: open failed: EACCES (Permission denied)
    // Injection Failed
:Sending Touch (ACTION_DOWN): 0:(320.0,1310.0)
:Sending Touch (ACTION_UP): 0:(341.22754,1304.4893)
:Sending Touch (ACTION_DOWN): 0:(803.0,646.0)
:Sending Touch (ACTION_UP): 0:(796.41797,646.8906)
:Sending Touch (ACTION_DOWN): 0:(696.0,189.0)
:Sending Touch (ACTION_UP): 0:(565.57324,112.59961)
:Sending Touch (ACTION_DOWN): 0:(410.0,943.0)
:Sending Touch (ACTION_UP): 0:(409.8545,943.25195)
:Sending Touch (ACTION_DOWN): 0:(307.0,1237.0)
:Sending Touch (ACTION_UP): 0:(380.11133,1233.8906)
:Sending Touch (ACTION_DOWN): 0:(233.0,326.0)
:Sending Touch (ACTION_UP): 0:(221.58496,176.38574)
:Sending Touch (ACTION_DOWN): 0:(865.0,1510.0)
:Sending Touch (ACTION_UP): 0:(857.82227,1511.0117)
:Sending Touch (ACTION_DOWN): 0:(779.0,184.0)
    //[calendar_time:2026-10-10 22:24:20.540  system_uptime:410660]
    // Sending event #1800
:Sending Touch (ACTION_UP): 0:(761.7549,319.83984)
:Sending Touch (ACTION_DOWN): 0:(927.0,2120.0)
:Sending Touch (ACTION_UP): 0:(906.8154,2126.8877)
:Sending Touch (ACTION_DOWN): 0:(957.0,2101.0)
:Sending Touch (ACTION_UP): 0:(958.1416,2099.0967)
:Sending Touch (ACTION_DOWN): 0:(689.0,199.0)
:Sending Touch (ACTION_UP): 0:(657.4453,240.53906)
:Sending Touch (ACTION_DOWN): 0:(195.0,561.0)
:Sending Touch (ACTION_UP): 0:(268.10254,556.2471)
:Sending Touch (ACTION_DOWN): 0:(103.0,945.0)
:Sending Touch (ACTION_UP): 0:(96.450195,954.83984)
:Sending Touch (ACTION_DOWN): 0:(959.0,1000.0)
:Sending Touch (ACTION_UP): 0:(955.2588,1000.4668)
:Sending Touch (ACTION_DOWN): 0:(632.0,1938.0)
:Sending Touch (ACTION_UP): 0:(623.5381,1921.165)
:Sending Touch (ACTION_DOWN): 0:(1021.0,1755.0)
:Sending Touch (ACTION_UP): 0:(1023.14355,1736.0967)
:Sending Touch (ACTION_DOWN): 0:(97.0,949.0)
:Sending Touch (ACTION_UP): 0:(89.30664,940.38965)
:Sending Touch (ACTION_DOWN): 0:(341.0,971.0)
:Sending Touch (ACTION_UP): 0:(341.2666,978.13965)
:Sending Touch (ACTION_DOWN): 0:(281.0,1150.0)
:Sending Touch (ACTION_UP): 0:(294.6709,1157.124)
:Sending Touch (ACTION_DOWN): 0:(463.0,2177.0)
:Sending Touch (ACTION_UP): 0:(446.54004,2161.9443)
:Sending Touch (ACTION_DOWN): 0:(121.0,621.0)
:Sending Touch (ACTION_UP): 0:(214.98535,573.5801)
:Sending Touch (ACTION_DOWN): 0:(558.0,45.0)
:Sending Touch (ACTION_UP): 0:(558.8721,33.82129)
    //[calendar_time:2026-10-10 22:24:23.885  system_uptime:414004]
    // Sending event #1900
    //[calendar_time:2026-10-10 22:24:23.935  system_uptime:414055]
    // Sending event #1900
:Sending Touch (ACTION_DOWN): 0:(954.0,1543.0)
:Sending Touch (ACTION_UP): 0:(892.9385,1619.5732)
:Sending Touch (ACTION_DOWN): 0:(726.0,1838.0)
:Sending Touch (ACTION_UP): 0:(766.3047,1790.0146)
:Sending Touch (ACTION_DOWN): 0:(657.0,1782.0)
:Sending Touch (ACTION_UP): 0:(659.31445,1786.4873)
:Sending Touch (ACTION_DOWN): 0:(477.0,1979.0)
:Sending Touch (ACTION_UP): 0:(479.4453,1977.8945)
:Sending Touch (ACTION_DOWN): 0:(124.0,1175.0)
:Sending Touch (ACTION_UP): 0:(136.9961,1175.5703)
:Sending Touch (ACTION_DOWN): 0:(1036.0,2029.0)
:Sending Touch (ACTION_UP): 0:(1032.0381,2025.4941)
:Sending Touch (ACTION_DOWN): 0:(766.0,48.0)
:Sending Touch (ACTION_UP): 0:(767.03613,49.54492)
:Sending Touch (ACTION_DOWN): 0:(215.0,895.0)
:Sending Touch (ACTION_UP): 0:(226.18945,883.3447)
:Sending Touch (ACTION_DOWN): 0:(914.0,561.0)
:Sending Touch (ACTION_UP): 0:(922.7803,572.7295)
:Sending Touch (ACTION_DOWN): 0:(519.0,19.0)
:Sending Touch (ACTION_UP): 0:(516.06934,23.773438)
:Sending Touch (ACTION_DOWN): 0:(552.0,385.0)
:Sending Touch (ACTION_UP): 0:(611.7471,488.53418)
:Sending Touch (ACTION_DOWN): 0:(656.0,1604.0)
:Sending Touch (ACTION_UP): 0:(660.2412,1596.4473)
    //[calendar_time:2026-10-10 22:24:28.361  system_uptime:418481]
    // Sending event #2000
:Sending Touch (ACTION_DOWN): 0:(137.0,900.0)
:Sending Touch (ACTION_UP): 0:(42.588867,869.2842)
:Sending Touch (ACTION_DOWN): 0:(1043.0,2001.0)
:Sending Touch (ACTION_UP): 0:(975.0078,1997.1846)
:Sending Touch (ACTION_DOWN): 0:(278.0,661.0)
:Sending Touch (ACTION_UP): 0:(431.74512,567.8633)
:Sending Touch (ACTION_DOWN): 0:(933.0,533.0)
:Sending Touch (ACTION_UP): 0:(856.0879,616.1338)
:Sending Touch (ACTION_DOWN): 0:(505.0,1211.0)
:Sending Touch (ACTION_UP): 0:(536.8535,1218.5459)
:Sending Touch (ACTION_DOWN): 0:(642.0,1286.0)
:Sending Touch (ACTION_UP): 0:(570.83203,1229.1396)
    // activityResuming(app.cayresim)
:Sending Touch (ACTION_DOWN): 0:(201.0,1223.0)
:Sending Touch (ACTION_UP): 0:(200.16797,1217.1904)
:Sending Touch (ACTION_DOWN): 0:(522.0,506.0)
:Sending Touch (ACTION_UP): 0:(530.27246,520.44824)
:Sending Touch (ACTION_DOWN): 0:(42.0,1018.0)
:Sending Touch (ACTION_UP): 0:(38.975586,1020.33105)
:Sending Touch (ACTION_DOWN): 0:(281.0,476.0)
:Sending Touch (ACTION_UP): 0:(271.97852,473.66016)
:Sending Touch (ACTION_DOWN): 0:(968.0,2061.0)
:Sending Touch (ACTION_UP): 0:(982.16406,2046.2803)
    // Allowing start of Intent { act=android.intent.action.MAIN cat=[android.intent.category.LAUNCHER] cmp=app.cayresim/.shell.MainActivity } in package app.cayresim
:Sending Touch (ACTION_DOWN): 0:(579.0,946.0)
:Sending Touch (ACTION_UP): 0:(575.40234,943.66406)
:Sending Touch (ACTION_DOWN): 0:(572.0,178.0)
    //[calendar_time:2026-10-10 22:24:33.348  system_uptime:423468]
    // Sending event #2100
:Sending Touch (ACTION_UP): 0:(577.3154,162.20703)
:Sending Touch (ACTION_DOWN): 0:(220.0,528.0)
:Sending Touch (ACTION_UP): 0:(219.86426,531.1787)
:Sending Touch (ACTION_DOWN): 0:(562.0,1496.0)
:Sending Touch (ACTION_UP): 0:(561.1162,1497.0225)
:Sending Touch (ACTION_DOWN): 0:(1063.0,905.0)
:Sending Touch (ACTION_UP): 0:(1063.8818,902.20703)
:Sending Touch (ACTION_DOWN): 0:(412.0,1406.0)
:Sending Touch (ACTION_UP): 0:(405.71582,1406.1621)
:Sending Touch (ACTION_DOWN): 0:(479.0,275.0)
:Sending Touch (ACTION_UP): 0:(477.89453,265.28223)
:Sending Touch (ACTION_DOWN): 0:(905.0,1638.0)
:Sending Touch (ACTION_UP): 0:(949.12695,1608.4521)
:Sending Touch (ACTION_DOWN): 0:(807.0,612.0)
:Sending Touch (ACTION_UP): 0:(810.16895,622.0791)
:Sending Touch (ACTION_DOWN): 0:(970.0,1060.0)
:Sending Touch (ACTION_UP): 0:(970.1875,1070.0596)
:Sending Flip keyboardOpen=true
Got IOException performing flipjava.io.FileNotFoundException: /dev/input/event0: open failed: EACCES (Permission denied)
    // Injection Failed
:Sending Touch (ACTION_DOWN): 0:(504.0,2021.0)
:Sending Touch (ACTION_UP): 0:(501.12793,2020.9297)
:Sending Touch (ACTION_DOWN): 0:(941.0,44.0)
:Sending Touch (ACTION_UP): 0:(943.6797,41.52832)
:Sending Touch (ACTION_DOWN): 0:(468.0,836.0)
:Sending Touch (ACTION_UP): 0:(469.53027,833.7031)
:Sending Touch (ACTION_DOWN): 0:(911.0,1093.0)
:Sending Touch (ACTION_UP): 0:(926.46875,1059.0479)
:Sending Touch (ACTION_DOWN): 0:(711.0,388.0)
:Sending Touch (ACTION_UP): 0:(723.1543,355.6455)
    //[calendar_time:2026-10-10 22:24:39.160  system_uptime:429279]
    // Sending event #2200
    //[calendar_time:2026-10-10 22:24:39.211  system_uptime:429331]
    // Sending event #2200
:Sending Touch (ACTION_DOWN): 0:(277.0,351.0)
:Sending Touch (ACTION_UP): 0:(278.72266,347.69238)
:Sending Touch (ACTION_DOWN): 0:(236.0,1313.0)
:Sending Touch (ACTION_UP): 0:(238.34668,1317.5205)
:Sending Touch (ACTION_DOWN): 0:(635.0,1863.0)
:Sending Touch (ACTION_UP): 0:(615.5449,1859.7178)
:Sending Touch (ACTION_DOWN): 0:(448.0,414.0)
:Sending Touch (ACTION_UP): 0:(463.94922,421.80762)
:Sending Touch (ACTION_DOWN): 0:(870.0,1549.0)
:Sending Touch (ACTION_UP): 0:(956.44434,1423.2646)
:Sending Flip keyboardOpen=false
Got IOException performing flipjava.io.FileNotFoundException: /dev/input/event0: open failed: EACCES (Permission denied)
    // Injection Failed
:Sending Touch (ACTION_DOWN): 0:(58.0,1101.0)
:Sending Touch (ACTION_UP): 0:(86.18945,1054.6641)
:Sending Touch (ACTION_DOWN): 0:(1041.0,1718.0)
:Sending Touch (ACTION_UP): 0:(1041.1973,1722.7412)
:Sending Touch (ACTION_DOWN): 0:(438.0,1102.0)
:Sending Touch (ACTION_UP): 0:(443.57324,1107.8916)
:Sending Touch (ACTION_DOWN): 0:(321.0,753.0)
:Sending Touch (ACTION_UP): 0:(268.37402,798.39453)
:Sending Touch (ACTION_DOWN): 0:(602.0,1706.0)
:Sending Touch (ACTION_UP): 0:(615.52246,1707.8027)
    //[calendar_time:2026-10-10 22:24:43.011  system_uptime:433131]
    // Sending event #2300
    //[calendar_time:2026-10-10 22:24:43.063  system_uptime:433189]
    // Sending event #2300
:Sending Touch (ACTION_DOWN): 0:(957.0,2030.0)
:Sending Touch (ACTION_UP): 0:(956.5508,2028.6826)
:Sending Touch (ACTION_DOWN): 0:(1075.0,423.0)
:Sending Touch (ACTION_UP): 0:(1080.0,415.31543)
:Sending Touch (ACTION_DOWN): 0:(10.0,1244.0)
:Sending Touch (ACTION_UP): 0:(71.64746,1179.6436)
:Sending Touch (ACTION_DOWN): 0:(987.0,1553.0)
:Sending Touch (ACTION_UP): 0:(993.39355,1554.5742)
:Sending Touch (ACTION_DOWN): 0:(773.0,269.0)
:Sending Touch (ACTION_UP): 0:(768.79395,266.92676)
:Sending Touch (ACTION_DOWN): 0:(316.0,1276.0)
:Sending Touch (ACTION_UP): 0:(327.16016,1278.5605)
:Sending Touch (ACTION_DOWN): 0:(957.0,1620.0)
:Sending Touch (ACTION_UP): 0:(974.7412,1622.1699)
:Sending Touch (ACTION_DOWN): 0:(943.0,1526.0)
:Sending Touch (ACTION_UP): 0:(931.334,1530.4248)
:Sending Touch (ACTION_DOWN): 0:(461.0,1420.0)
:Sending Touch (ACTION_UP): 0:(454.4043,1411.5957)
:Sending Touch (ACTION_DOWN): 0:(192.0,701.0)
:Sending Touch (ACTION_UP): 0:(211.23535,672.12305)
:Sending Touch (ACTION_DOWN): 0:(512.0,2092.0)
:Sending Touch (ACTION_UP): 0:(514.6914,2093.837)
    //[calendar_time:2026-10-10 22:24:47.183  system_uptime:437303]
    // Sending event #2400
:Sending Touch (ACTION_DOWN): 0:(839.0,318.0)
:Sending Touch (ACTION_UP): 0:(831.19336,313.2705)
:Sending Touch (ACTION_DOWN): 0:(441.0,2181.0)
:Sending Touch (ACTION_UP): 0:(385.2539,2164.3877)
:Sending Touch (ACTION_DOWN): 0:(45.0,1883.0)
:Sending Touch (ACTION_UP): 0:(0.0,1997.376)
:Sending Touch (ACTION_DOWN): 0:(366.0,994.0)
:Sending Touch (ACTION_UP): 0:(346.10352,977.1426)
:Sending Touch (ACTION_DOWN): 0:(116.0,915.0)
:Sending Touch (ACTION_UP): 0:(107.58496,932.87305)
:Sending Touch (ACTION_DOWN): 0:(75.0,977.0)
:Sending Touch (ACTION_UP): 0:(59.59375,975.60645)
:Sending Touch (ACTION_DOWN): 0:(111.0,871.0)
:Sending Touch (ACTION_UP): 0:(110.825195,875.47266)
:Sending Touch (ACTION_DOWN): 0:(609.0,1892.0)
:Sending Touch (ACTION_UP): 0:(608.73047,1842.2412)
:Sending Touch (ACTION_DOWN): 0:(19.0,1687.0)
:Sending Touch (ACTION_UP): 0:(14.9609375,1678.1523)
:Sending Touch (ACTION_DOWN): 0:(62.0,195.0)
:Sending Touch (ACTION_UP): 0:(52.58789,189.97363)
:Sending Touch (ACTION_DOWN): 0:(542.0,992.0)
:Sending Touch (ACTION_UP): 0:(531.0674,988.4082)
:Sending Touch (ACTION_DOWN): 0:(1052.0,906.0)
:Sending Touch (ACTION_UP): 0:(1032.5381,894.78906)
:Sending Touch (ACTION_DOWN): 0:(622.0,1335.0)
:Sending Touch (ACTION_UP): 0:(625.1719,1438.4023)
:Sending Touch (ACTION_DOWN): 0:(853.0,845.0)
:Sending Touch (ACTION_UP): 0:(860.85547,848.584)
:Sending Touch (ACTION_DOWN): 0:(73.0,1627.0)
    //[calendar_time:2026-10-10 22:24:50.346  system_uptime:440465]
    // Sending event #2500
:Sending Touch (ACTION_UP): 0:(81.54492,1541.7705)
:Sending Touch (ACTION_DOWN): 0:(105.0,1062.0)
:Sending Touch (ACTION_UP): 0:(96.5293,1086.1221)
:Sending Touch (ACTION_DOWN): 0:(756.0,1255.0)
:Sending Touch (ACTION_UP): 0:(767.8838,1255.4365)
:Sending Touch (ACTION_DOWN): 0:(422.0,658.0)
:Sending Touch (ACTION_UP): 0:(471.2871,608.97363)
:Sending Touch (ACTION_DOWN): 0:(95.0,432.0)
:Sending Touch (ACTION_UP): 0:(96.00098,434.07812)
:Sending Touch (ACTION_DOWN): 0:(550.0,1489.0)
:Sending Touch (ACTION_UP): 0:(552.56445,1508.2549)
:Sending Touch (ACTION_DOWN): 0:(424.0,1045.0)
:Sending Touch (ACTION_UP): 0:(461.40918,996.666)
:Sending Touch (ACTION_DOWN): 0:(137.0,1676.0)
:Sending Touch (ACTION_UP): 0:(132.10742,1675.1289)
:Sending Touch (ACTION_DOWN): 0:(507.0,788.0)
:Sending Touch (ACTION_UP): 0:(511.64648,792.63086)
:Sending Touch (ACTION_DOWN): 0:(273.0,331.0)
:Sending Touch (ACTION_UP): 0:(273.08008,335.9375)
:Sending Touch (ACTION_DOWN): 0:(50.0,1249.0)
:Sending Touch (ACTION_UP): 0:(33.435547,1240.125)
    //[calendar_time:2026-10-10 22:24:53.632  system_uptime:443752]
    // Sending event #2600
:Sending Touch (ACTION_DOWN): 0:(17.0,1530.0)
:Sending Touch (ACTION_UP): 0:(33.229492,1527.8828)
:Sending Touch (ACTION_DOWN): 0:(1036.0,816.0)
:Sending Touch (ACTION_UP): 0:(1040.1309,806.07227)
:Sending Touch (ACTION_DOWN): 0:(767.0,728.0)
:Sending Touch (ACTION_UP): 0:(762.6367,728.9248)
:Sending Touch (ACTION_DOWN): 0:(562.0,2032.0)
:Sending Touch (ACTION_UP): 0:(566.9258,2037.6934)
:Sending Flip keyboardOpen=true
Got IOException performing flipjava.io.FileNotFoundException: /dev/input/event0: open failed: EACCES (Permission denied)
    // Injection Failed
:Sending Touch (ACTION_DOWN): 0:(320.0,1769.0)
:Sending Touch (ACTION_UP): 0:(280.25098,1797.4766)
:Sending Touch (ACTION_DOWN): 0:(538.0,1003.0)
:Sending Touch (ACTION_UP): 0:(538.40625,1010.7119)
:Sending Touch (ACTION_DOWN): 0:(171.0,150.0)
:Sending Touch (ACTION_UP): 0:(177.00879,148.22656)
:Sending Touch (ACTION_DOWN): 0:(1015.0,1471.0)
:Sending Touch (ACTION_UP): 0:(1019.3213,1477.2568)
:Sending Touch (ACTION_DOWN): 0:(969.0,571.0)
:Sending Touch (ACTION_UP): 0:(982.94434,520.4795)
:Sending Flip keyboardOpen=false
Got IOException performing flipjava.io.FileNotFoundException: /dev/input/event0: open failed: EACCES (Permission denied)
    // Injection Failed
:Sending Touch (ACTION_DOWN): 0:(866.0,86.0)
:Sending Touch (ACTION_UP): 0:(884.81934,116.836914)
:Sending Touch (ACTION_DOWN): 0:(532.0,1433.0)
:Sending Touch (ACTION_UP): 0:(491.64258,1419.6523)
    //[calendar_time:2026-10-10 22:24:57.219  system_uptime:447339]
    // Sending event #2700
    //[calendar_time:2026-10-10 22:24:57.270  system_uptime:447390]
    // Sending event #2700
:Sending Touch (ACTION_DOWN): 0:(757.0,91.0)
:Sending Touch (ACTION_UP): 0:(726.9121,181.29004)
:Sending Touch (ACTION_DOWN): 0:(633.0,295.0)
:Sending Touch (ACTION_UP): 0:(630.89844,291.8418)
:Sending Touch (ACTION_DOWN): 0:(1060.0,309.0)
:Sending Touch (ACTION_UP): 0:(1065.9258,311.22754)
:Sending Touch (ACTION_DOWN): 0:(78.0,20.0)
:Sending Touch (ACTION_UP): 0:(78.47363,11.763672)
:Sending Touch (ACTION_DOWN): 0:(1025.0,2139.0)
:Sending Touch (ACTION_UP): 0:(1021.6289,2136.3154)
:Sending Touch (ACTION_DOWN): 0:(918.0,1504.0)
:Sending Touch (ACTION_UP): 0:(942.83105,1499.54)
:Sending Flip keyboardOpen=true
Got IOException performing flipjava.io.FileNotFoundException: /dev/input/event0: open failed: EACCES (Permission denied)
    // Injection Failed
:Sending Touch (ACTION_DOWN): 0:(659.0,1429.0)
:Sending Touch (ACTION_UP): 0:(638.45215,1431.706)
    // activityResuming(app.cayresim)
:Sending Touch (ACTION_DOWN): 0:(448.0,1574.0)
:Sending Touch (ACTION_UP): 0:(447.30762,1592.1357)
:Sending Touch (ACTION_DOWN): 0:(811.0,1526.0)
:Sending Touch (ACTION_UP): 0:(830.92285,1517.7285)
:Sending Touch (ACTION_DOWN): 0:(1040.0,742.0)
:Sending Touch (ACTION_UP): 0:(1014.916,762.24316)
:Sending Touch (ACTION_DOWN): 0:(1038.0,979.0)
    //[calendar_time:2026-10-10 22:25:01.571  system_uptime:451691]
    // Sending event #2800
:Sending Touch (ACTION_UP): 0:(1067.4883,1005.0781)
:Sending Touch (ACTION_DOWN): 0:(1014.0,332.0)
:Sending Touch (ACTION_UP): 0:(1062.085,411.36328)
:Sending Touch (ACTION_DOWN): 0:(1075.0,1589.0)
:Sending Touch (ACTION_UP): 0:(1080.0,1592.5732)
:Sending Touch (ACTION_DOWN): 0:(496.0,1325.0)
:Sending Touch (ACTION_UP): 0:(463.2295,1310.6396)
:Sending Touch (ACTION_DOWN): 0:(591.0,1320.0)
:Sending Touch (ACTION_UP): 0:(591.7871,1313.5205)
:Sending Touch (ACTION_DOWN): 0:(1.0,839.0)
:Sending Touch (ACTION_UP): 0:(1.4707031,838.8047)
:Sending Touch (ACTION_DOWN): 0:(751.0,1749.0)
:Sending Touch (ACTION_UP): 0:(719.5049,1841.3379)
:Sending Touch (ACTION_DOWN): 0:(494.0,815.0)
:Sending Touch (ACTION_UP): 0:(464.27344,821.83984)
:Sending Flip keyboardOpen=false
Got IOException performing flipjava.io.FileNotFoundException: /dev/input/event0: open failed: EACCES (Permission denied)
    // Injection Failed
:Sending Touch (ACTION_DOWN): 0:(77.0,496.0)
:Sending Touch (ACTION_UP): 0:(80.93457,492.68164)
:Sending Touch (ACTION_DOWN): 0:(555.0,161.0)
:Sending Touch (ACTION_UP): 0:(561.83105,117.93457)
:Sending Touch (ACTION_DOWN): 0:(1027.0,349.0)
:Sending Touch (ACTION_UP): 0:(1080.0,416.3457)
:Sending Touch (ACTION_DOWN): 0:(1072.0,1952.0)
:Sending Touch (ACTION_UP): 0:(1069.6855,1975.1006)
:Sending Touch (ACTION_DOWN): 0:(909.0,810.0)
:Sending Touch (ACTION_UP): 0:(919.626,806.501)
    //[calendar_time:2026-10-10 22:25:03.915  system_uptime:454035]
    // Sending event #2900
    // Rejecting start of Intent { act=android.intent.action.SET_WALLPAPER pkg=com.google.android.apps.wallpaper cmp=com.google.android.apps.wallpaper/com.android.customization.picker.CustomizationPickerActivity } in package com.google.android.apps.wallpaper
:Sending Touch (ACTION_DOWN): 0:(206.0,929.0)
:Sending Touch (ACTION_UP): 0:(147.06152,885.36914)
:Sending Touch (ACTION_DOWN): 0:(519.0,830.0)
:Sending Touch (ACTION_UP): 0:(525.9414,829.8086)
:Sending Touch (ACTION_DOWN): 0:(566.0,1723.0)
:Sending Touch (ACTION_UP): 0:(549.0586,1699.083)
    // Rejecting start of Intent { act=android.intent.action.MAIN cat=[android.intent.category.LAUNCHER] cmp=com.google.android.apps.photos/.home.HomeActivity } in package com.google.android.apps.photos
:Sending Touch (ACTION_DOWN): 0:(53.0,1966.0)
:Sending Touch (ACTION_UP): 0:(70.64844,1963.8535)
:Sending Touch (ACTION_DOWN): 0:(300.0,919.0)
:Sending Touch (ACTION_UP): 0:(331.0498,1011.0205)
:Sending Touch (ACTION_DOWN): 0:(557.0,1257.0)
:Sending Touch (ACTION_UP): 0:(568.4697,1254.4287)
:Sending Touch (ACTION_DOWN): 0:(74.0,918.0)
:Sending Touch (ACTION_UP): 0:(59.703125,907.3252)
    // Rejecting start of Intent { act=android.intent.action.MAIN cat=[android.intent.category.LAUNCHER] cmp=com.google.android.apps.youtube.music/.activities.MusicActivity } in package com.google.android.apps.youtube.music
:Sending Touch (ACTION_DOWN): 0:(201.0,884.0)
:Sending Touch (ACTION_UP): 0:(151.14844,975.86523)
:Sending Touch (ACTION_DOWN): 0:(851.0,1605.0)
:Sending Touch (ACTION_UP): 0:(851.0508,1602.5713)
    // Rejecting start of Intent { act=android.intent.action.MAIN cat=[android.intent.category.LAUNCHER] cmp=com.google.android.contacts/com.android.contacts.activities.PeopleActivity } in package com.google.android.contacts
:Sending Touch (ACTION_DOWN): 0:(662.0,1736.0)
:Sending Touch (ACTION_UP): 0:(677.06055,1734.4199)
:Sending Touch (ACTION_DOWN): 0:(645.0,268.0)
:Sending Touch (ACTION_UP): 0:(614.09766,295.55273)
:Sending Touch (ACTION_DOWN): 0:(615.0,1316.0)
    //[calendar_time:2026-10-10 22:25:06.798  system_uptime:456918]
    // Sending event #3000
:Sending Touch (ACTION_UP): 0:(677.8613,1301.5938)
    // Rejecting start of Intent { act=android.intent.action.MAIN cat=[android.intent.category.LAUNCHER] cmp=com.google.android.apps.youtube.music/.activities.MusicActivity } in package com.google.android.apps.youtube.music
:Sending Touch (ACTION_DOWN): 0:(272.0,2115.0)
:Sending Touch (ACTION_UP): 0:(291.09082,2081.3994)
:Sending Touch (ACTION_DOWN): 0:(22.0,1858.0)
:Sending Touch (ACTION_UP): 0:(17.32129,1859.0488)
:Sending Touch (ACTION_DOWN): 0:(11.0,1323.0)
:Sending Touch (ACTION_UP): 0:(82.12012,1373.2207)
:Sending Touch (ACTION_DOWN): 0:(724.0,179.0)
:Sending Touch (ACTION_UP): 0:(679.6709,143.68066)
:Sending Touch (ACTION_DOWN): 0:(1029.0,1.0)
:Sending Touch (ACTION_UP): 0:(1047.4102,9.6953125)
:Sending Touch (ACTION_DOWN): 0:(43.0,1668.0)
:Sending Touch (ACTION_UP): 0:(39.49707,1678.3252)
:Sending Touch (ACTION_DOWN): 0:(429.0,737.0)
:Sending Touch (ACTION_UP): 0:(433.30273,737.55176)
:Sending Touch (ACTION_DOWN): 0:(20.0,171.0)
:Sending Touch (ACTION_UP): 0:(0.0,228.00977)
:Sending Touch (ACTION_DOWN): 0:(505.0,931.0)
    //[calendar_time:2026-10-10 22:25:09.773  system_uptime:459892]
    // Sending event #3100
:Sending Touch (ACTION_UP): 0:(531.88965,883.1758)
:Sending Touch (ACTION_DOWN): 0:(450.0,360.0)
:Sending Touch (ACTION_UP): 0:(449.0381,350.78418)
:Sending Touch (ACTION_DOWN): 0:(112.0,263.0)
:Sending Touch (ACTION_UP): 0:(109.40039,274.26758)
:Sending Flip keyboardOpen=true
Got IOException performing flipjava.io.FileNotFoundException: /dev/input/event0: open failed: EACCES (Permission denied)
    // Injection Failed
:Sending Touch (ACTION_DOWN): 0:(495.0,845.0)
:Sending Touch (ACTION_UP): 0:(480.71484,849.03613)
:Sending Touch (ACTION_DOWN): 0:(190.0,676.0)
:Sending Touch (ACTION_UP): 0:(178.6748,673.7744)
:Sending Touch (ACTION_DOWN): 0:(105.0,397.0)
:Sending Touch (ACTION_UP): 0:(110.04199,376.1709)
:Sending Touch (ACTION_DOWN): 0:(346.0,2041.0)
:Sending Touch (ACTION_UP): 0:(299.90527,2021.7539)
:Sending Touch (ACTION_DOWN): 0:(587.0,1794.0)
:Sending Touch (ACTION_UP): 0:(613.6631,1813.1328)
:Sending Touch (ACTION_DOWN): 0:(761.0,660.0)
:Sending Touch (ACTION_UP): 0:(770.34766,660.8672)
:Sending Touch (ACTION_DOWN): 0:(1030.0,383.0)
:Sending Touch (ACTION_UP): 0:(1009.0996,371.66016)
:Sending Touch (ACTION_DOWN): 0:(185.0,1277.0)
:Sending Touch (ACTION_UP): 0:(257.74707,1391.9785)
:Sending Touch (ACTION_DOWN): 0:(821.0,159.0)
:Sending Touch (ACTION_UP): 0:(799.8096,141.65234)
:Sending Touch (ACTION_DOWN): 0:(478.0,1762.0)
:Sending Touch (ACTION_UP): 0:(469.05273,1752.8945)
:Sending Touch (ACTION_DOWN): 0:(856.0,1473.0)
:Sending Touch (ACTION_UP): 0:(851.54785,1473.3594)
:Sending Touch (ACTION_DOWN): 0:(867.0,1510.0)
:Sending Touch (ACTION_UP): 0:(865.45605,1490.7471)
    // Rejecting start of Intent { act=android.intent.action.MAIN cat=[android.intent.category.LAUNCHER] cmp=com.google.android.youtube/.app.honeycomb.Shell$HomeActivity } in package com.google.android.youtube
:Sending Touch (ACTION_DOWN): 0:(785.0,209.0)
    //[calendar_time:2026-10-10 22:25:12.814  system_uptime:462933]
    // Sending event #3200
:Sending Touch (ACTION_UP): 0:(654.19824,169.8457)
:Sending Touch (ACTION_DOWN): 0:(323.0,1178.0)
:Sending Touch (ACTION_UP): 0:(314.35742,1184.044)
:Sending Flip keyboardOpen=false
Got IOException performing flipjava.io.FileNotFoundException: /dev/input/event0: open failed: EACCES (Permission denied)
    // Injection Failed
:Sending Touch (ACTION_DOWN): 0:(469.0,488.0)
:Sending Touch (ACTION_UP): 0:(473.50195,484.125)
:Sending Touch (ACTION_DOWN): 0:(513.0,1009.0)
:Sending Touch (ACTION_UP): 0:(516.4707,1008.13184)
:Sending Touch (ACTION_DOWN): 0:(82.0,1885.0)
:Sending Touch (ACTION_UP): 0:(27.061523,1830.6973)
:Sending Touch (ACTION_DOWN): 0:(1034.0,836.0)
:Sending Touch (ACTION_UP): 0:(1030.4805,832.99414)
:Sending Touch (ACTION_DOWN): 0:(68.0,267.0)
:Sending Touch (ACTION_UP): 0:(68.31836,253.74902)
:Sending Touch (ACTION_DOWN): 0:(1066.0,877.0)
:Sending Touch (ACTION_UP): 0:(1066.0312,880.50684)
:Sending Touch (ACTION_DOWN): 0:(336.0,548.0)
:Sending Touch (ACTION_UP): 0:(334.87793,561.54004)
:Sending Touch (ACTION_DOWN): 0:(20.0,1853.0)
:Sending Touch (ACTION_UP): 0:(43.657227,1865.6719)
:Sending Flip keyboardOpen=true
Got IOException performing flipjava.io.FileNotFoundException: /dev/input/event0: open failed: EACCES (Permission denied)
    // Injection Failed
:Sending Touch (ACTION_DOWN): 0:(844.0,740.0)
:Sending Touch (ACTION_UP): 0:(812.2998,722.8613)
:Sending Touch (ACTION_DOWN): 0:(271.0,1860.0)
:Sending Touch (ACTION_UP): 0:(261.3506,1862.6201)
:Sending Touch (ACTION_DOWN): 0:(896.0,698.0)
    //[calendar_time:2026-10-10 22:25:15.294  system_uptime:465414]
    // Sending event #3300
:Sending Touch (ACTION_UP): 0:(843.0762,684.7373)
:Sending Touch (ACTION_DOWN): 0:(1054.0,341.0)
:Sending Touch (ACTION_UP): 0:(1073.417,342.3086)
:Sending Touch (ACTION_DOWN): 0:(332.0,409.0)
:Sending Touch (ACTION_UP): 0:(312.88574,583.5918)
:Sending Touch (ACTION_DOWN): 0:(385.0,1805.0)
:Sending Touch (ACTION_UP): 0:(384.20508,1809.0225)
:Sending Flip keyboardOpen=false
Got IOException performing flipjava.io.FileNotFoundException: /dev/input/event0: open failed: EACCES (Permission denied)
    // Injection Failed
:Sending Touch (ACTION_DOWN): 0:(528.0,1502.0)
:Sending Touch (ACTION_UP): 0:(526.97363,1497.4912)
:Sending Touch (ACTION_DOWN): 0:(1022.0,1549.0)
:Sending Touch (ACTION_UP): 0:(987.5049,1497.8359)
    // Allowing start of Intent { act=android.intent.action.MAIN cat=[android.intent.category.HOME] cmp=com.google.android.apps.nexuslauncher/.NexusLauncherActivity } in package com.google.android.apps.nexuslauncher
:Sending Flip keyboardOpen=true
Got IOException performing flipjava.io.FileNotFoundException: /dev/input/event0: open failed: EACCES (Permission denied)
    // Injection Failed
:Sending Touch (ACTION_DOWN): 0:(303.0,699.0)
:Sending Touch (ACTION_UP): 0:(280.84375,698.39746)
:Sending Touch (ACTION_DOWN): 0:(742.0,339.0)
:Sending Touch (ACTION_UP): 0:(742.5371,338.59766)
    // Rejecting start of Intent { act=android.intent.action.VIEW dat=content://com.android.calendar/... cmp=com.google.android.calendar/com.android.calendar.AllInOneActivity } in package com.google.android.calendar
:Sending Touch (ACTION_DOWN): 0:(579.0,292.0)
:Sending Touch (ACTION_UP): 0:(602.7744,244.11816)
:Sending Touch (ACTION_DOWN): 0:(0.0,1731.0)
:Sending Touch (ACTION_UP): 0:(7.854492,1740.0684)
:Sending Touch (ACTION_DOWN): 0:(583.0,589.0)
:Sending Touch (ACTION_UP): 0:(500.37598,665.59375)
:Sending Touch (ACTION_DOWN): 0:(803.0,652.0)
    //[calendar_time:2026-10-10 22:25:18.029  system_uptime:468152]
    // Sending event #3400
:Sending Touch (ACTION_UP): 0:(799.2949,651.9219)
:Sending Touch (ACTION_DOWN): 0:(917.0,1895.0)
:Sending Touch (ACTION_UP): 0:(948.48047,1899.1084)
:Sending Touch (ACTION_DOWN): 0:(817.0,1300.0)
:Sending Touch (ACTION_UP): 0:(753.41797,1362.3057)
:Sending Touch (ACTION_DOWN): 0:(800.0,1495.0)
:Sending Touch (ACTION_UP): 0:(798.8994,1492.1016)
:Sending Touch (ACTION_DOWN): 0:(657.0,468.0)
:Sending Touch (ACTION_UP): 0:(699.58594,461.46875)
:Sending Touch (ACTION_DOWN): 0:(967.0,1990.0)
:Sending Touch (ACTION_UP): 0:(974.7168,1991.8262)
    // Rejecting start of Intent { act=android.intent.action.MAIN cat=[android.intent.category.LAUNCHER] cmp=com.google.android.gm/.ConversationListActivityGmail } in package com.google.android.gm
:Sending Touch (ACTION_DOWN): 0:(33.0,2142.0)
:Sending Touch (ACTION_UP): 0:(33.23242,2144.6992)
:Sending Touch (ACTION_DOWN): 0:(1014.0,2047.0)
:Sending Touch (ACTION_UP): 0:(1004.14746,2053.5273)
:Sending Touch (ACTION_DOWN): 0:(992.0,2080.0)
:Sending Touch (ACTION_UP): 0:(993.5303,2069.6846)
    //[calendar_time:2026-10-10 22:25:20.615  system_uptime:470735]
    // Sending event #3500
    // Rejecting start of Intent { act=android.intent.action.MAIN cat=[android.intent.category.LAUNCHER] cmp=com.google.android.apps.youtube.music/.activities.MusicActivity } in package com.google.android.apps.youtube.music
:Sending Touch (ACTION_DOWN): 0:(720.0,287.0)
:Sending Touch (ACTION_UP): 0:(729.09766,270.6709)
:Sending Touch (ACTION_DOWN): 0:(779.0,1087.0)
:Sending Touch (ACTION_UP): 0:(693.28516,1007.0342)
:Sending Touch (ACTION_DOWN): 0:(441.0,184.0)
:Sending Touch (ACTION_UP): 0:(422.66504,168.10156)
:Sending Flip keyboardOpen=false
Got IOException performing flipjava.io.FileNotFoundException: /dev/input/event0: open failed: EACCES (Permission denied)
    // Injection Failed
:Sending Touch (ACTION_DOWN): 0:(1079.0,1289.0)
:Sending Touch (ACTION_UP): 0:(1080.0,1292.3037)
:Sending Touch (ACTION_DOWN): 0:(758.0,449.0)
:Sending Touch (ACTION_UP): 0:(763.5469,452.53027)
:Sending Touch (ACTION_DOWN): 0:(357.0,1828.0)
:Sending Touch (ACTION_UP): 0:(360.50684,1837.8838)
:Sending Touch (ACTION_DOWN): 0:(379.0,1707.0)
:Sending Touch (ACTION_UP): 0:(386.22266,1716.957)
    // Rejecting start of Intent { act=android.intent.action.MAIN cat=[android.intent.category.LAUNCHER] cmp=com.google.android.gm/.ConversationListActivityGmail } in package com.google.android.gm
:Sending Touch (ACTION_DOWN): 0:(138.0,557.0)
:Sending Touch (ACTION_UP): 0:(135.57715,540.8916)
:Sending Touch (ACTION_DOWN): 0:(147.0,1576.0)
:Sending Touch (ACTION_UP): 0:(146.6123,1605.5605)
:Sending Touch (ACTION_DOWN): 0:(278.0,1473.0)
:Sending Touch (ACTION_UP): 0:(224.8086,1398.7344)
:Sending Touch (ACTION_DOWN): 0:(885.0,1508.0)
:Sending Touch (ACTION_UP): 0:(891.92773,1522.1699)
    // Rejecting start of Intent { act=android.intent.action.MAIN cat=[android.intent.category.LAUNCHER] cmp=com.google.android.youtube/.app.honeycomb.Shell$HomeActivity } in package com.google.android.youtube
:Sending Touch (ACTION_DOWN): 0:(1061.0,174.0)
:Sending Touch (ACTION_UP): 0:(1066.9375,176.29102)
:Sending Touch (ACTION_DOWN): 0:(704.0,228.0)
:Sending Touch (ACTION_UP): 0:(712.25586,238.00488)
    //[calendar_time:2026-10-10 22:25:23.504  system_uptime:473624]
    // Sending event #3600
    //[calendar_time:2026-10-10 22:25:23.555  system_uptime:473674]
    // Sending event #3600
:Sending Touch (ACTION_DOWN): 0:(690.0,152.0)
:Sending Touch (ACTION_UP): 0:(688.9131,160.5664)
:Sending Touch (ACTION_DOWN): 0:(519.0,1792.0)
:Sending Touch (ACTION_UP): 0:(487.61914,1856.8242)
:Sending Touch (ACTION_DOWN): 0:(1062.0,585.0)
:Sending Touch (ACTION_UP): 0:(1054.8633,584.7129)
:Sending Touch (ACTION_DOWN): 0:(761.0,1277.0)
:Sending Touch (ACTION_UP): 0:(835.25684,1251.1104)
:Sending Touch (ACTION_DOWN): 0:(788.0,1572.0)
:Sending Touch (ACTION_UP): 0:(798.7949,1571.0732)
:Sending Touch (ACTION_DOWN): 0:(1057.0,1769.0)
:Sending Touch (ACTION_UP): 0:(1032.0605,1759.5898)
:Sending Touch (ACTION_DOWN): 0:(578.0,1979.0)
:Sending Touch (ACTION_UP): 0:(564.4971,1975.2959)
:Sending Touch (ACTION_DOWN): 0:(435.0,2097.0)
:Sending Touch (ACTION_UP): 0:(426.3711,2095.4072)
:Sending Flip keyboardOpen=true
Got IOException performing flipjava.io.FileNotFoundException: /dev/input/event0: open failed: EACCES (Permission denied)
    // Injection Failed
:Sending Touch (ACTION_DOWN): 0:(567.0,60.0)
:Sending Touch (ACTION_UP): 0:(568.7041,47.689453)
:Sending Touch (ACTION_DOWN): 0:(531.0,1793.0)
:Sending Touch (ACTION_UP): 0:(484.65723,1849.9727)
:Sending Touch (ACTION_DOWN): 0:(908.0,824.0)
:Sending Touch (ACTION_UP): 0:(984.5254,742.7715)
:Sending Touch (ACTION_DOWN): 0:(883.0,1924.0)
:Sending Touch (ACTION_UP): 0:(876.1826,1919.0332)
:Sending Touch (ACTION_DOWN): 0:(646.0,1716.0)
:Sending Touch (ACTION_UP): 0:(655.3281,1716.0303)
:Sending Flip keyboardOpen=false
Got IOException performing flipjava.io.FileNotFoundException: /dev/input/event0: open failed: EACCES (Permission denied)
    // Injection Failed
:Sending Touch (ACTION_DOWN): 0:(275.0,1006.0)
:Sending Touch (ACTION_UP): 0:(253.74707,990.0586)
:Sending Touch (ACTION_DOWN): 0:(152.0,1845.0)
:Sending Touch (ACTION_UP): 0:(108.1875,1828.2666)
    //[calendar_time:2026-10-10 22:25:25.390  system_uptime:475510]
    // Sending event #3700
    //[calendar_time:2026-10-10 22:25:25.442  system_uptime:475562]
    // Sending event #3700
:Sending Touch (ACTION_DOWN): 0:(671.0,805.0)
:Sending Touch (ACTION_UP): 0:(669.95703,819.0)
:Sending Touch (ACTION_DOWN): 0:(669.0,1378.0)
:Sending Touch (ACTION_UP): 0:(671.9297,1383.3047)
:Sending Touch (ACTION_DOWN): 0:(295.0,889.0)
:Sending Touch (ACTION_UP): 0:(302.7295,891.0791)
:Sending Touch (ACTION_DOWN): 0:(83.0,1435.0)
:Sending Touch (ACTION_UP): 0:(81.82324,1434.6592)
:Sending Touch (ACTION_DOWN): 0:(598.0,1140.0)
:Sending Touch (ACTION_UP): 0:(599.9326,1139.1445)
:Sending Touch (ACTION_DOWN): 0:(591.0,262.0)
:Sending Touch (ACTION_UP): 0:(590.4678,280.78418)
    // Rejecting start of Intent { act=android.intent.action.SET_WALLPAPER pkg=com.google.android.apps.wallpaper cmp=com.google.android.apps.wallpaper/com.android.customization.picker.CustomizationPickerActivity } in package com.google.android.apps.wallpaper
:Sending Touch (ACTION_DOWN): 0:(581.0,1265.0)
:Sending Touch (ACTION_UP): 0:(560.2295,1276.5293)
:Sending Touch (ACTION_DOWN): 0:(128.0,1367.0)
:Sending Touch (ACTION_UP): 0:(109.81836,1382.9824)
:Sending Touch (ACTION_DOWN): 0:(954.0,54.0)
:Sending Touch (ACTION_UP): 0:(955.3828,54.99121)
:Sending Touch (ACTION_DOWN): 0:(918.0,0.0)
:Sending Touch (ACTION_UP): 0:(924.1387,0.0)
:Sending Touch (ACTION_DOWN): 0:(1042.0,755.0)
:Sending Touch (ACTION_UP): 0:(1039.4883,753.2285)
:Sending Touch (ACTION_DOWN): 0:(996.0,278.0)
:Sending Touch (ACTION_UP): 0:(1011.9385,255.5332)
:Sending Touch (ACTION_DOWN): 0:(652.0,914.0)
:Sending Touch (ACTION_UP): 0:(636.5166,915.4922)
:Sending Touch (ACTION_DOWN): 0:(829.0,337.0)
:Sending Touch (ACTION_UP): 0:(823.9248,317.3047)
:Sending Touch (ACTION_DOWN): 0:(300.0,1620.0)
:Sending Touch (ACTION_UP): 0:(177.79688,1727.4756)
    // Rejecting start of Intent { act=android.intent.action.VIEW dat=content://com.android.calendar/... cmp=com.google.android.calendar/com.android.calendar.AllInOneActivity } in package com.google.android.calendar
:Sending Touch (ACTION_DOWN): 0:(640.0,833.0)
    //[calendar_time:2026-10-10 22:25:28.404  system_uptime:478524]
    // Sending event #3800
:Sending Touch (ACTION_UP): 0:(707.86035,869.4873)
:Sending Touch (ACTION_DOWN): 0:(496.0,83.0)
:Sending Touch (ACTION_UP): 0:(502.52344,82.55859)
:Sending Touch (ACTION_DOWN): 0:(190.0,1917.0)
:Sending Touch (ACTION_UP): 0:(180.10352,1902.5771)
:Sending Flip keyboardOpen=true
Got IOException performing flipjava.io.FileNotFoundException: /dev/input/event0: open failed: EACCES (Permission denied)
    // Injection Failed
:Sending Touch (ACTION_DOWN): 0:(730.0,688.0)
:Sending Touch (ACTION_UP): 0:(736.5166,687.7539)
:Sending Touch (ACTION_DOWN): 0:(478.0,945.0)
:Sending Touch (ACTION_UP): 0:(495.28223,966.5371)
:Sending Touch (ACTION_DOWN): 0:(1032.0,1156.0)
:Sending Touch (ACTION_UP): 0:(1032.2705,1149.2129)
:Sending Touch (ACTION_DOWN): 0:(307.0,2183.0)
:Sending Touch (ACTION_UP): 0:(302.0713,2189.6865)
:Sending Touch (ACTION_DOWN): 0:(528.0,405.0)
:Sending Touch (ACTION_UP): 0:(527.92676,398.7422)
:Sending Touch (ACTION_DOWN): 0:(475.0,735.0)
:Sending Touch (ACTION_UP): 0:(471.44043,730.0459)
:Sending Touch (ACTION_DOWN): 0:(603.0,1517.0)
:Sending Touch (ACTION_UP): 0:(586.49805,1530.2852)
:Sending Touch (ACTION_DOWN): 0:(868.0,595.0)
:Sending Touch (ACTION_UP): 0:(836.8613,582.1201)
    // Rejecting start of Intent { act=android.intent.action.MAIN cat=[android.intent.category.LAUNCHER] cmp=com.google.android.deskclock/com.android.deskclock.DeskClock } in package com.google.android.deskclock
:Sending Touch (ACTION_DOWN): 0:(463.0,1561.0)
:Sending Touch (ACTION_UP): 0:(538.92676,1606.3125)
:Sending Touch (ACTION_DOWN): 0:(340.0,1261.0)
:Sending Touch (ACTION_UP): 0:(340.1172,1254.1982)
:Sending Flip keyboardOpen=false
Got IOException performing flipjava.io.FileNotFoundException: /dev/input/event0: open failed: EACCES (Permission denied)
    // Injection Failed
:Sending Touch (ACTION_DOWN): 0:(208.0,582.0)
:Sending Touch (ACTION_UP): 0:(206.33105,569.4697)
    // Rejecting start of Intent { act=android.intent.action.MAIN cat=[android.intent.category.LAUNCHER] cmp=com.google.android.youtube/.app.honeycomb.Shell$HomeActivity } in package com.google.android.youtube
:Sending Touch (ACTION_DOWN): 0:(21.0,38.0)
:Sending Touch (ACTION_UP): 0:(122.36133,15.329102)
:Sending Touch (ACTION_DOWN): 0:(778.0,556.0)
:Sending Touch (ACTION_UP): 0:(788.1289,539.7197)
    //[calendar_time:2026-10-10 22:25:31.020  system_uptime:481140]
    // Sending event #3900
    //[calendar_time:2026-10-10 22:25:31.072  system_uptime:481192]
    // Sending event #3900
:Sending Touch (ACTION_DOWN): 0:(941.0,482.0)
:Sending Touch (ACTION_UP): 0:(957.68164,438.90137)
:Sending Touch (ACTION_DOWN): 0:(340.0,1984.0)
:Sending Touch (ACTION_UP): 0:(284.66895,2041.1328)
:Sending Touch (ACTION_DOWN): 0:(398.0,1824.0)
:Sending Touch (ACTION_UP): 0:(397.43066,1832.7676)
:Sending Touch (ACTION_DOWN): 0:(469.0,259.0)
:Sending Touch (ACTION_UP): 0:(467.4795,245.19238)
:Sending Touch (ACTION_DOWN): 0:(411.0,1598.0)
:Sending Touch (ACTION_UP): 0:(408.21777,1599.332)
:Sending Touch (ACTION_DOWN): 0:(1028.0,156.0)
:Sending Touch (ACTION_UP): 0:(1040.8467,153.9873)
:Sending Touch (ACTION_DOWN): 0:(997.0,1404.0)
:Sending Touch (ACTION_UP): 0:(1009.4131,1419.5488)
:Sending Touch (ACTION_DOWN): 0:(510.0,1013.0)
:Sending Touch (ACTION_UP): 0:(563.63574,1053.5303)
:Sending Touch (ACTION_DOWN): 0:(111.0,1661.0)
:Sending Touch (ACTION_UP): 0:(120.259766,1655.7109)
:Sending Touch (ACTION_DOWN): 0:(868.0,1536.0)
:Sending Touch (ACTION_UP): 0:(861.1328,1533.0684)
:Sending Touch (ACTION_DOWN): 0:(194.0,1906.0)
:Sending Touch (ACTION_UP): 0:(184.51855,1907.5654)
:Sending Touch (ACTION_DOWN): 0:(1058.0,216.0)
:Sending Touch (ACTION_UP): 0:(1080.0,299.76367)
    // Rejecting start of Intent { act=android.intent.action.MAIN cat=[android.intent.category.LAUNCHER] cmp=com.android.chrome/com.google.android.apps.chrome.Main } in package com.android.chrome
:Sending Touch (ACTION_DOWN): 0:(658.0,795.0)
:Sending Touch (ACTION_UP): 0:(658.3594,790.00977)
    // Rejecting start of Intent { act=android.intent.action.MAIN cat=[android.intent.category.LAUNCHER] cmp=com.google.android.youtube/.app.honeycomb.Shell$HomeActivity } in package com.google.android.youtube
:Sending Touch (ACTION_DOWN): 0:(683.0,2032.0)
:Sending Touch (ACTION_UP): 0:(673.21484,2042.3516)
:Sending Touch (ACTION_DOWN): 0:(895.0,437.0)
:Sending Touch (ACTION_UP): 0:(895.084,432.99902)
    // Rejecting start of Intent { act=android.intent.action.MAIN cat=[android.intent.category.LAUNCHER] cmp=com.google.android.deskclock/com.android.deskclock.DeskClock } in package com.google.android.deskclock
    // Rejecting start of Intent { act=android.intent.action.MAIN cat=[android.intent.category.LAUNCHER] cmp=com.google.android.youtube/.app.honeycomb.Shell$HomeActivity } in package com.google.android.youtube
:Sending Touch (ACTION_DOWN): 0:(417.0,39.0)
    //[calendar_time:2026-10-10 22:25:33.569  system_uptime:483689]
    // Sending event #4000
:Sending Touch (ACTION_UP): 0:(389.8506,50.597656)
    // Allowing start of Intent { act=android.intent.action.MAIN cat=[android.intent.category.HOME] cmp=com.google.android.apps.nexuslauncher/.NexusLauncherActivity } in package com.google.android.apps.nexuslauncher
:Sending Touch (ACTION_DOWN): 0:(1014.0,859.0)
:Sending Touch (ACTION_UP): 0:(1050.0781,858.25195)
    // Rejecting start of Intent { act=launcher.intent_action_all_apps_toggle cat=[android.intent.category.HOME] cmp=com.google.android.apps.nexuslauncher/.NexusLauncherActivity } in package com.google.android.apps.nexuslauncher
:Sending Touch (ACTION_DOWN): 0:(302.0,95.0)
:Sending Touch (ACTION_UP): 0:(348.6328,86.9209)
:Sending Touch (ACTION_DOWN): 0:(601.0,786.0)
:Sending Touch (ACTION_UP): 0:(606.1338,804.70996)
    // Rejecting start of Intent { act=android.intent.action.SET_WALLPAPER pkg=com.google.android.apps.wallpaper cmp=com.google.android.apps.wallpaper/com.android.customization.picker.CustomizationPickerActivity } in package com.google.android.apps.wallpaper
:Sending Touch (ACTION_DOWN): 0:(776.0,2071.0)
:Sending Touch (ACTION_UP): 0:(782.5596,2069.4434)
:Sending Touch (ACTION_DOWN): 0:(1048.0,697.0)
:Sending Touch (ACTION_UP): 0:(1076.543,650.23535)
:Sending Touch (ACTION_DOWN): 0:(177.0,1393.0)
:Sending Touch (ACTION_UP): 0:(191.66992,1391.2246)
:Sending Touch (ACTION_DOWN): 0:(251.0,678.0)
:Sending Touch (ACTION_UP): 0:(241.12988,673.9414)
:Sending Touch (ACTION_DOWN): 0:(158.0,1005.0)
:Sending Touch (ACTION_UP): 0:(180.11914,1008.1719)
:Sending Touch (ACTION_DOWN): 0:(1008.0,1583.0)
:Sending Touch (ACTION_UP): 0:(1008.0664,1596.9766)
    // Rejecting start of Intent { act=android.intent.action.MAIN cat=[android.intent.category.LAUNCHER] cmp=com.google.android.youtube/.app.honeycomb.Shell$HomeActivity } in package com.google.android.youtube
:Sending Touch (ACTION_DOWN): 0:(230.0,48.0)
:Sending Touch (ACTION_UP): 0:(219.34961,49.0166)
:Sending Touch (ACTION_DOWN): 0:(373.0,1671.0)
:Sending Touch (ACTION_UP): 0:(375.91406,1667.3799)
    // Rejecting start of Intent { act=android.intent.action.MAIN cat=[android.intent.category.LAUNCHER] cmp=com.google.android.gm/.ConversationListActivityGmail } in package com.google.android.gm
:Sending Touch (ACTION_DOWN): 0:(569.0,1587.0)
    //[calendar_time:2026-10-10 22:25:37.351  system_uptime:487471]
    // Sending event #4100
:Sending Touch (ACTION_UP): 0:(566.1865,1604.7607)
    // Rejecting start of Intent { act=android.intent.action.MAIN cat=[android.intent.category.LAUNCHER] cmp=com.google.android.apps.photos/.home.HomeActivity } in package com.google.android.apps.photos
:Sending Touch (ACTION_DOWN): 0:(26.0,1314.0)
:Sending Touch (ACTION_UP): 0:(18.18164,1312.9424)
:Sending Touch (ACTION_DOWN): 0:(815.0,725.0)
:Sending Touch (ACTION_UP): 0:(808.3135,712.08203)
:Sending Touch (ACTION_DOWN): 0:(622.0,2114.0)
:Sending Touch (ACTION_UP): 0:(626.49805,2148.2852)
:Sending Touch (ACTION_DOWN): 0:(309.0,261.0)
:Sending Touch (ACTION_UP): 0:(281.14062,272.98633)
:Sending Flip keyboardOpen=true
Got IOException performing flipjava.io.FileNotFoundException: /dev/input/event0: open failed: EACCES (Permission denied)
    // Injection Failed
:Sending Touch (ACTION_DOWN): 0:(589.0,1282.0)
:Sending Touch (ACTION_UP): 0:(469.23047,1239.8174)
:Sending Flip keyboardOpen=false
Got IOException performing flipjava.io.FileNotFoundException: /dev/input/event0: open failed: EACCES (Permission denied)
    // Injection Failed
:Sending Touch (ACTION_DOWN): 0:(777.0,862.0)
:Sending Touch (ACTION_UP): 0:(773.5547,856.0459)
:Sending Touch (ACTION_DOWN): 0:(159.0,1717.0)
:Sending Touch (ACTION_UP): 0:(238.66797,1625.5723)
:Sending Touch (ACTION_DOWN): 0:(796.0,1544.0)
:Sending Touch (ACTION_UP): 0:(803.47266,1548.7832)
:Sending Touch (ACTION_DOWN): 0:(776.0,2189.0)
:Sending Touch (ACTION_UP): 0:(775.94727,2192.4443)
:Sending Touch (ACTION_DOWN): 0:(732.0,860.0)
    //[calendar_time:2026-10-10 22:25:40.878  system_uptime:490997]
    // Sending event #4200
:Sending Touch (ACTION_UP): 0:(739.1885,868.4287)
:Sending Touch (ACTION_DOWN): 0:(356.0,1606.0)
:Sending Touch (ACTION_UP): 0:(351.22168,1616.8477)
:Sending Touch (ACTION_DOWN): 0:(1077.0,1950.0)
:Sending Touch (ACTION_UP): 0:(1069.0498,1967.999)
:Sending Touch (ACTION_DOWN): 0:(977.0,1748.0)
:Sending Touch (ACTION_UP): 0:(967.9287,1741.8965)
:Sending Touch (ACTION_DOWN): 0:(864.0,61.0)
:Sending Touch (ACTION_UP): 0:(883.3115,34.293945)
:Sending Touch (ACTION_DOWN): 0:(1011.0,311.0)
:Sending Touch (ACTION_UP): 0:(1006.5537,289.75977)
    // Rejecting start of Intent { act=android.intent.action.VIEW dat=content://com.android.calendar/... cmp=com.google.android.calendar/com.android.calendar.AllInOneActivity } in package com.google.android.calendar
:Sending Touch (ACTION_DOWN): 0:(804.0,62.0)
:Sending Touch (ACTION_UP): 0:(809.1035,66.225586)
:Sending Touch (ACTION_DOWN): 0:(777.0,2087.0)
:Sending Touch (ACTION_UP): 0:(764.88574,2098.4375)
:Sending Touch (ACTION_DOWN): 0:(282.0,1024.0)
:Sending Touch (ACTION_UP): 0:(273.31055,1024.4453)
:Sending Touch (ACTION_DOWN): 0:(14.0,1960.0)
:Sending Touch (ACTION_UP): 0:(17.487305,1949.3828)
:Sending Flip keyboardOpen=true
Got IOException performing flipjava.io.FileNotFoundException: /dev/input/event0: open failed: EACCES (Permission denied)
    // Injection Failed
:Sending Touch (ACTION_DOWN): 0:(148.0,1059.0)
:Sending Touch (ACTION_UP): 0:(145.0752,1061.9941)
:Sending Touch (ACTION_DOWN): 0:(571.0,1154.0)
:Sending Touch (ACTION_UP): 0:(580.6738,1154.5869)
:Sending Touch (ACTION_DOWN): 0:(540.0,396.0)
:Sending Touch (ACTION_UP): 0:(549.70215,377.9414)
:Sending Touch (ACTION_DOWN): 0:(139.0,1175.0)
    //[calendar_time:2026-10-10 22:25:46.211  system_uptime:496331]
    // Sending event #4300
:Sending Touch (ACTION_UP): 0:(69.74609,1150.9395)
:Sending Touch (ACTION_DOWN): 0:(351.0,537.0)
:Sending Touch (ACTION_UP): 0:(312.01172,564.1465)
:Sending Touch (ACTION_DOWN): 0:(229.0,2103.0)
:Sending Touch (ACTION_UP): 0:(230.02637,2102.7021)
:Sending Touch (ACTION_DOWN): 0:(68.0,1021.0)
:Sending Touch (ACTION_UP): 0:(63.875977,1019.7656)
:Sending Touch (ACTION_DOWN): 0:(34.0,2207.0)
:Sending Touch (ACTION_UP): 0:(42.98242,2209.0)
:Sending Touch (ACTION_DOWN): 0:(223.0,996.0)
:Sending Touch (ACTION_UP): 0:(210.51758,1087.0059)
:Sending Touch (ACTION_DOWN): 0:(1021.0,1474.0)
:Sending Touch (ACTION_UP): 0:(1009.3242,1474.21)
:Sending Touch (ACTION_DOWN): 0:(409.0,1982.0)
:Sending Touch (ACTION_UP): 0:(408.73047,1981.0205)
    // Rejecting start of Intent { act=android.intent.action.MAIN cat=[android.intent.category.LAUNCHER] cmp=com.google.android.apps.messaging/.ui.ConversationListActivity } in package com.google.android.apps.messaging
:Sending Touch (ACTION_DOWN): 0:(710.0,1524.0)
:Sending Touch (ACTION_UP): 0:(738.7842,1580.9072)
:Sending Touch (ACTION_DOWN): 0:(866.0,822.0)
:Sending Touch (ACTION_UP): 0:(861.15137,830.20215)
:Sending Touch (ACTION_DOWN): 0:(825.0,516.0)
:Sending Touch (ACTION_UP): 0:(853.8379,484.2256)
:Sending Touch (ACTION_DOWN): 0:(854.0,234.0)
:Sending Touch (ACTION_UP): 0:(850.62695,227.35059)
:Sending Touch (ACTION_DOWN): 0:(102.0,372.0)
    //[calendar_time:2026-10-10 22:25:50.653  system_uptime:500773]
    // Sending event #4400
:Sending Touch (ACTION_UP): 0:(102.78516,373.00195)
:Sending Touch (ACTION_DOWN): 0:(89.0,1712.0)
:Sending Touch (ACTION_UP): 0:(110.33496,1701.2852)
:Sending Touch (ACTION_DOWN): 0:(81.0,1942.0)
:Sending Touch (ACTION_UP): 0:(74.796875,1913.8506)
:Sending Touch (ACTION_DOWN): 0:(953.0,259.0)
:Sending Touch (ACTION_UP): 0:(972.46875,259.1621)
:Sending Touch (ACTION_DOWN): 0:(1051.0,322.0)
:Sending Touch (ACTION_UP): 0:(1031.7754,334.69043)
:Sending Touch (ACTION_DOWN): 0:(817.0,421.0)
:Sending Touch (ACTION_UP): 0:(827.64355,418.49707)
:Sending Touch (ACTION_DOWN): 0:(1053.0,778.0)
:Sending Touch (ACTION_UP): 0:(1047.125,777.9697)
:Sending Touch (ACTION_DOWN): 0:(520.0,1755.0)
:Sending Touch (ACTION_UP): 0:(553.36523,1732.833)
:Sending Touch (ACTION_DOWN): 0:(730.0,83.0)
:Sending Touch (ACTION_UP): 0:(702.0635,129.06445)
:Sending Touch (ACTION_DOWN): 0:(692.0,1592.0)
:Sending Touch (ACTION_UP): 0:(688.126,1589.6123)
    // Rejecting start of Intent { act=android.intent.action.MAIN cat=[android.intent.category.LAUNCHER] cmp=com.google.android.apps.photos/.home.HomeActivity } in package com.google.android.apps.photos
:Sending Touch (ACTION_DOWN): 0:(35.0,480.0)
:Sending Touch (ACTION_UP): 0:(30.388672,489.97266)
:Sending Touch (ACTION_DOWN): 0:(651.0,605.0)
    //[calendar_time:2026-10-10 22:25:53.464  system_uptime:503584]
    // Sending event #4500
:Sending Touch (ACTION_UP): 0:(633.4492,660.5957)
:Sending Touch (ACTION_DOWN): 0:(943.0,1423.0)
:Sending Touch (ACTION_UP): 0:(988.88574,1500.8359)
:Sending Touch (ACTION_DOWN): 0:(482.0,1256.0)
:Sending Touch (ACTION_UP): 0:(578.2051,1167.9932)
:Sending Touch (ACTION_DOWN): 0:(243.0,1896.0)
:Sending Touch (ACTION_UP): 0:(250.875,1868.6396)
:Sending Touch (ACTION_DOWN): 0:(314.0,1278.0)
:Sending Touch (ACTION_UP): 0:(319.98438,1283.9658)
:Sending Touch (ACTION_DOWN): 0:(88.0,266.0)
:Sending Touch (ACTION_UP): 0:(111.76172,353.4209)
:Sending Touch (ACTION_DOWN): 0:(1007.0,752.0)
:Sending Touch (ACTION_UP): 0:(1011.0039,753.3955)
:Sending Touch (ACTION_DOWN): 0:(376.0,340.0)
:Sending Touch (ACTION_UP): 0:(375.7334,369.1338)
:Sending Touch (ACTION_DOWN): 0:(45.0,1884.0)
:Sending Touch (ACTION_UP): 0:(49.533203,1881.582)
:Sending Touch (ACTION_DOWN): 0:(488.0,1620.0)
:Sending Touch (ACTION_UP): 0:(521.1621,1656.9023)
    //[calendar_time:2026-10-10 22:25:56.209  system_uptime:506329]
    // Sending event #4600
    //[calendar_time:2026-10-10 22:25:56.260  system_uptime:506379]
    // Sending event #4600
:Sending Touch (ACTION_DOWN): 0:(392.0,184.0)
:Sending Touch (ACTION_UP): 0:(369.06738,292.95215)
:Sending Touch (ACTION_DOWN): 0:(43.0,1147.0)
:Sending Touch (ACTION_UP): 0:(43.07129,1169.2178)
:Sending Touch (ACTION_DOWN): 0:(486.0,1898.0)
:Sending Touch (ACTION_UP): 0:(492.94336,1885.8594)
:Sending Touch (ACTION_DOWN): 0:(599.0,305.0)
:Sending Touch (ACTION_UP): 0:(598.27637,306.375)
:Sending Touch (ACTION_DOWN): 0:(198.0,2186.0)
:Sending Touch (ACTION_UP): 0:(196.94824,2183.376)
    // Rejecting start of Intent { act=android.intent.action.VIEW dat=content://com.android.calendar/... cmp=com.google.android.calendar/com.android.calendar.AllInOneActivity } in package com.google.android.calendar
    // Rejecting start of Intent { act=android.intent.action.MAIN cat=[android.intent.category.LAUNCHER] cmp=com.google.android.googlequicksearchbox/.SearchActivity } in package com.google.android.googlequicksearchbox
:Sending Touch (ACTION_DOWN): 0:(149.0,1602.0)
:Sending Touch (ACTION_UP): 0:(144.96973,1598.793)
:Sending Touch (ACTION_DOWN): 0:(406.0,2197.0)
:Sending Touch (ACTION_UP): 0:(403.0498,2195.9463)
:Sending Flip keyboardOpen=false
Got IOException performing flipjava.io.FileNotFoundException: /dev/input/event0: open failed: EACCES (Permission denied)
    // Injection Failed
:Sending Flip keyboardOpen=true
Got IOException performing flipjava.io.FileNotFoundException: /dev/input/event0: open failed: EACCES (Permission denied)
    // Injection Failed
:Sending Touch (ACTION_DOWN): 0:(108.0,2092.0)
:Sending Touch (ACTION_UP): 0:(121.10156,2093.338)
:Sending Touch (ACTION_DOWN): 0:(403.0,557.0)
:Sending Touch (ACTION_UP): 0:(405.97363,553.9502)
    // Rejecting start of Intent { act=android.intent.action.MAIN cat=[android.intent.category.LAUNCHER] cmp=com.android.settings/.Settings } in package com.android.settings
:Sending Touch (ACTION_DOWN): 0:(579.0,78.0)
:Sending Touch (ACTION_UP): 0:(548.68066,44.055664)
:Sending Touch (ACTION_DOWN): 0:(480.0,1398.0)
:Sending Touch (ACTION_UP): 0:(467.03027,1402.4121)
:Sending Touch (ACTION_DOWN): 0:(482.0,2136.0)
    //[calendar_time:2026-10-10 22:26:00.229  system_uptime:510349]
    // Sending event #4700
:Sending Touch (ACTION_UP): 0:(582.97754,2209.0)
    // Rejecting start of Intent { act=android.intent.action.MAIN cat=[android.intent.category.LAUNCHER] cmp=com.google.android.youtube/.app.honeycomb.Shell$HomeActivity } in package com.google.android.youtube
    // Rejecting start of Intent { act=android.intent.action.MAIN cat=[android.intent.category.LAUNCHER] cmp=com.google.android.youtube/.app.honeycomb.Shell$HomeActivity } in package com.google.android.youtube
:Sending Touch (ACTION_DOWN): 0:(677.0,345.0)
:Sending Touch (ACTION_UP): 0:(685.0127,347.6582)
    // Rejecting start of Intent { act=android.intent.action.VIEW dat=content://com.android.calendar/... cmp=com.google.android.calendar/com.android.calendar.AllInOneActivity } in package com.google.android.calendar
:Sending Touch (ACTION_DOWN): 0:(432.0,1063.0)
:Sending Touch (ACTION_UP): 0:(439.9121,1053.5869)
:Sending Touch (ACTION_DOWN): 0:(1068.0,290.0)
:Sending Touch (ACTION_UP): 0:(1075.0205,293.50977)
:Sending Touch (ACTION_DOWN): 0:(349.0,316.0)
:Sending Touch (ACTION_UP): 0:(341.5703,306.97168)
:Sending Touch (ACTION_DOWN): 0:(254.0,966.0)
    // Rejecting start of Intent { act=android.intent.action.VIEW dat=content://com.android.calendar/... cmp=com.google.android.calendar/com.android.calendar.AllInOneActivity } in package com.google.android.calendar
:Sending Touch (ACTION_UP): 0:(257.5127,956.69336)
:Sending Touch (ACTION_DOWN): 0:(31.0,2034.0)
:Sending Touch (ACTION_UP): 0:(45.680664,2025.6504)
:Sending Touch (ACTION_DOWN): 0:(959.0,994.0)
:Sending Touch (ACTION_UP): 0:(956.88965,971.8457)
    // Rejecting start of Intent { act=android.intent.action.APPLICATION_PREFERENCES pkg=com.google.android.apps.nexuslauncher cmp=com.google.android.apps.nexuslauncher/com.android.launcher3.settings.SettingsActivity } in package com.google.android.apps.nexuslauncher
:Sending Touch (ACTION_DOWN): 0:(325.0,403.0)
:Sending Touch (ACTION_UP): 0:(343.10254,398.5039)
:Sending Touch (ACTION_DOWN): 0:(271.0,18.0)
:Sending Touch (ACTION_UP): 0:(318.57715,103.49512)
:Sending Touch (ACTION_DOWN): 0:(734.0,1652.0)
:Sending Touch (ACTION_UP): 0:(716.834,1651.8545)
    // Rejecting start of Intent { act=android.intent.action.MAIN cat=[android.intent.category.LAUNCHER] cmp=com.google.android.apps.photos/.home.HomeActivity } in package com.google.android.apps.photos
:Sending Touch (ACTION_DOWN): 0:(561.0,854.0)
:Sending Touch (ACTION_UP): 0:(559.874,902.7705)
:Sending Touch (ACTION_DOWN): 0:(127.0,560.0)
:Sending Touch (ACTION_UP): 0:(141.03027,559.916)
:Sending Touch (ACTION_DOWN): 0:(922.0,1643.0)
:Sending Touch (ACTION_UP): 0:(906.84863,1639.0947)
:Sending Touch (ACTION_DOWN): 0:(824.0,1081.0)
    //[calendar_time:2026-10-10 22:26:02.988  system_uptime:513108]
    // Sending event #4800
:Sending Touch (ACTION_UP): 0:(777.2119,1079.0479)
:Sending Touch (ACTION_DOWN): 0:(987.0,352.0)
:Sending Touch (ACTION_UP): 0:(970.81836,350.55273)
:Sending Touch (ACTION_DOWN): 0:(894.0,1304.0)
:Sending Touch (ACTION_UP): 0:(894.249,1320.4932)
:Sending Touch (ACTION_DOWN): 0:(430.0,118.0)
:Sending Touch (ACTION_UP): 0:(425.75195,119.22754)
    // Rejecting start of Intent { act=android.intent.action.VIEW dat=content://com.android.calendar/... cmp=com.google.android.calendar/com.android.calendar.AllInOneActivity } in package com.google.android.calendar
:Sending Touch (ACTION_DOWN): 0:(227.0,1351.0)
:Sending Touch (ACTION_UP): 0:(227.23926,1342.7734)
:Sending Touch (ACTION_DOWN): 0:(542.0,1972.0)
:Sending Touch (ACTION_UP): 0:(572.3447,2023.9834)
:Sending Touch (ACTION_DOWN): 0:(955.0,1522.0)
:Sending Touch (ACTION_UP): 0:(940.6279,1540.9873)
    // Rejecting start of Intent { act=android.intent.action.MAIN cat=[android.intent.category.LAUNCHER] cmp=com.google.android.youtube/.app.honeycomb.Shell$HomeActivity } in package com.google.android.youtube
:Sending Touch (ACTION_DOWN): 0:(680.0,220.0)
:Sending Touch (ACTION_UP): 0:(629.9912,173.43262)
:Sending Touch (ACTION_DOWN): 0:(340.0,964.0)
:Sending Touch (ACTION_UP): 0:(257.90723,950.26465)
:Sending Touch (ACTION_DOWN): 0:(1044.0,1650.0)
:Sending Touch (ACTION_UP): 0:(1074.0254,1694.2246)
    // Rejecting start of Intent { act=android.intent.action.MAIN cat=[android.intent.category.LAUNCHER] cmp=com.google.android.apps.youtube.music/.activities.MusicActivity } in package com.google.android.apps.youtube.music
:Sending Touch (ACTION_DOWN): 0:(1009.0,1013.0)
:Sending Touch (ACTION_UP): 0:(1003.7588,1014.81445)
:Sending Touch (ACTION_DOWN): 0:(854.0,1402.0)
:Sending Touch (ACTION_UP): 0:(847.5576,1399.3779)
:Sending Touch (ACTION_DOWN): 0:(776.0,605.0)
:Sending Touch (ACTION_UP): 0:(853.5342,618.6377)
:Sending Touch (ACTION_DOWN): 0:(113.0,1357.0)
:Sending Touch (ACTION_UP): 0:(99.26172,1327.2393)
    //[calendar_time:2026-10-10 22:26:05.886  system_uptime:516006]
    // Sending event #4900
    //[calendar_time:2026-10-10 22:26:05.937  system_uptime:516057]
    // Sending event #4900
:Sending Touch (ACTION_DOWN): 0:(172.0,461.0)
:Sending Touch (ACTION_UP): 0:(167.15039,482.4746)
:Sending Touch (ACTION_DOWN): 0:(247.0,1245.0)
:Sending Touch (ACTION_UP): 0:(214.2998,1216.9854)
:Sending Touch (ACTION_DOWN): 0:(73.0,887.0)
:Sending Touch (ACTION_UP): 0:(72.32715,887.53613)
:Sending Touch (ACTION_DOWN): 0:(551.0,178.0)
:Sending Touch (ACTION_UP): 0:(527.08203,127.25586)
:Sending Touch (ACTION_DOWN): 0:(909.0,1152.0)
:Sending Touch (ACTION_UP): 0:(928.4541,1133.1465)
:Sending Touch (ACTION_DOWN): 0:(819.0,2128.0)
:Sending Touch (ACTION_UP): 0:(794.8906,2134.6475)
:Sending Touch (ACTION_DOWN): 0:(331.0,727.0)
:Sending Touch (ACTION_UP): 0:(357.7373,668.40625)
:Sending Touch (ACTION_DOWN): 0:(268.0,2049.0)
:Sending Touch (ACTION_UP): 0:(265.50586,2037.4453)
:Sending Touch (ACTION_DOWN): 0:(19.0,1304.0)
:Sending Touch (ACTION_UP): 0:(19.74414,1283.6436)
:Sending Touch (ACTION_DOWN): 0:(941.0,2077.0)
:Sending Touch (ACTION_UP): 0:(958.626,2086.8027)
Events injected: 5000
:Sending rotation degree=0, persist=false
:Dropped: keys=3 pointers=0 trackballs=0 flips=30 rotations=0
## Network stats: elapsed time=186203ms (0ms mobile, 0ms wifi, 186203ms not connected)
// Monkey finished
