To honour the JVM settings for this build a single-use Daemon process will be forked. For more on this, please refer to https://docs.gradle.org/9.8.0/userguide/gradle_daemon.html#sec:disabling_the_daemon in the Gradle documentation.
Daemon will be stopped at the end of the build 
> Task :build-logic:convention:checkKotlinGradlePluginConfigurationErrors SKIPPED
> Task :build-logic:convention:generateExternalPluginSpecBuilders FROM-CACHE
> Task :build-logic:convention:extractPrecompiledScriptPluginPlugins FROM-CACHE
> Task :build-logic:convention:compilePluginsBlocks FROM-CACHE
> Task :build-logic:convention:generatePrecompiledScriptPluginAccessors FROM-CACHE
> Task :build-logic:convention:generateScriptPluginAdapters FROM-CACHE
> Task :build-logic:convention:compileKotlin FROM-CACHE
> Task :build-logic:convention:compileJava NO-SOURCE
> Task :build-logic:convention:pluginDescriptors
> Task :build-logic:convention:processResources
> Task :build-logic:convention:classes
> Task :build-logic:convention:jar
> Task :core:entity:checkKotlinGradlePluginConfigurationErrors SKIPPED
> Task :core:control:checkKotlinGradlePluginConfigurationErrors SKIPPED
> Task :core:pure:checkKotlinGradlePluginConfigurationErrors SKIPPED
> Task :core:boundary:checkKotlinGradlePluginConfigurationErrors SKIPPED
> Task :core:entity:processResources NO-SOURCE
> Task :app:preBuild UP-TO-DATE
> Task :app:preDebugBuild UP-TO-DATE
> Task :core:control:processResources NO-SOURCE
> Task :core:audio:preBuild UP-TO-DATE
> Task :core:audio:preDebugBuild UP-TO-DATE
> Task :core:boundary:processResources NO-SOURCE
> Task :core:camera:preBuild UP-TO-DATE
> Task :core:camera:preDebugBuild UP-TO-DATE
> Task :core:audio:processDebugNavigationResources FROM-CACHE
> Task :core:data:preBuild UP-TO-DATE
> Task :core:data:preDebugBuild UP-TO-DATE
> Task :app:generateDebugResources FROM-CACHE
> Task :core:camera:processDebugNavigationResources FROM-CACHE
> Task :core:designsystem:preBuild UP-TO-DATE
> Task :core:designsystem:preDebugBuild UP-TO-DATE
> Task :core:data:processDebugNavigationResources FROM-CACHE
> Task :core:processing:preBuild UP-TO-DATE
> Task :core:processing:preDebugBuild UP-TO-DATE
> Task :app:packageDebugResources FROM-CACHE
> Task :core:sensors:preBuild UP-TO-DATE
> Task :core:sensors:preDebugBuild UP-TO-DATE
> Task :core:designsystem:processDebugNavigationResources FROM-CACHE
> Task :feature:camera:preBuild UP-TO-DATE
> Task :feature:camera:preDebugBuild UP-TO-DATE
> Task :core:sensors:processDebugNavigationResources FROM-CACHE
> Task :feature:gallery:preBuild UP-TO-DATE
> Task :feature:gallery:preDebugBuild UP-TO-DATE
> Task :core:processing:processDebugNavigationResources FROM-CACHE
> Task :feature:settings:preBuild UP-TO-DATE
> Task :feature:settings:preDebugBuild UP-TO-DATE
> Task :feature:camera:processDebugNavigationResources FROM-CACHE
> Task :feature:gallery:processDebugNavigationResources FROM-CACHE
> Task :core:camera:generateDebugResources FROM-CACHE
> Task :core:audio:generateDebugResources FROM-CACHE
> Task :core:audio:packageDebugResources FROM-CACHE
> Task :core:camera:packageDebugResources FROM-CACHE
> Task :feature:settings:processDebugNavigationResources
> Task :app:processDebugNavigationResources FROM-CACHE
> Task :core:pure:processResources NO-SOURCE
> Task :core:audio:parseDebugLocalResources FROM-CACHE
> Task :core:audio:generateDebugRFile FROM-CACHE
> Task :core:camera:parseDebugLocalResources FROM-CACHE
> Task :core:camera:generateDebugRFile FROM-CACHE
> Task :core:camera:javaPreCompileDebug FROM-CACHE
> Task :core:audio:javaPreCompileDebug FROM-CACHE
> Task :core:data:generateDebugResources FROM-CACHE
> Task :core:designsystem:generateDebugResources FROM-CACHE
> Task :core:designsystem:packageDebugResources FROM-CACHE
> Task :core:data:packageDebugResources FROM-CACHE
> Task :core:designsystem:parseDebugLocalResources FROM-CACHE
> Task :core:data:parseDebugLocalResources FROM-CACHE
> Task :core:designsystem:generateDebugRFile FROM-CACHE
> Task :core:designsystem:javaPreCompileDebug FROM-CACHE
> Task :core:processing:generateDebugResources FROM-CACHE
> Task :core:data:generateDebugRFile FROM-CACHE
> Task :core:processing:packageDebugResources FROM-CACHE
> Task :core:processing:parseDebugLocalResources FROM-CACHE
> Task :core:processing:generateDebugRFile FROM-CACHE
> Task :core:data:javaPreCompileDebug FROM-CACHE
> Task :core:sensors:generateDebugResources FROM-CACHE
> Task :core:processing:javaPreCompileDebug FROM-CACHE
> Task :feature:camera:generateDebugResources FROM-CACHE
> Task :core:sensors:packageDebugResources FROM-CACHE
> Task :feature:camera:packageDebugResources FROM-CACHE
> Task :core:sensors:parseDebugLocalResources FROM-CACHE
> Task :feature:camera:parseDebugLocalResources FROM-CACHE
> Task :core:sensors:generateDebugRFile FROM-CACHE
> Task :feature:camera:generateDebugRFile FROM-CACHE
> Task :feature:camera:javaPreCompileDebug FROM-CACHE
> Task :core:sensors:javaPreCompileDebug FROM-CACHE
> Task :feature:gallery:generateDebugResources FROM-CACHE
> Task :feature:settings:generateDebugResources
> Task :feature:gallery:packageDebugResources FROM-CACHE
> Task :feature:gallery:parseDebugLocalResources FROM-CACHE
> Task :feature:gallery:generateDebugRFile FROM-CACHE
> Task :feature:gallery:javaPreCompileDebug FROM-CACHE
> Task :core:audio:writeDebugAarMetadata
> Task :app:parseDebugLocalResources FROM-CACHE
> Task :core:camera:writeDebugAarMetadata
> Task :app:generateDebugRFile FROM-CACHE
> Task :core:data:writeDebugAarMetadata
> Task :core:designsystem:writeDebugAarMetadata
> Task :app:javaPreCompileDebug FROM-CACHE
> Task :core:processing:writeDebugAarMetadata
> Task :core:sensors:writeDebugAarMetadata
> Task :feature:camera:writeDebugAarMetadata
> Task :feature:gallery:writeDebugAarMetadata
> Task :core:audio:extractDeepLinksDebug FROM-CACHE
> Task :core:audio:processDebugManifest FROM-CACHE
> Task :core:camera:extractDeepLinksDebug FROM-CACHE
> Task :app:mapDebugSourceSetPaths
> Task :app:compileDebugNavigationResources FROM-CACHE
> Task :core:camera:processDebugManifest FROM-CACHE
> Task :core:data:extractDeepLinksDebug FROM-CACHE
> Task :app:createDebugCompatibleScreenManifests
> Task :app:extractDeepLinksDebug FROM-CACHE
> Task :core:data:processDebugManifest FROM-CACHE
> Task :core:designsystem:extractDeepLinksDebug FROM-CACHE
> Task :core:processing:extractDeepLinksDebug FROM-CACHE
> Task :core:designsystem:processDebugManifest FROM-CACHE
> Task :core:sensors:extractDeepLinksDebug FROM-CACHE
> Task :core:processing:processDebugManifest FROM-CACHE
> Task :feature:camera:extractDeepLinksDebug FROM-CACHE
> Task :core:sensors:processDebugManifest FROM-CACHE
> Task :feature:camera:processDebugManifest FROM-CACHE
> Task :feature:gallery:extractDeepLinksDebug FROM-CACHE
> Task :core:audio:mapDebugSourceSetPaths
> Task :feature:gallery:processDebugManifest FROM-CACHE
> Task :core:audio:compileDebugLibraryResources FROM-CACHE
> Task :core:camera:mapDebugSourceSetPaths
> Task :core:camera:compileDebugLibraryResources FROM-CACHE
> Task :core:data:mapDebugSourceSetPaths
> Task :core:data:compileDebugLibraryResources FROM-CACHE
> Task :core:designsystem:mapDebugSourceSetPaths
> Task :core:processing:mapDebugSourceSetPaths
> Task :core:designsystem:compileDebugLibraryResources FROM-CACHE
> Task :core:processing:compileDebugLibraryResources FROM-CACHE
> Task :core:sensors:mapDebugSourceSetPaths
> Task :feature:settings:packageDebugResources
> Task :core:sensors:compileDebugLibraryResources FROM-CACHE
> Task :feature:camera:mapDebugSourceSetPaths
> Task :feature:camera:compileDebugLibraryResources FROM-CACHE
> Task :feature:gallery:mapDebugSourceSetPaths
> Task :feature:settings:javaPreCompileDebug FROM-CACHE
> Task :feature:settings:writeDebugAarMetadata
> Task :feature:settings:extractDeepLinksDebug FROM-CACHE
> Task :feature:settings:processDebugManifest FROM-CACHE
> Task :feature:gallery:compileDebugLibraryResources FROM-CACHE
> Task :feature:settings:mapDebugSourceSetPaths
> Task :feature:settings:compileDebugLibraryResources
> Task :core:audio:generateDebugUnitTestAssets UP-TO-DATE
> Task :core:audio:generateDebugAssets UP-TO-DATE
> Task :core:audio:mergeDebugAssets
> Task :core:audio:preDebugUnitTestBuild UP-TO-DATE
> Task :feature:settings:parseDebugLocalResources
> Task :core:audio:mergeDebugUnitTestAssets
> Task :core:audio:checkDebugUnitTestAarMetadata
> Task :core:audio:mapDebugUnitTestSourceSetPaths
> Task :core:audio:generateDebugUnitTestResources FROM-CACHE
> Task :feature:settings:generateDebugRFile
> Task :core:camera:generateDebugUnitTestAssets UP-TO-DATE
> Task :core:camera:generateDebugAssets UP-TO-DATE
> Task :core:camera:mergeDebugAssets
> Task :core:camera:preDebugUnitTestBuild UP-TO-DATE
> Task :core:audio:mergeDebugUnitTestResources FROM-CACHE
> Task :core:camera:mergeDebugUnitTestAssets
> Task :core:camera:checkDebugUnitTestAarMetadata
> Task :core:camera:mapDebugUnitTestSourceSetPaths
> Task :core:camera:generateDebugUnitTestResources FROM-CACHE
> Task :core:camera:mergeDebugUnitTestResources FROM-CACHE
> Task :core:audio:mergeDebugUnitTestManifest
> Task :core:audio:processDebugUnitTestManifest
> Task :core:camera:mergeDebugUnitTestManifest
> Task :core:camera:processDebugUnitTestManifest
> Task :core:audio:processDebugUnitTestResources FROM-CACHE
> Task :core:camera:processDebugUnitTestResources FROM-CACHE
> Task :core:audio:packageDebugUnitTestForUnitTest
> Task :core:camera:packageDebugUnitTestForUnitTest
> Task :core:audio:generateDebugUnitTestConfig
> Task :core:camera:generateDebugUnitTestConfig
> Task :core:audio:koverFindJar
> Task :core:camera:koverFindJar
> Task :core:audio:javaPreCompileDebugUnitTest FROM-CACHE
> Task :core:camera:javaPreCompileDebugUnitTest FROM-CACHE
> Task :core:data:generateDebugUnitTestAssets UP-TO-DATE
> Task :core:data:generateDebugAssets UP-TO-DATE
> Task :core:boundary:processTestFixturesResources NO-SOURCE
> Task :core:designsystem:preDebugUnitTestBuild UP-TO-DATE
> Task :core:data:mergeDebugAssets
> Task :core:data:preDebugUnitTestBuild UP-TO-DATE
> Task :core:data:mergeDebugUnitTestAssets
> Task :core:data:checkDebugUnitTestAarMetadata
> Task :core:designsystem:checkDebugUnitTestAarMetadata
> Task :core:data:mapDebugUnitTestSourceSetPaths
> Task :core:designsystem:mapDebugUnitTestSourceSetPaths
> Task :core:data:generateDebugUnitTestResources FROM-CACHE
> Task :core:designsystem:generateDebugUnitTestResources FROM-CACHE
> Task :core:data:mergeDebugUnitTestResources FROM-CACHE
> Task :core:data:mergeDebugUnitTestManifest
> Task :core:data:processDebugUnitTestManifest
> Task :core:data:processDebugUnitTestResources FROM-CACHE
> Task :core:designsystem:mergeDebugUnitTestResources FROM-CACHE
> Task :core:data:packageDebugUnitTestForUnitTest
> Task :core:data:generateDebugUnitTestConfig
> Task :core:data:koverFindJar
> Task :core:data:javaPreCompileDebugUnitTest FROM-CACHE
> Task :core:processing:generateDebugUnitTestAssets UP-TO-DATE
> Task :core:processing:generateDebugAssets UP-TO-DATE
> Task :core:processing:mergeDebugAssets
> Task :core:processing:preDebugUnitTestBuild UP-TO-DATE
> Task :core:processing:mergeDebugUnitTestAssets
> Task :core:processing:checkDebugUnitTestAarMetadata
> Task :core:processing:mapDebugUnitTestSourceSetPaths
> Task :core:processing:generateDebugUnitTestResources FROM-CACHE
> Task :core:designsystem:mergeDebugUnitTestManifest
> Task :core:designsystem:processDebugUnitTestManifest
> Task :core:processing:mergeDebugUnitTestResources FROM-CACHE
> Task :core:designsystem:processDebugUnitTestResources FROM-CACHE
> Task :core:designsystem:javaPreCompileDebugUnitTest FROM-CACHE
> Task :core:designsystem:generateDebugUnitTestAssets UP-TO-DATE
> Task :core:designsystem:generateDebugAssets UP-TO-DATE
> Task :core:designsystem:mergeDebugAssets
> Task :app:checkDebugAarMetadata
> Task :core:designsystem:mergeDebugUnitTestAssets
> Task :core:designsystem:packageDebugUnitTestForUnitTest
> Task :core:designsystem:generateDebugUnitTestConfig
> Task :core:designsystem:koverFindJar
> Task :core:processing:mergeDebugUnitTestManifest
> Task :core:processing:processDebugUnitTestManifest
> Task :core:processing:processDebugUnitTestResources FROM-CACHE
> Task :core:processing:packageDebugUnitTestForUnitTest
> Task :core:processing:generateDebugUnitTestConfig
> Task :app:processDebugMainManifest
> Task :core:processing:koverFindJar
> Task :core:processing:javaPreCompileDebugUnitTest FROM-CACHE
> Task :core:sensors:generateDebugUnitTestAssets UP-TO-DATE
> Task :core:sensors:generateDebugAssets UP-TO-DATE
> Task :core:sensors:mergeDebugAssets
> Task :core:sensors:preDebugUnitTestBuild UP-TO-DATE
> Task :core:sensors:mergeDebugUnitTestAssets
> Task :app:processDebugManifest
> Task :core:sensors:checkDebugUnitTestAarMetadata
> Task :core:sensors:mapDebugUnitTestSourceSetPaths
> Task :app:preDebugUnitTestBuild UP-TO-DATE
> Task :app:javaPreCompileDebugUnitTest FROM-CACHE
> Task :app:processDebugManifestForPackage
> Task :feature:camera:generateDebugUnitTestAssets UP-TO-DATE
> Task :feature:camera:generateDebugAssets UP-TO-DATE
> Task :core:sensors:generateDebugUnitTestResources FROM-CACHE
> Task :feature:camera:mergeDebugAssets
> Task :feature:camera:preDebugUnitTestBuild UP-TO-DATE
> Task :core:sensors:mergeDebugUnitTestResources FROM-CACHE
> Task :feature:camera:mergeDebugUnitTestAssets
> Task :core:sensors:mergeDebugUnitTestManifest
> Task :core:sensors:processDebugUnitTestManifest
> Task :core:sensors:processDebugUnitTestResources FROM-CACHE
> Task :feature:camera:checkDebugUnitTestAarMetadata
> Task :core:sensors:packageDebugUnitTestForUnitTest
> Task :app:mergeDebugResources
> Task :feature:camera:mapDebugUnitTestSourceSetPaths
> Task :core:sensors:generateDebugUnitTestConfig
> Task :feature:camera:generateDebugUnitTestResources FROM-CACHE
> Task :core:sensors:koverFindJar
> Task :core:sensors:javaPreCompileDebugUnitTest FROM-CACHE
> Task :feature:gallery:generateDebugUnitTestAssets UP-TO-DATE
> Task :feature:gallery:generateDebugAssets UP-TO-DATE
> Task :feature:gallery:mergeDebugAssets
> Task :feature:gallery:preDebugUnitTestBuild UP-TO-DATE
> Task :feature:gallery:mergeDebugUnitTestAssets
> Task :feature:gallery:checkDebugUnitTestAarMetadata
> Task :feature:gallery:mapDebugUnitTestSourceSetPaths
> Task :feature:gallery:generateDebugUnitTestResources FROM-CACHE
> Task :feature:camera:mergeDebugUnitTestResources FROM-CACHE
> Task :feature:gallery:mergeDebugUnitTestResources FROM-CACHE
> Task :feature:camera:mergeDebugUnitTestManifest
> Task :feature:camera:processDebugUnitTestManifest
> Task :feature:gallery:mergeDebugUnitTestManifest
> Task :feature:gallery:processDebugUnitTestManifest
> Task :feature:gallery:processDebugUnitTestResources FROM-CACHE
> Task :feature:camera:processDebugUnitTestResources FROM-CACHE
> Task :feature:gallery:packageDebugUnitTestForUnitTest
> Task :feature:camera:packageDebugUnitTestForUnitTest
> Task :feature:gallery:generateDebugUnitTestConfig
> Task :feature:camera:generateDebugUnitTestConfig
> Task :feature:camera:koverFindJar
> Task :feature:gallery:koverFindJar
> Task :feature:camera:javaPreCompileDebugUnitTest FROM-CACHE
> Task :feature:settings:generateDebugUnitTestAssets UP-TO-DATE
> Task :feature:settings:generateDebugAssets UP-TO-DATE
> Task :feature:gallery:javaPreCompileDebugUnitTest FROM-CACHE
> Task :feature:settings:mergeDebugAssets
> Task :feature:settings:preDebugUnitTestBuild UP-TO-DATE
> Task :feature:settings:mergeDebugUnitTestAssets
> Task :feature:settings:checkDebugUnitTestAarMetadata
> Task :feature:settings:mapDebugUnitTestSourceSetPaths
> Task :feature:settings:generateDebugUnitTestResources FROM-CACHE
> Task :app:processDebugResources
> Task :feature:settings:mergeDebugUnitTestManifest
> Task :feature:settings:processDebugUnitTestManifest
> Task :feature:settings:koverFindJar
> Task :feature:settings:javaPreCompileDebugUnitTest FROM-CACHE
> Task :feature:settings:mergeDebugUnitTestResources
> Task :feature:settings:processDebugUnitTestResources
> Task :feature:settings:packageDebugUnitTestForUnitTest
> Task :feature:settings:generateDebugUnitTestConfig
> Task :core:pure:compileKotlin
> Task :core:pure:compileJava NO-SOURCE
> Task :core:pure:classes UP-TO-DATE
> Task :core:pure:jar
> Task :core:designsystem:compileDebugKotlin
> Task :core:designsystem:compileDebugJavaWithJavac NO-SOURCE
> Task :core:designsystem:bundleLibRuntimeToJarDebug
> Task :core:designsystem:bundleLibCompileToJarDebug
> Task :core:designsystem:processDebugJavaRes
> Task :core:designsystem:compileDebugUnitTestKotlin NO-SOURCE
> Task :core:designsystem:compileDebugUnitTestJavaWithJavac NO-SOURCE
> Task :core:designsystem:processDebugUnitTestJavaRes NO-SOURCE
> Task :core:designsystem:testDebugUnitTest NO-SOURCE
> Task :core:entity:compileKotlin
> Task :core:entity:compileJava NO-SOURCE
> Task :core:entity:classes UP-TO-DATE
> Task :core:entity:jar
> Task :core:boundary:compileKotlin
> Task :core:boundary:compileJava NO-SOURCE
> Task :core:boundary:classes UP-TO-DATE
> Task :core:boundary:jar

> Task :core:control:compileKotlin
w: file:///home/runner/work/CayResim/CayResim/core/control/src/main/kotlin/app/cayresim/core/control/NightUseCase.kt:94:56 Unnecessary safe call on a non-null receiver of type 'SeriesArchiveBoundary'.
w: file:///home/runner/work/CayResim/CayResim/core/control/src/main/kotlin/app/cayresim/core/control/NightUseCase.kt:124:62 Unnecessary safe call on a non-null receiver of type 'NightUseCase.SeriesRecorder'.

> Task :core:control:compileJava NO-SOURCE
> Task :core:control:classes UP-TO-DATE
> Task :core:control:jar
> Task :core:processing:kspDebugKotlin
> Task :core:audio:kspDebugKotlin
> Task :core:audio:compileDebugKotlin
> Task :core:camera:kspDebugKotlin

> Task :core:processing:compileDebugKotlin
w: file:///home/runner/work/CayResim/CayResim/core/processing/src/main/kotlin/app/cayresim/core/processing/TimelapseExporter.kt:24:71 'constructor(p0: (Mutable)List<EditedMediaItem>): EditedMediaItemSequence.Builder' is deprecated. Deprecated in Java.

> Task :core:data:kspDebugKotlin
> Task :core:audio:compileDebugJavaWithJavac
> Task :core:processing:compileDebugJavaWithJavac
> Task :core:audio:transformDebugClassesWithAsm
> Task :core:audio:bundleLibCompileToJarDebug
> Task :core:processing:transformDebugClassesWithAsm
> Task :core:processing:bundleLibCompileToJarDebug
> Task :core:data:compileDebugKotlin
> Task :core:sensors:kspDebugKotlin
> Task :core:data:compileDebugJavaWithJavac
> Task :core:data:transformDebugClassesWithAsm
> Task :core:data:bundleLibCompileToJarDebug
> Task :core:sensors:compileDebugKotlin
> Task :core:sensors:compileDebugJavaWithJavac
> Task :core:sensors:transformDebugClassesWithAsm
> Task :core:sensors:bundleLibCompileToJarDebug
> Task :feature:camera:kspDebugKotlin

> Task :core:camera:compileDebugKotlin
w: file:///home/runner/work/CayResim/CayResim/core/camera/src/main/kotlin/app/cayresim/core/camera/CameraXCameraAdapter.kt:1081:78 Unnecessary safe call on a non-null receiver of type 'CameraDevice'.

> Task :feature:gallery:kspDebugKotlin
> Task :core:camera:compileDebugJavaWithJavac
> Task :core:camera:transformDebugClassesWithAsm
> Task :core:camera:bundleLibCompileToJarDebug
> Task :core:camera:bundleLibRuntimeToJarDebug
> Task :core:data:bundleLibRuntimeToJarDebug
> Task :core:audio:bundleLibRuntimeToJarDebug
> Task :core:sensors:bundleLibRuntimeToJarDebug
> Task :core:processing:bundleLibRuntimeToJarDebug
> Task :core:audio:processDebugJavaRes
> Task :core:camera:processDebugJavaRes
> Task :core:data:processDebugJavaRes
> Task :core:processing:processDebugJavaRes
> Task :core:sensors:processDebugJavaRes
> Task :core:audio:kspDebugUnitTestKotlin NO-SOURCE
> Task :core:audio:compileDebugUnitTestKotlin NO-SOURCE
> Task :core:audio:processDebugUnitTestJavaRes NO-SOURCE
> Task :core:audio:compileDebugUnitTestJavaWithJavac NO-SOURCE
> Task :core:audio:hiltCollectClassesDebugUnitTest
> Task :core:audio:hiltAggregateDepsDebugUnitTest FROM-CACHE
> Task :core:audio:hiltJavaCompileDebugUnitTest NO-SOURCE
> Task :core:audio:transformDebugUnitTestClassesWithAsm
> Task :feature:settings:kspDebugKotlin
> Task :core:audio:testDebugUnitTest
> Task :core:camera:kspDebugUnitTestKotlin
> Task :core:camera:compileDebugUnitTestKotlin
> Task :core:camera:processDebugUnitTestJavaRes
> Task :core:camera:compileDebugUnitTestJavaWithJavac NO-SOURCE
> Task :core:camera:hiltCollectClassesDebugUnitTest
> Task :core:camera:hiltAggregateDepsDebugUnitTest FROM-CACHE
> Task :core:camera:hiltJavaCompileDebugUnitTest NO-SOURCE
> Task :core:camera:transformDebugUnitTestClassesWithAsm
> Task :feature:gallery:compileDebugKotlin
> Task :feature:gallery:compileDebugJavaWithJavac
> Task :feature:gallery:transformDebugClassesWithAsm
> Task :feature:gallery:bundleLibCompileToJarDebug
> Task :feature:gallery:bundleLibRuntimeToJarDebug
> Task :feature:gallery:processDebugJavaRes
> Task :core:camera:testDebugUnitTest
> Task :core:processing:kspDebugUnitTestKotlin NO-SOURCE
> Task :core:processing:compileDebugUnitTestKotlin NO-SOURCE
> Task :core:processing:processDebugUnitTestJavaRes NO-SOURCE
> Task :core:processing:compileDebugUnitTestJavaWithJavac NO-SOURCE
> Task :core:processing:hiltCollectClassesDebugUnitTest
> Task :core:processing:hiltAggregateDepsDebugUnitTest FROM-CACHE
> Task :core:processing:hiltJavaCompileDebugUnitTest NO-SOURCE
> Task :core:processing:transformDebugUnitTestClassesWithAsm
> Task :core:processing:testDebugUnitTest
> Task :core:sensors:kspDebugUnitTestKotlin NO-SOURCE
> Task :core:sensors:compileDebugUnitTestKotlin NO-SOURCE
> Task :core:sensors:processDebugUnitTestJavaRes NO-SOURCE
> Task :core:sensors:compileDebugUnitTestJavaWithJavac NO-SOURCE
> Task :core:sensors:hiltCollectClassesDebugUnitTest
> Task :core:sensors:hiltAggregateDepsDebugUnitTest FROM-CACHE
> Task :core:sensors:hiltJavaCompileDebugUnitTest NO-SOURCE
> Task :core:sensors:transformDebugUnitTestClassesWithAsm
> Task :core:sensors:testDebugUnitTest
> Task :feature:camera:compileDebugKotlin
> Task :feature:camera:compileDebugJavaWithJavac
> Task :feature:camera:processDebugJavaRes
> Task :feature:camera:transformDebugClassesWithAsm
> Task :feature:camera:bundleLibCompileToJarDebug
> Task :feature:camera:bundleLibRuntimeToJarDebug
> Task :core:boundary:compileTestFixturesKotlin
> Task :core:boundary:compileTestFixturesJava NO-SOURCE
> Task :core:boundary:testFixturesClasses UP-TO-DATE
> Task :core:boundary:testFixturesJar
> Task :core:data:kspDebugUnitTestKotlin
> Task :feature:camera:kspDebugUnitTestKotlin
> Task :feature:gallery:kspDebugUnitTestKotlin

> Task :feature:gallery:compileDebugUnitTestKotlin
w: file:///home/runner/work/CayResim/CayResim/feature/gallery/src/test/kotlin/app/cayresim/feature/gallery/GalleryTest.kt:43:29 'fun createComposeRule(effectContext: CoroutineContext = ...): ComposeContentTestRule' is deprecated. Use `androidx.compose.ui.test.junit4.v2.createComposeRule` instead. The v2 APIs use StandardTestDispatcher instead of UnconfinedTestDispatcher, which aligns with standard coroutine behavior by queuing tasks rather than executing them immediately. Tests relying on immediate execution may require explicit synchronization. Please refer to the migration guide for more details.
w: file:///home/runner/work/CayResim/CayResim/feature/gallery/src/test/kotlin/app/cayresim/feature/gallery/GalleryTest.kt:46:39 This declaration needs opt-in. Its usage should be marked with '@kotlinx.coroutines.ExperimentalCoroutinesApi' or '@OptIn(kotlinx.coroutines.ExperimentalCoroutinesApi::class)'
w: file:///home/runner/work/CayResim/CayResim/feature/gallery/src/test/kotlin/app/cayresim/feature/gallery/GalleryTest.kt:46:47 This declaration needs opt-in. Its usage should be marked with '@kotlinx.coroutines.ExperimentalCoroutinesApi' or '@OptIn(kotlinx.coroutines.ExperimentalCoroutinesApi::class)'
w: file:///home/runner/work/CayResim/CayResim/feature/gallery/src/test/kotlin/app/cayresim/feature/gallery/GalleryTest.kt:47:41 This declaration needs opt-in. Its usage should be marked with '@kotlinx.coroutines.ExperimentalCoroutinesApi' or '@OptIn(kotlinx.coroutines.ExperimentalCoroutinesApi::class)'

> Task :core:data:compileDebugUnitTestKotlin
> Task :core:data:processDebugUnitTestJavaRes
> Task :core:data:compileDebugUnitTestJavaWithJavac NO-SOURCE
> Task :core:data:hiltCollectClassesDebugUnitTest
> Task :core:data:hiltAggregateDepsDebugUnitTest FROM-CACHE
> Task :core:data:hiltJavaCompileDebugUnitTest NO-SOURCE
> Task :core:data:transformDebugUnitTestClassesWithAsm
> Task :feature:gallery:processDebugUnitTestJavaRes
> Task :feature:gallery:compileDebugUnitTestJavaWithJavac NO-SOURCE
> Task :feature:gallery:hiltCollectClassesDebugUnitTest
> Task :feature:settings:compileDebugKotlin
> Task :feature:gallery:hiltAggregateDepsDebugUnitTest FROM-CACHE
> Task :feature:gallery:hiltJavaCompileDebugUnitTest NO-SOURCE
> Task :feature:gallery:transformDebugUnitTestClassesWithAsm
> Task :feature:settings:compileDebugJavaWithJavac
> Task :feature:settings:transformDebugClassesWithAsm
> Task :feature:settings:bundleLibCompileToJarDebug

> Task :feature:camera:compileDebugUnitTestKotlin
w: file:///home/runner/work/CayResim/CayResim/feature/camera/src/test/kotlin/app/cayresim/feature/camera/control/CameraViewModelTest.kt:424:78 Unnecessary non-null assertion (!!) on a non-null receiver of type 'NightInfo'.
w: file:///home/runner/work/CayResim/CayResim/feature/camera/src/test/kotlin/app/cayresim/feature/camera/control/CameraViewModelTest.kt:426:42 Unnecessary non-null assertion (!!) on a non-null receiver of type 'NightInfo'.
w: file:///home/runner/work/CayResim/CayResim/feature/camera/src/test/kotlin/app/cayresim/feature/camera/control/CameraViewModelTest.kt:426:89 Unnecessary non-null assertion (!!) on a non-null receiver of type 'NightInfo'.
w: file:///home/runner/work/CayResim/CayResim/feature/camera/src/test/kotlin/app/cayresim/feature/camera/ui/CameraContentTest.kt:47:29 'fun createComposeRule(effectContext: CoroutineContext = ...): ComposeContentTestRule' is deprecated. Use `androidx.compose.ui.test.junit4.v2.createComposeRule` instead. The v2 APIs use StandardTestDispatcher instead of UnconfinedTestDispatcher, which aligns with standard coroutine behavior by queuing tasks rather than executing them immediately. Tests relying on immediate execution may require explicit synchronization. Please refer to the migration guide for more details.

> Task :feature:settings:bundleLibRuntimeToJarDebug
> Task :feature:settings:processDebugJavaRes
> Task :feature:camera:processDebugUnitTestJavaRes
> Task :feature:camera:compileDebugUnitTestJavaWithJavac NO-SOURCE
> Task :feature:camera:hiltCollectClassesDebugUnitTest
> Task :feature:camera:hiltAggregateDepsDebugUnitTest FROM-CACHE
> Task :feature:camera:hiltJavaCompileDebugUnitTest NO-SOURCE
> Task :feature:camera:transformDebugUnitTestClassesWithAsm
> Task :app:kspDebugKotlin
> Task :app:compileDebugKotlin
> Task :app:compileDebugJavaWithJavac
> Task :app:hiltCollectClassesDebug
> Task :app:hiltAggregateDepsDebug FROM-CACHE
> Task :core:data:testDebugUnitTest
> Task :feature:gallery:testDebugUnitTest
> Task :app:hiltJavaCompileDebug
> Task :app:transformDebugClassesWithAsm
> Task :app:bundleDebugClassesToRuntimeJar
> Task :app:processDebugJavaRes
> Task :app:bundleDebugClassesToCompileJar
> Task :app:kspDebugUnitTestKotlin
> Task :feature:camera:testDebugUnitTest
> Task :app:compileDebugUnitTestKotlin
> Task :app:processDebugUnitTestJavaRes
> Task :app:compileDebugUnitTestJavaWithJavac NO-SOURCE
> Task :app:hiltCollectClassesDebugUnitTest
> Task :app:hiltAggregateDepsDebugUnitTest FROM-CACHE
> Task :app:hiltJavaCompileDebugUnitTest NO-SOURCE
> Task :app:transformDebugUnitTestClassesWithAsm
> Task :app:testDebugUnitTest
> Task :feature:settings:kspDebugUnitTestKotlin

> Task :feature:settings:compileDebugUnitTestKotlin
w: file:///home/runner/work/CayResim/CayResim/feature/settings/src/test/kotlin/app/cayresim/feature/settings/MicTestTest.kt:56:29 'fun createComposeRule(effectContext: CoroutineContext = ...): ComposeContentTestRule' is deprecated. Use `androidx.compose.ui.test.junit4.v2.createComposeRule` instead. The v2 APIs use StandardTestDispatcher instead of UnconfinedTestDispatcher, which aligns with standard coroutine behavior by queuing tasks rather than executing them immediately. Tests relying on immediate execution may require explicit synchronization. Please refer to the migration guide for more details.
w: file:///home/runner/work/CayResim/CayResim/feature/settings/src/test/kotlin/app/cayresim/feature/settings/MicTestTest.kt:57:24 This declaration needs opt-in. Its usage should be marked with '@kotlinx.coroutines.ExperimentalCoroutinesApi' or '@OptIn(kotlinx.coroutines.ExperimentalCoroutinesApi::class)'
w: file:///home/runner/work/CayResim/CayResim/feature/settings/src/test/kotlin/app/cayresim/feature/settings/MicTestTest.kt:58:39 This declaration needs opt-in. Its usage should be marked with '@kotlinx.coroutines.ExperimentalCoroutinesApi' or '@OptIn(kotlinx.coroutines.ExperimentalCoroutinesApi::class)'
w: file:///home/runner/work/CayResim/CayResim/feature/settings/src/test/kotlin/app/cayresim/feature/settings/MicTestTest.kt:59:41 This declaration needs opt-in. Its usage should be marked with '@kotlinx.coroutines.ExperimentalCoroutinesApi' or '@OptIn(kotlinx.coroutines.ExperimentalCoroutinesApi::class)'
w: file:///home/runner/work/CayResim/CayResim/feature/settings/src/test/kotlin/app/cayresim/feature/settings/MicTestTest.kt:201:24 This declaration needs opt-in. Its usage should be marked with '@kotlinx.coroutines.ExperimentalCoroutinesApi' or '@OptIn(kotlinx.coroutines.ExperimentalCoroutinesApi::class)'
w: file:///home/runner/work/CayResim/CayResim/feature/settings/src/test/kotlin/app/cayresim/feature/settings/SelfTestTest.kt:47:29 'fun createComposeRule(effectContext: CoroutineContext = ...): ComposeContentTestRule' is deprecated. Use `androidx.compose.ui.test.junit4.v2.createComposeRule` instead. The v2 APIs use StandardTestDispatcher instead of UnconfinedTestDispatcher, which aligns with standard coroutine behavior by queuing tasks rather than executing them immediately. Tests relying on immediate execution may require explicit synchronization. Please refer to the migration guide for more details.
w: file:///home/runner/work/CayResim/CayResim/feature/settings/src/test/kotlin/app/cayresim/feature/settings/SelfTestTest.kt:52:24 This declaration needs opt-in. Its usage should be marked with '@kotlinx.coroutines.ExperimentalCoroutinesApi' or '@OptIn(kotlinx.coroutines.ExperimentalCoroutinesApi::class)'
w: file:///home/runner/work/CayResim/CayResim/feature/settings/src/test/kotlin/app/cayresim/feature/settings/SelfTestTest.kt:53:39 This declaration needs opt-in. Its usage should be marked with '@kotlinx.coroutines.ExperimentalCoroutinesApi' or '@OptIn(kotlinx.coroutines.ExperimentalCoroutinesApi::class)'
w: file:///home/runner/work/CayResim/CayResim/feature/settings/src/test/kotlin/app/cayresim/feature/settings/SelfTestTest.kt:54:41 This declaration needs opt-in. Its usage should be marked with '@kotlinx.coroutines.ExperimentalCoroutinesApi' or '@OptIn(kotlinx.coroutines.ExperimentalCoroutinesApi::class)'
w: file:///home/runner/work/CayResim/CayResim/feature/settings/src/test/kotlin/app/cayresim/feature/settings/SelfTestTest.kt:132:72 Unnecessary non-null assertion (!!) on a non-null receiver of type 'RawProbeUi'.
w: file:///home/runner/work/CayResim/CayResim/feature/settings/src/test/kotlin/app/cayresim/feature/settings/SettingsAndGuideTest.kt:35:29 'fun createComposeRule(effectContext: CoroutineContext = ...): ComposeContentTestRule' is deprecated. Use `androidx.compose.ui.test.junit4.v2.createComposeRule` instead. The v2 APIs use StandardTestDispatcher instead of UnconfinedTestDispatcher, which aligns with standard coroutine behavior by queuing tasks rather than executing them immediately. Tests relying on immediate execution may require explicit synchronization. Please refer to the migration guide for more details.
w: file:///home/runner/work/CayResim/CayResim/feature/settings/src/test/kotlin/app/cayresim/feature/settings/SweepTest.kt:57:29 'fun createComposeRule(effectContext: CoroutineContext = ...): ComposeContentTestRule' is deprecated. Use `androidx.compose.ui.test.junit4.v2.createComposeRule` instead. The v2 APIs use StandardTestDispatcher instead of UnconfinedTestDispatcher, which aligns with standard coroutine behavior by queuing tasks rather than executing them immediately. Tests relying on immediate execution may require explicit synchronization. Please refer to the migration guide for more details.
w: file:///home/runner/work/CayResim/CayResim/feature/settings/src/test/kotlin/app/cayresim/feature/settings/SweepTest.kt:58:24 This declaration needs opt-in. Its usage should be marked with '@kotlinx.coroutines.ExperimentalCoroutinesApi' or '@OptIn(kotlinx.coroutines.ExperimentalCoroutinesApi::class)'
w: file:///home/runner/work/CayResim/CayResim/feature/settings/src/test/kotlin/app/cayresim/feature/settings/SweepTest.kt:59:39 This declaration needs opt-in. Its usage should be marked with '@kotlinx.coroutines.ExperimentalCoroutinesApi' or '@OptIn(kotlinx.coroutines.ExperimentalCoroutinesApi::class)'
w: file:///home/runner/work/CayResim/CayResim/feature/settings/src/test/kotlin/app/cayresim/feature/settings/SweepTest.kt:60:41 This declaration needs opt-in. Its usage should be marked with '@kotlinx.coroutines.ExperimentalCoroutinesApi' or '@OptIn(kotlinx.coroutines.ExperimentalCoroutinesApi::class)'

> Task :feature:settings:processDebugUnitTestJavaRes
> Task :feature:settings:compileDebugUnitTestJavaWithJavac NO-SOURCE
> Task :feature:settings:hiltCollectClassesDebugUnitTest
> Task :feature:settings:hiltAggregateDepsDebugUnitTest FROM-CACHE
> Task :feature:settings:hiltJavaCompileDebugUnitTest NO-SOURCE
> Task :feature:settings:transformDebugUnitTestClassesWithAsm
> Task :feature:gallery:finalizeTestRoborazziDebug
> Task :feature:gallery:verifyAndRecordRoborazziDebug
> Task :feature:settings:testDebugUnitTest
> Task :feature:camera:finalizeTestRoborazziDebug
> Task :feature:camera:verifyAndRecordRoborazziDebug
> Task :feature:settings:finalizeTestRoborazziDebug
> Task :feature:settings:verifyAndRecordRoborazziDebug
gradle/actions: Writing build results to /home/runner/work/_temp/.gradle-actions/build-results/__run-1791667057203.json

[Incubating] Problems report is available at: file:///home/runner/work/CayResim/CayResim/build/reports/problems/problems-report.html

Deprecated Gradle features were used in this build, making it incompatible with Gradle 10.

You can use '--warning-mode all' to show the individual deprecation warnings and determine if they come from your own scripts or plugins.

For more on this, please refer to https://docs.gradle.org/9.8.0/userguide/command_line_interface.html#sec:command_line_warnings in the Gradle documentation.

BUILD SUCCESSFUL in 3m 9s
369 actionable tasks: 235 executed, 134 from cache
Consider enabling configuration cache to speed up this build: https://docs.gradle.org/9.8.0/userguide/configuration_cache_enabling.html
