/home/runner/work/CayResim/CayResim/core/camera/src/main/kotlin/app/cayresim/core/camera/CameraXCameraAdapter.kt:1158:22: This else block is empty and can be removed. [EmptyElseBlock]
/home/runner/work/CayResim/CayResim/core/pure/src/main/kotlin/app/cayresim/core/pure/ImageQuality.kt:105:65: This else block is empty and can be removed. [EmptyElseBlock]
/home/runner/work/CayResim/CayResim/core/camera/src/main/kotlin/app/cayresim/core/camera/CameraXCameraAdapter.kt:174:22: The caught exception is too generic. Prefer catching specific exceptions to the case that is currently handled. [TooGenericExceptionCaught]
/home/runner/work/CayResim/CayResim/core/camera/src/main/kotlin/app/cayresim/core/camera/CameraXCameraAdapter.kt:332:14: The caught exception is too generic. Prefer catching specific exceptions to the case that is currently handled. [TooGenericExceptionCaught]
/home/runner/work/CayResim/CayResim/core/camera/src/main/kotlin/app/cayresim/core/camera/CameraXCameraAdapter.kt:689:18: The caught exception is too generic. Prefer catching specific exceptions to the case that is currently handled. [TooGenericExceptionCaught]
/home/runner/work/CayResim/CayResim/core/camera/src/main/kotlin/app/cayresim/core/camera/CameraXCameraAdapter.kt:893:26: The caught exception is too generic. Prefer catching specific exceptions to the case that is currently handled. [TooGenericExceptionCaught]
/home/runner/work/CayResim/CayResim/core/camera/src/main/kotlin/app/cayresim/core/camera/CameraXCameraAdapter.kt:1041:18: The caught exception is too generic. Prefer catching specific exceptions to the case that is currently handled. [TooGenericExceptionCaught]
/home/runner/work/CayResim/CayResim/core/camera/src/main/kotlin/app/cayresim/core/camera/CameraXCameraAdapter.kt:1090:22: The caught exception is too generic. Prefer catching specific exceptions to the case that is currently handled. [TooGenericExceptionCaught]
/home/runner/work/CayResim/CayResim/core/camera/src/main/kotlin/app/cayresim/core/camera/CameraXCameraAdapter.kt:1110:26: The caught exception is too generic. Prefer catching specific exceptions to the case that is currently handled. [TooGenericExceptionCaught]
/home/runner/work/CayResim/CayResim/core/camera/src/main/kotlin/app/cayresim/core/camera/CameraXCameraAdapter.kt:174:22: The caught exception is swallowed. The original exception could be lost. [SwallowedException]
/home/runner/work/CayResim/CayResim/core/camera/src/main/kotlin/app/cayresim/core/camera/CameraXCameraAdapter.kt:332:14: The caught exception is swallowed. The original exception could be lost. [SwallowedException]
/home/runner/work/CayResim/CayResim/core/camera/src/main/kotlin/app/cayresim/core/camera/CameraXCameraAdapter.kt:689:18: The caught exception is swallowed. The original exception could be lost. [SwallowedException]
/home/runner/work/CayResim/CayResim/core/camera/src/main/kotlin/app/cayresim/core/camera/CameraXCameraAdapter.kt:893:26: The caught exception is swallowed. The original exception could be lost. [SwallowedException]
/home/runner/work/CayResim/CayResim/core/camera/src/main/kotlin/app/cayresim/core/camera/CameraXCameraAdapter.kt:1041:18: The caught exception is swallowed. The original exception could be lost. [SwallowedException]
/home/runner/work/CayResim/CayResim/core/camera/src/main/kotlin/app/cayresim/core/camera/CameraXCameraAdapter.kt:1090:22: The caught exception is swallowed. The original exception could be lost. [SwallowedException]
/home/runner/work/CayResim/CayResim/core/camera/src/main/kotlin/app/cayresim/core/camera/CameraXCameraAdapter.kt:1110:26: The caught exception is swallowed. The original exception could be lost. [SwallowedException]
/home/runner/work/CayResim/CayResim/core/processing/src/main/kotlin/app/cayresim/core/processing/GlProcessingAdapter.kt:114:18: The caught exception is too generic. Prefer catching specific exceptions to the case that is currently handled. [TooGenericExceptionCaught]
/home/runner/work/CayResim/CayResim/core/processing/src/main/kotlin/app/cayresim/core/processing/GlProcessingAdapter.kt:136:18: The caught exception is too generic. Prefer catching specific exceptions to the case that is currently handled. [TooGenericExceptionCaught]
/home/runner/work/CayResim/CayResim/core/processing/src/main/kotlin/app/cayresim/core/processing/GlProcessingAdapter.kt:175:18: The caught exception is too generic. Prefer catching specific exceptions to the case that is currently handled. [TooGenericExceptionCaught]
/home/runner/work/CayResim/CayResim/core/processing/src/main/kotlin/app/cayresim/core/processing/GlProcessingAdapter.kt:114:18: The caught exception is swallowed. The original exception could be lost. [SwallowedException]
/home/runner/work/CayResim/CayResim/core/processing/src/main/kotlin/app/cayresim/core/processing/GlProcessingAdapter.kt:136:18: The caught exception is swallowed. The original exception could be lost. [SwallowedException]
/home/runner/work/CayResim/CayResim/core/processing/src/main/kotlin/app/cayresim/core/processing/GlProcessingAdapter.kt:175:18: The caught exception is swallowed. The original exception could be lost. [SwallowedException]
/home/runner/work/CayResim/CayResim/core/processing/src/main/kotlin/app/cayresim/core/processing/GlProcessingAdapter.kt:177:18: The caught exception is swallowed. The original exception could be lost. [SwallowedException]

Analysis failed with 23 weighted issues.
